Archive member included to satisfy reference by file (symbol)

C:/Program Files/SEGGER/SEGGER Embedded Studio for ARM 4.30a/lib/libc_v7em_fpv4_sp_d16_hard_t_le_eabi.a(libc2.o)
                              Output/uart_pca10040 Release/Obj/main.o (printf)
C:/Program Files/SEGGER/SEGGER Embedded Studio for ARM 4.30a/lib/libc_v7em_fpv4_sp_d16_hard_t_le_eabi.a(libc2_asm.o)
                              Output/uart_pca10040 Release/Obj/nrf_memobj.o (memcpy)
C:/Program Files/SEGGER/SEGGER Embedded Studio for ARM 4.30a/lib/libc_v7em_fpv4_sp_d16_hard_t_le_eabi.a(libc.o)
                              C:/Program Files/SEGGER/SEGGER Embedded Studio for ARM 4.30a/lib/libc_v7em_fpv4_sp_d16_hard_t_le_eabi.a(libc2.o) (__heap_lock)
C:/Program Files/SEGGER/SEGGER Embedded Studio for ARM 4.30a/lib/libc_v7em_fpv4_sp_d16_hard_t_le_eabi.a(libc_asm.o)
                              C:/Program Files/SEGGER/SEGGER Embedded Studio for ARM 4.30a/lib/libc_v7em_fpv4_sp_d16_hard_t_le_eabi.a(libc2.o) (__aeabi_uldivmod)
C:/Program Files/SEGGER/SEGGER Embedded Studio for ARM 4.30a/lib/libdebugio_v7em_fpv4_sp_d16_hard_t_le_eabi.a(libdebugio.o)
                              Output/uart_pca10040 Release/Obj/thumb_crt0.o (debug_fopen)
C:/Program Files/SEGGER/SEGGER Embedded Studio for ARM 4.30a/lib/libdebugio_mempoll_v7em_fpv4_sp_d16_hard_t_le_eabi.a(mempoll_debug_operations.o)
                              C:/Program Files/SEGGER/SEGGER Embedded Studio for ARM 4.30a/lib/libdebugio_v7em_fpv4_sp_d16_hard_t_le_eabi.a(libdebugio.o) (__do_debug_operation)
C:/Program Files/SEGGER/SEGGER Embedded Studio for ARM 4.30a/lib/libdebugio_mempoll_v7em_fpv4_sp_d16_hard_t_le_eabi.a(do_nv_debug_operation.o)
                              C:/Program Files/SEGGER/SEGGER Embedded Studio for ARM 4.30a/lib/libdebugio_v7em_fpv4_sp_d16_hard_t_le_eabi.a(libdebugio.o) (__do_nvdebug_operation)
C:/Program Files/SEGGER/SEGGER Embedded Studio for ARM 4.30a/lib/libm_v7em_fpv4_sp_d16_hard_t_le_eabi.a(libm_asm.o)
                              C:/Program Files/SEGGER/SEGGER Embedded Studio for ARM 4.30a/lib/libc_v7em_fpv4_sp_d16_hard_t_le_eabi.a(libc2.o) (__aeabi_dadd)
C:/Program Files/SEGGER/SEGGER Embedded Studio for ARM 4.30a/lib/libm_v7em_fpv4_sp_d16_hard_t_le_eabi.a(libm2.o)
                              C:/Program Files/SEGGER/SEGGER Embedded Studio for ARM 4.30a/lib/libvfprintf_v7em_fpv4_sp_d16_hard_t_le_eabi.o (frexp)

Discarded input sections

 .text          0x0000000000000000        0x0 Output/uart_pca10040 Release/Obj/thumb_crt0.o
 .data          0x0000000000000000        0x0 Output/uart_pca10040 Release/Obj/thumb_crt0.o
 .bss           0x0000000000000000        0x0 Output/uart_pca10040 Release/Obj/thumb_crt0.o
 .text.__aeabi_read_tp
                0x0000000000000000        0x8 Output/uart_pca10040 Release/Obj/thumb_crt0.o
 .text.abort    0x0000000000000000        0x2 Output/uart_pca10040 Release/Obj/thumb_crt0.o
 .text.__assert
                0x0000000000000000        0x2 Output/uart_pca10040 Release/Obj/thumb_crt0.o
 .text.__aeabi_assert
                0x0000000000000000        0x2 Output/uart_pca10040 Release/Obj/thumb_crt0.o
 .text.__sync_synchronize
                0x0000000000000000        0x2 Output/uart_pca10040 Release/Obj/thumb_crt0.o
 .text.__getchar
                0x0000000000000000        0x4 Output/uart_pca10040 Release/Obj/thumb_crt0.o
 .text.__putchar
                0x0000000000000000        0x4 Output/uart_pca10040 Release/Obj/thumb_crt0.o
 .text.__open   0x0000000000000000        0x4 Output/uart_pca10040 Release/Obj/thumb_crt0.o
 .text.__close  0x0000000000000000        0x4 Output/uart_pca10040 Release/Obj/thumb_crt0.o
 .text.__write  0x0000000000000000        0xa Output/uart_pca10040 Release/Obj/thumb_crt0.o
 .text.__read   0x0000000000000000        0xa Output/uart_pca10040 Release/Obj/thumb_crt0.o
 .text.__seek   0x0000000000000000       0x1a Output/uart_pca10040 Release/Obj/thumb_crt0.o
 .bss.__user_locale_name_buffer
                0x0000000000000000        0x4 Output/uart_pca10040 Release/Obj/thumb_crt0.o
 .stack         0x0000000000000000        0x0 Output/uart_pca10040 Release/Obj/thumb_crt0.o
 .stack_process
                0x0000000000000000        0x0 Output/uart_pca10040 Release/Obj/thumb_crt0.o
 .heap          0x0000000000000000        0x0 Output/uart_pca10040 Release/Obj/thumb_crt0.o
 .group         0x0000000000000000        0xc Output/uart_pca10040 Release/Obj/nrf_log_frontend.o
 .group         0x0000000000000000        0xc Output/uart_pca10040 Release/Obj/nrf_log_frontend.o
 .group         0x0000000000000000        0xc Output/uart_pca10040 Release/Obj/nrf_log_frontend.o
 .group         0x0000000000000000        0xc Output/uart_pca10040 Release/Obj/nrf_log_frontend.o
 .group         0x0000000000000000        0xc Output/uart_pca10040 Release/Obj/nrf_log_frontend.o
 .group         0x0000000000000000        0xc Output/uart_pca10040 Release/Obj/nrf_log_frontend.o
[...]
Memory Configuration

Name             Origin             Length             Attributes
UNPLACED_SECTIONS 0x0000000100000000 0x0000000000000000 xw
RAM              0x0000000020000000 0x0000000000010000 xw
FLASH            0x0000000000000000 0x0000000000080000 xw
*default*        0x0000000000000000 0xffffffffffffffff

Linker script and memory map

                0x0000000000001648                __vfprintf = __vfprintf_long
                0x0000000000000000                __vfscanf = __vfscanf_long
                0x0000000020000000                __RAM_segment_start__ = 0x20000000
                0x0000000020010000                __RAM_segment_end__ = 0x20010000
                0x0000000000010000                __RAM_segment_size__ = 0x10000
                0x0000000000000000                __FLASH_segment_start__ = 0x0
                0x0000000000080000                __FLASH_segment_end__ = 0x80000
                0x0000000000080000                __FLASH_segment_size__ = 0x80000
                0x0000000000002000                __HEAPSIZE__ = 0x2000
                0x0000000000000000                __STACKSIZE_PROCESS__ = 0x0
                0x0000000000002000                __STACKSIZE__ = 0x2000
                0x0000000020000000                __vectors_ram_load_start__ = 0x20000000

.vectors_ram    0x0000000020000000        0x0
                0x0000000020000000                __vectors_ram_start__ = .
                0x0000000020000000                __app_ram_start__ = __vectors_ram_start__
 *(.vectors_ram .vectors_ram.*)
                0x0000000020000000                __vectors_ram_end__ = (__vectors_ram_start__ + SIZEOF (.vectors_ram))
                0x0000000000000000                __vectors_ram_size__ = SIZEOF (.vectors_ram)
                0x0000000020000000                __vectors_ram_load_end__ = __vectors_ram_end__
                0x0000000000000001                . = ASSERT (((__vectors_ram_start__ == __vectors_ram_end__) || ((__vectors_ram_end__ - __RAM_segment_start__) <= __RAM_segment_size__)), error: .vectors_ram is too large to fit in RAM memory segment)
                0x0000000020000000                __nrf_sections_run_load_start__ = ALIGN (__vectors_ram_end__, 0x4)

.nrf_sections_run
                0x0000000020000000        0x0
                0x0000000020000000                __nrf_sections_run_start__ = .
                0x0000000020000000                __start_nrf_sections_run = __nrf_sections_run_start__
 *(.nrf_sections_run .nrf_sections_run.*)
                0x0000000020000000                __nrf_sections_run_end__ = (__nrf_sections_run_start__ + SIZEOF (.nrf_sections_run))
                0x0000000000000000                __nrf_sections_run_size__ = SIZEOF (.nrf_sections_run)
                0x0000000020000000                __nrf_sections_run_load_end__ = __nrf_sections_run_end__
                0x0000000000000001                . = ASSERT (((__nrf_sections_run_start__ == __nrf_sections_run_end__) || ((__nrf_sections_run_end__ - __RAM_segment_start__) <= __RAM_segment_size__)), error: .nrf_sections_run is too large to fit in RAM memory segment)
                0x0000000000000000                __vectors_load_start__ = 0x0

.vectors        0x0000000000000000      0x200
                0x0000000000000000                __vectors_start__ = .
 *(.vectors .vectors.*)
 .vectors       0x0000000000000000      0x200 Output/uart_pca10040 Release/Obj/ses_startup_nrf52.o
                0x0000000000000000                _vectors
                0x0000000000000200                __vectors_end__ = (__vectors_start__ + SIZEOF (.vectors))
                0x0000000000000200                __vectors_size__ = SIZEOF (.vectors)
                0x0000000000000200                __vectors_load_end__ = __vectors_end__
                0x0000000000000001                . = ASSERT (((__vectors_start__ == __vectors_end__) || ((__vectors_end__ - __FLASH_segment_start__) <= __FLASH_segment_size__)), error: .vectors is too large to fit in FLASH memory segment)
                0x0000000000000200                __init_load_start__ = ALIGN (__vectors_end__, 0x4)

.init           0x0000000000000200      0x1d0
                0x0000000000000200                __init_start__ = .
 *(.init .init.*)
 .init          0x0000000000000200      0x15c Output/uart_pca10040 Release/Obj/thumb_crt0.o
                0x0000000000000200                _start
                0x00000000000002b4                exit
 .init          0x000000000000035c       0x18 Output/uart_pca10040 Release/Obj/ses_startup_nrf52.o
                0x000000000000035c                NMI_Handler
                0x000000000000035e                HardFault_Handler
                0x0000000000000360                MemoryManagement_Handler
                0x0000000000000362                BusFault_Handler
                0x0000000000000364                UsageFault_Handler
                0x0000000000000366                SVC_Handler
                0x0000000000000368                DebugMon_Handler
                0x000000000000036a                PendSV_Handler
                0x000000000000036c                SysTick_Handler
                0x000000000000036e                PWM1_IRQHandler
                0x000000000000036e                GPIOTE_IRQHandler
                0x000000000000036e                SWI0_EGU0_IRQHandler
                0x000000000000036e                POWER_CLOCK_IRQHandler
                0x000000000000036e                RADIO_IRQHandler
                0x000000000000036e                PDM_IRQHandler
                0x000000000000036e                TEMP_IRQHandler
                0x000000000000036e                QDEC_IRQHandler
                0x000000000000036e                RTC0_IRQHandler
                0x000000000000036e                FPU_IRQHandler
                0x000000000000036e                SPIM0_SPIS0_TWIM0_TWIS0_SPI0_TWI0_IRQHandler
                0x000000000000036e                SWI2_EGU2_IRQHandler
                0x000000000000036e                TIMER4_IRQHandler
                0x000000000000036e                I2S_IRQHandler
                0x000000000000036e                SWI4_EGU4_IRQHandler
                0x000000000000036e                TIMER0_IRQHandler
                0x000000000000036e                Dummy_Handler
                0x000000000000036e                TIMER1_IRQHandler
                0x000000000000036e                PWM2_IRQHandler
                0x000000000000036e                ECB_IRQHandler
                0x000000000000036e                SPIM1_SPIS1_TWIM1_TWIS1_SPI1_TWI1_IRQHandler
                0x000000000000036e                SAADC_IRQHandler
                0x000000000000036e                CCM_AAR_IRQHandler
                0x000000000000036e                WDT_IRQHandler
                0x000000000000036e                TIMER3_IRQHandler
                0x000000000000036e                SWI5_EGU5_IRQHandler
                0x000000000000036e                RNG_IRQHandler
                0x000000000000036e                RTC2_IRQHandler
                0x000000000000036e                PWM0_IRQHandler
                0x000000000000036e                SWI3_EGU3_IRQHandler
                0x000000000000036e                RTC1_IRQHandler
                0x000000000000036e                SWI1_EGU1_IRQHandler
                0x000000000000036e                SPIM2_SPIS2_SPI2_IRQHandler
                0x000000000000036e                NFCT_IRQHandler
                0x000000000000036e                TIMER2_IRQHandler
                0x000000000000036e                MWU_IRQHandler
                0x000000000000036e                COMP_LPCOMP_IRQHandler
                0x0000000000000370                nRFInitialize
 .init          0x0000000000000374       0x5c Output/uart_pca10040 Release/Obj/ses_startup_nrf_common.o
                0x0000000000000374                Reset_Handler
                0x0000000000000378                afterInitialize
                0x000000000000039c                InitializeUserMemorySections
                0x00000000000003d0                __init_end__ = (__init_start__ + SIZEOF (.init))
                0x00000000000001d0                __init_size__ = SIZEOF (.init)
                0x00000000000003d0                __init_load_end__ = __init_end__
                0x0000000000000001                . = ASSERT (((__init_start__ == __init_end__) || ((__init_end__ - __FLASH_segment_start__) <= __FLASH_segment_size__)), error: .init is too large to fit in FLASH memory segment)
                0x00000000000003d0                __init_rodata_load_start__ = ALIGN (__init_end__, 0x4)

.init_rodata    0x00000000000003d0        0x0
                0x00000000000003d0                __init_rodata_start__ = .
 *(.init_rodata .init_rodata.*)
                0x00000000000003d0                __init_rodata_end__ = (__init_rodata_start__ + SIZEOF (.init_rodata))
                0x0000000000000000                __init_rodata_size__ = SIZEOF (.init_rodata)
                0x00000000000003d0                __init_rodata_load_end__ = __init_rodata_end__
                0x0000000000000001                . = ASSERT (((__init_rodata_start__ == __init_rodata_end__) || ((__init_rodata_end__ - __FLASH_segment_start__) <= __FLASH_segment_size__)), error: .init_rodata is too large to fit in FLASH memory segment)
                0x00000000000003d0                __text_load_start__ = ALIGN (__init_rodata_end__, 0x4)

.text           0x00000000000003d0     0x19bc
                0x00000000000003d0                __text_start__ = .
 *(.text .text.* .glue_7t .glue_7 .gnu.linkonce.t.* .gcc_except_table .ARM.extab* .gnu.linkonce.armextab.*)
 .glue_7        0x00000000000003d0        0x0 linker stubs
 .glue_7t       0x00000000000003d0        0x0 linker stubs
 .text.bsp_board_led_off
                0x00000000000003d0       0x18 Output/uart_pca10040 Release/Obj/boards.o
                0x00000000000003d0                bsp_board_led_off
 .text.bsp_board_leds_off
                0x00000000000003e8       0x1e Output/uart_pca10040 Release/Obj/boards.o
                0x00000000000003e8                bsp_board_leds_off
 .text.bsp_board_init
                0x0000000000000406       0x3e Output/uart_pca10040 Release/Obj/boards.o
                0x0000000000000406                bsp_board_init
 .text.app_error_handler_bare
                0x0000000000000444       0x1a Output/uart_pca10040 Release/Obj/app_error.o
                0x0000000000000444                app_error_handler_bare
 *fill*         0x000000000000045e        0x2 
 .text.app_error_fault_handler
                0x0000000000000460       0x34 Output/uart_pca10040 Release/Obj/app_error_weak.o
                0x0000000000000460                app_error_fault_handler
 .text.app_fifo_init
                0x0000000000000494       0x1e Output/uart_pca10040 Release/Obj/app_fifo.o
                0x0000000000000494                app_fifo_init
 .text.app_fifo_put
                0x00000000000004b2       0x24 Output/uart_pca10040 Release/Obj/app_fifo.o
                0x00000000000004b2                app_fifo_put
 .text.app_fifo_get
                0x00000000000004d6       0x22 Output/uart_pca10040 Release/Obj/app_fifo.o
                0x00000000000004d6                app_fifo_get
 .text.nrf_drv_uart_rx.constprop.0
                0x00000000000004f8       0x28 Output/uart_pca10040 Release/Obj/app_uart_fifo.o
 .text.nrf_drv_uart_tx.constprop.2
                0x0000000000000520       0x28 Output/uart_pca10040 Release/Obj/app_uart_fifo.o
 .text.uart_event_handler
                0x0000000000000548       0xa0 Output/uart_pca10040 Release/Obj/app_uart_fifo.o
 .text.app_uart_init
                0x00000000000005e8       0xb0 Output/uart_pca10040 Release/Obj/app_uart_fifo.o
                0x00000000000005e8                app_uart_init
 .text.app_uart_get
                0x0000000000000698       0x2c Output/uart_pca10040 Release/Obj/app_uart_fifo.o
                0x0000000000000698                app_uart_get
 .text.app_uart_put
                0x00000000000006c4       0x50 Output/uart_pca10040 Release/Obj/app_uart_fifo.o
                0x00000000000006c4                app_uart_put
 .text.app_util_disable_irq
                0x0000000000000714       0x10 Output/uart_pca10040 Release/Obj/app_util_platform.o
                0x0000000000000714                app_util_disable_irq
 .text.app_util_enable_irq
                0x0000000000000724       0x14 Output/uart_pca10040 Release/Obj/app_util_platform.o
                0x0000000000000724                app_util_enable_irq
 .text.app_util_critical_region_enter
                0x0000000000000738        0x4 Output/uart_pca10040 Release/Obj/app_util_platform.o
                0x0000000000000738                app_util_critical_region_enter
 .text.app_util_critical_region_exit
                0x000000000000073c        0x4 Output/uart_pca10040 Release/Obj/app_util_platform.o
                0x000000000000073c                app_util_critical_region_exit
 .text.__putchar
                0x0000000000000740        0xe Output/uart_pca10040 Release/Obj/retarget.o
                0x0000000000000740                __putchar
 *fill*         0x000000000000074e        0x2 
 .text.uarte_evt_handler
                0x0000000000000750       0x34 Output/uart_pca10040 Release/Obj/nrf_drv_uart.o
 .text.uart_evt_handler
                0x0000000000000784       0x34 Output/uart_pca10040 Release/Obj/nrf_drv_uart.o
 .text.nrf_drv_uart_init
                0x00000000000007b8       0x78 Output/uart_pca10040 Release/Obj/nrf_drv_uart.o
                0x00000000000007b8                nrf_drv_uart_init
 .text.UARTE0_UART0_IRQHandler
                0x0000000000000830        0xc Output/uart_pca10040 Release/Obj/nrfx_prs.o
                0x0000000000000830                UARTE0_UART0_IRQHandler
 .text.nrfx_prs_acquire
                0x000000000000083c       0x38 Output/uart_pca10040 Release/Obj/nrfx_prs.o
                0x000000000000083c                nrfx_prs_acquire
 .text.nrf_uart_event_clear
                0x0000000000000874       0x10 Output/uart_pca10040 Release/Obj/nrfx_uart.o
 .text.tx_byte  0x0000000000000884       0x1e Output/uart_pca10040 Release/Obj/nrfx_uart.o
 .text.rx_enable.isra.5
                0x00000000000008a2       0x20 Output/uart_pca10040 Release/Obj/nrfx_uart.o
 .text.rx_byte  0x00000000000008c2       0x2c Output/uart_pca10040 Release/Obj/nrfx_uart.o
 *fill*         0x00000000000008ee        0x2 
 .text.rx_done_event.constprop.8
                0x00000000000008f0       0x20 Output/uart_pca10040 Release/Obj/nrfx_uart.o
 .text.nrfx_uart_0_irq_handler
                0x0000000000000910      0x140 Output/uart_pca10040 Release/Obj/nrfx_uart.o
                0x0000000000000910                nrfx_uart_0_irq_handler
 .text.nrfx_uart_init
                0x0000000000000a50      0x174 Output/uart_pca10040 Release/Obj/nrfx_uart.o
                0x0000000000000a50                nrfx_uart_init
 .text.nrfx_uart_tx
                0x0000000000000bc4       0x94 Output/uart_pca10040 Release/Obj/nrfx_uart.o
                0x0000000000000bc4                nrfx_uart_tx
 .text.nrfx_uart_tx_in_progress
                0x0000000000000c58       0x18 Output/uart_pca10040 Release/Obj/nrfx_uart.o
                0x0000000000000c58                nrfx_uart_tx_in_progress
 .text.nrfx_uart_rx
                0x0000000000000c70       0xf0 Output/uart_pca10040 Release/Obj/nrfx_uart.o
                0x0000000000000c70                nrfx_uart_rx
 .text.nrf_uarte_event_clear
                0x0000000000000d60       0x10 Output/uart_pca10040 Release/Obj/nrfx_uarte.o
 .text.rx_done_event.constprop.7
                0x0000000000000d70       0x20 Output/uart_pca10040 Release/Obj/nrfx_uarte.o
 .text.nrfx_uarte_0_irq_handler
                0x0000000000000d90      0x120 Output/uart_pca10040 Release/Obj/nrfx_uarte.o
                0x0000000000000d90                nrfx_uarte_0_irq_handler
 .text.nrfx_uarte_init
                0x0000000000000eb0      0x18c Output/uart_pca10040 Release/Obj/nrfx_uarte.o
                0x0000000000000eb0                nrfx_uarte_init
 .text.nrfx_uarte_tx
                0x000000000000103c       0x90 Output/uart_pca10040 Release/Obj/nrfx_uarte.o
                0x000000000000103c                nrfx_uarte_tx
 .text.nrfx_uarte_tx_in_progress
                0x00000000000010cc       0x18 Output/uart_pca10040 Release/Obj/nrfx_uarte.o
                0x00000000000010cc                nrfx_uarte_tx_in_progress
 .text.nrfx_uarte_rx
                0x00000000000010e4       0xd8 Output/uart_pca10040 Release/Obj/nrfx_uarte.o
                0x00000000000010e4                nrfx_uarte_rx
 .text.uart_error_handle
                0x00000000000011bc       0x12 Output/uart_pca10040 Release/Obj/main.o
                0x00000000000011bc                uart_error_handle
 *fill*         0x00000000000011ce        0x2 
 .text.startup.main
                0x00000000000011d0       0x74 Output/uart_pca10040 Release/Obj/main.o
                0x00000000000011d0                main
 .text.errata_12
                0x0000000000001244       0x40 Output/uart_pca10040 Release/Obj/system_nrf52.o
 .text.errata_16
                0x0000000000001284       0x34 Output/uart_pca10040 Release/Obj/system_nrf52.o
 .text.SystemInit
                0x00000000000012b8      0x25c Output/uart_pca10040 Release/Obj/system_nrf52.o
                0x00000000000012b8                SystemInit
 .text.libc.__putc
                0x0000000000001514       0x34 C:/Program Files/SEGGER/SEGGER Embedded Studio for ARM 4.30a/lib/libc_v7em_fpv4_sp_d16_hard_t_le_eabi.a(libc2.o)
                0x0000000000001514                __putc
 .text.libc.__RAL_print_padding
                0x0000000000001548       0x1c C:/Program Files/SEGGER/SEGGER Embedded Studio for ARM 4.30a/lib/libc_v7em_fpv4_sp_d16_hard_t_le_eabi.a(libc2.o)
                0x0000000000001548                __RAL_print_padding
 .text.libc.__RAL_pre_padding
                0x0000000000001564       0x1c C:/Program Files/SEGGER/SEGGER Embedded Studio for ARM 4.30a/lib/libc_v7em_fpv4_sp_d16_hard_t_le_eabi.a(libc2.o)
                0x0000000000001564                __RAL_pre_padding
 .text.libc.printf
                0x0000000000001580       0x40 C:/Program Files/SEGGER/SEGGER Embedded Studio for ARM 4.30a/lib/libc_v7em_fpv4_sp_d16_hard_t_le_eabi.a(libc2.o)
                0x0000000000001580                printf
 .text.libc.strnlen
                0x00000000000015c0       0x22 C:/Program Files/SEGGER/SEGGER Embedded Studio for ARM 4.30a/lib/libc_v7em_fpv4_sp_d16_hard_t_le_eabi.a(libc2.o)
                0x00000000000015c0                strnlen
 .text.libc.strlen
                0x00000000000015e2       0x60 C:/Program Files/SEGGER/SEGGER Embedded Studio for ARM 4.30a/lib/libc_v7em_fpv4_sp_d16_hard_t_le_eabi.a(libc2_asm.o)
                0x00000000000015e2                strlen
 .text.libc.__printf_lock
                0x0000000000001642        0x2 C:/Program Files/SEGGER/SEGGER Embedded Studio for ARM 4.30a/lib/libc_v7em_fpv4_sp_d16_hard_t_le_eabi.a(libc.o)
                0x0000000000001642                __printf_lock
 .text.libc.__printf_unlock
                0x0000000000001644        0x2 C:/Program Files/SEGGER/SEGGER Embedded Studio for ARM 4.30a/lib/libc_v7em_fpv4_sp_d16_hard_t_le_eabi.a(libc.o)
                0x0000000000001644                __printf_unlock
 *fill*         0x0000000000001646        0x2 
 .text.libc.__vfprintf_long
                0x0000000000001648      0x744 C:/Program Files/SEGGER/SEGGER Embedded Studio for ARM 4.30a/lib/libvfprintf_v7em_fpv4_sp_d16_hard_t_le_eabi.o
                0x0000000000001648                __vfprintf_long
                0x0000000000001d8c                __text_end__ = (__text_start__ + SIZEOF (.text))
                0x00000000000019bc                __text_size__ = SIZEOF (.text)
                0x0000000000001d8c                __text_load_end__ = __text_end__

.vfp11_veneer   0x0000000100000000        0x0
 .vfp11_veneer  0x0000000100000000        0x0 linker stubs

.v4_bx          0x0000000100000000        0x0
 .v4_bx         0x0000000100000000        0x0 linker stubs

.iplt           0x0000000100000000        0x0
 .iplt          0x0000000100000000        0x0 Output/uart_pca10040 Release/Obj/thumb_crt0.o
                0x0000000000000001                . = ASSERT (((__text_start__ == __text_end__) || ((__text_end__ - __FLASH_segment_start__) <= __FLASH_segment_size__)), error: .text is too large to fit in FLASH memory segment)
                0x0000000000001d8c                __log_const_data_load_start__ = ALIGN (__text_end__, 0x4)

.log_const_data
                0x0000000000001d8c        0x0
                0x0000000000001d8c                __log_const_data_start__ = .
                0x0000000000001d8c                __start_log_const_data = __log_const_data_start__
 *(SORT_BY_NAME(.log_const_data*))
                0x0000000000001d8c                __log_const_data_end__ = (__log_const_data_start__ + SIZEOF (.log_const_data))
                0x0000000000000000                __log_const_data_size__ = SIZEOF (.log_const_data)
                0x0000000000001d8c                __stop_log_const_data = __log_const_data_end__
                0x0000000000001d8c                __log_const_data_load_end__ = __log_const_data_end__
                0x0000000000000001                . = ASSERT (((__log_const_data_start__ == __log_const_data_end__) || ((__log_const_data_end__ - __FLASH_segment_start__) <= __FLASH_segment_size__)), error: .log_const_data is too large to fit in FLASH memory segment)
                0x0000000000001d8c                __log_backends_load_start__ = ALIGN (__log_const_data_end__, 0x4)

.log_backends   0x0000000000001d8c        0x0
                0x0000000000001d8c                __log_backends_start__ = .
                0x0000000000001d8c                __start_log_backends = __log_backends_start__
 *(SORT_BY_NAME(.log_backends*))
                0x0000000000001d8c                __log_backends_end__ = (__log_backends_start__ + SIZEOF (.log_backends))
                0x0000000000000000                __log_backends_size__ = SIZEOF (.log_backends)
                0x0000000000001d8c                __stop_log_backends = __log_backends_end__
                0x0000000000001d8c                __log_backends_load_end__ = __log_backends_end__
                0x0000000000000001                . = ASSERT (((__log_backends_start__ == __log_backends_end__) || ((__log_backends_end__ - __FLASH_segment_start__) <= __FLASH_segment_size__)), error: .log_backends is too large to fit in FLASH memory segment)
                0x0000000000001d8c                __nrf_balloc_load_start__ = ALIGN (__log_backends_end__, 0x4)

.nrf_balloc     0x0000000000001d8c        0x0
                0x0000000000001d8c                __nrf_balloc_start__ = .
                0x0000000000001d8c                __start_nrf_balloc = __nrf_balloc_start__
 *(.nrf_balloc*)
                0x0000000000001d8c                __nrf_balloc_end__ = (__nrf_balloc_start__ + SIZEOF (.nrf_balloc))
                0x0000000000000000                __nrf_balloc_size__ = SIZEOF (.nrf_balloc)
                0x0000000000001d8c                __stop_nrf_balloc = __nrf_balloc_end__
                0x0000000000001d8c                __nrf_balloc_load_end__ = __nrf_balloc_end__
                0x0000000000000001                . = ASSERT (((__nrf_balloc_start__ == __nrf_balloc_end__) || ((__nrf_balloc_end__ - __FLASH_segment_start__) <= __FLASH_segment_size__)), error: .nrf_balloc is too large to fit in FLASH memory segment)
                0x0000000000001d8c                __nrf_sections_load_start__ = ALIGN (__nrf_balloc_end__, 0x4)

.nrf_sections   0x0000000000001d8c        0x0
                0x0000000000001d8c                __nrf_sections_start__ = .
                0x0000000000001d8c                __start_nrf_sections = __nrf_sections_start__
 *(.nrf_sections .nrf_sections.*)
                0x0000000000001d8c                __nrf_sections_end__ = (__nrf_sections_start__ + SIZEOF (.nrf_sections))
                0x0000000000000000                __nrf_sections_size__ = SIZEOF (.nrf_sections)
                0x0000000000001d8c                __nrf_sections_load_end__ = __nrf_sections_end__
                0x0000000000000001                . = ASSERT (((__nrf_sections_start__ == __nrf_sections_end__) || ((__nrf_sections_end__ - __FLASH_segment_start__) <= __FLASH_segment_size__)), error: .nrf_sections is too large to fit in FLASH memory segment)
                0x0000000000001d8c                __log_dynamic_data_load_start__ = ALIGN (__nrf_sections_end__, 0x4)

.log_dynamic_data
                0x0000000020000000        0x0 load address 0x0000000000001d8c
                0x0000000020000000                __log_dynamic_data_start__ = .
 *(SORT_BY_NAME(.log_dynamic_data*))
                0x0000000020000000                __log_dynamic_data_end__ = (__log_dynamic_data_start__ + SIZEOF (.log_dynamic_data))
                0x0000000000000000                __log_dynamic_data_size__ = SIZEOF (.log_dynamic_data)
                0x0000000000001d8c                __log_dynamic_data_load_end__ = (__log_dynamic_data_load_start__ + SIZEOF (.log_dynamic_data))
                0x0000000000000001                . = ASSERT (((__log_dynamic_data_load_start__ == __log_dynamic_data_load_end__) || ((__log_dynamic_data_load_end__ - __FLASH_segment_start__) <= __FLASH_segment_size__)), error: .log_dynamic_data is too large to fit in FLASH memory segment)

.log_dynamic_data_run
                0x0000000020000000        0x0
                0x0000000020000000                __log_dynamic_data_run_start__ = .
                0x0000000020000000                __start_log_dynamic_data = __log_dynamic_data_run_start__
                0x0000000020000000                . = MAX ((__log_dynamic_data_run_start__ + SIZEOF (.log_dynamic_data)), .)
                0x0000000020000000                __log_dynamic_data_run_end__ = (__log_dynamic_data_run_start__ + SIZEOF (.log_dynamic_data_run))
                0x0000000000000000                __log_dynamic_data_run_size__ = SIZEOF (.log_dynamic_data_run)
                0x0000000020000000                __stop_log_dynamic_data = __log_dynamic_data_run_end__
                0x0000000020000000                __log_dynamic_data_run_load_end__ = __log_dynamic_data_run_end__
                0x0000000000000001                . = ASSERT (((__log_dynamic_data_run_start__ == __log_dynamic_data_run_end__) || ((__log_dynamic_data_run_end__ - __RAM_segment_start__) <= __RAM_segment_size__)), error: .log_dynamic_data_run is too large to fit in RAM memory segment)
                0x0000000000001d8c                __log_filter_data_load_start__ = ALIGN ((__log_dynamic_data_load_start__ + SIZEOF (.log_dynamic_data)), 0x4)

.log_filter_data
                0x0000000020000000        0x0 load address 0x0000000000001d8c
                0x0000000020000000                __log_filter_data_start__ = .
 *(SORT_BY_NAME(.log_filter_data*))
                0x0000000020000000                __log_filter_data_end__ = (__log_filter_data_start__ + SIZEOF (.log_filter_data))
                0x0000000000000000                __log_filter_data_size__ = SIZEOF (.log_filter_data)
                0x0000000000001d8c                __log_filter_data_load_end__ = (__log_filter_data_load_start__ + SIZEOF (.log_filter_data))
                0x0000000000000001                . = ASSERT (((__log_filter_data_load_start__ == __log_filter_data_load_end__) || ((__log_filter_data_load_end__ - __FLASH_segment_start__) <= __FLASH_segment_size__)), error: .log_filter_data is too large to fit in FLASH memory segment)

.log_filter_data_run
                0x0000000020000000        0x0
                0x0000000020000000                __log_filter_data_run_start__ = .
                0x0000000020000000                __start_log_filter_data = __log_filter_data_run_start__
                0x0000000020000000                . = MAX ((__log_filter_data_run_start__ + SIZEOF (.log_filter_data)), .)
                0x0000000020000000                __log_filter_data_run_end__ = (__log_filter_data_run_start__ + SIZEOF (.log_filter_data_run))
                0x0000000000000000                __log_filter_data_run_size__ = SIZEOF (.log_filter_data_run)
                0x0000000020000000                __stop_log_filter_data = __log_filter_data_run_end__
                0x0000000020000000                __log_filter_data_run_load_end__ = __log_filter_data_run_end__
                0x0000000000000001                . = ASSERT (((__log_filter_data_run_start__ == __log_filter_data_run_end__) || ((__log_filter_data_run_end__ - __RAM_segment_start__) <= __RAM_segment_size__)), error: .log_filter_data_run is too large to fit in RAM memory segment)
                0x0000000020000000                __nrf_sections_run_end_load_start__ = ALIGN (__log_filter_data_run_end__, 0x4)

.nrf_sections_run_end
                0x0000000020000000        0x0
                0x0000000020000000                __nrf_sections_run_end_start__ = .
                0x0000000020000000                __end_nrf_sections_run = __nrf_sections_run_end_start__
 *(.nrf_sections_run_end .nrf_sections_run_end.*)
                0x0000000020000000                __nrf_sections_run_end_end__ = (__nrf_sections_run_end_start__ + SIZEOF (.nrf_sections_run_end))
                0x0000000000000000                __nrf_sections_run_end_size__ = SIZEOF (.nrf_sections_run_end)
                0x0000000020000000                __nrf_sections_run_end_load_end__ = __nrf_sections_run_end_end__
                0x0000000000000001                . = ASSERT (((__nrf_sections_run_end_start__ == __nrf_sections_run_end_end__) || ((__nrf_sections_run_end_end__ - __RAM_segment_start__) <= __RAM_segment_size__)), error: .nrf_sections_run_end is too large to fit in RAM memory segment)
                0x0000000000001d8c                __dtors_load_start__ = ALIGN ((__log_filter_data_load_start__ + SIZEOF (.log_filter_data)), 0x4)

.dtors          0x0000000000001d8c        0x0
                0x0000000000001d8c                __dtors_start__ = .
 *(SORT_BY_NAME(.dtors.*))
 *(.dtors)
 *(.fini_array)
 *(SORT_BY_NAME(.fini_array.*))
                0x0000000000001d8c                __dtors_end__ = (__dtors_start__ + SIZEOF (.dtors))
                0x0000000000000000                __dtors_size__ = SIZEOF (.dtors)
                0x0000000000001d8c                __dtors_load_end__ = __dtors_end__
                0x0000000000000001                . = ASSERT (((__dtors_start__ == __dtors_end__) || ((__dtors_end__ - __FLASH_segment_start__) <= __FLASH_segment_size__)), error: .dtors is too large to fit in FLASH memory segment)
                0x0000000000001d8c                __ctors_load_start__ = ALIGN (__dtors_end__, 0x4)

.ctors          0x0000000000001d8c        0x0
                0x0000000000001d8c                __ctors_start__ = .
 *(SORT_BY_NAME(.ctors.*))
 *(.ctors)
 *(.init_array)
 *(SORT_BY_NAME(.init_array.*))
                0x0000000000001d8c                __ctors_end__ = (__ctors_start__ + SIZEOF (.ctors))
                0x0000000000000000                __ctors_size__ = SIZEOF (.ctors)
                0x0000000000001d8c                __ctors_load_end__ = __ctors_end__
                0x0000000000000001                . = ASSERT (((__ctors_start__ == __ctors_end__) || ((__ctors_end__ - __FLASH_segment_start__) <= __FLASH_segment_size__)), error: .ctors is too large to fit in FLASH memory segment)
                0x0000000000001d8c                __rodata_load_start__ = ALIGN (__ctors_end__, 0x4)

.rodata         0x0000000000001d8c       0x88
                0x0000000000001d8c                __rodata_start__ = .
 *(.rodata .rodata.* .gnu.linkonce.r.*)
 .rodata.m_board_led_list
                0x0000000000001d8c        0x4 Output/uart_pca10040 Release/Obj/boards.o
 .rodata        0x0000000000001d90       0x20 Output/uart_pca10040 Release/Obj/app_uart_fifo.o
 .rodata        0x0000000000001db0       0x18 Output/uart_pca10040 Release/Obj/main.o
 .rodata.main.str1.1
                0x0000000000001dc8       0x21 Output/uart_pca10040 Release/Obj/main.o
 *fill*         0x0000000000001de9        0x3 
 .rodata.libc.__RAL_hex_lc
                0x0000000000001dec       0x10 C:/Program Files/SEGGER/SEGGER Embedded Studio for ARM 4.30a/lib/libc_v7em_fpv4_sp_d16_hard_t_le_eabi.a(libc2.o)
                0x0000000000001dec                __RAL_hex_lc
 .rodata.libc.__RAL_hex_uc
                0x0000000000001dfc       0x10 C:/Program Files/SEGGER/SEGGER Embedded Studio for ARM 4.30a/lib/libc_v7em_fpv4_sp_d16_hard_t_le_eabi.a(libc2.o)
                0x0000000000001dfc                __RAL_hex_uc
 .rodata.libc.__vfprintf_int.str1.4
                0x0000000000001e0c        0x8 C:/Program Files/SEGGER/SEGGER Embedded Studio for ARM 4.30a/lib/libvfprintf_v7em_fpv4_sp_d16_hard_t_le_eabi.o
                                          0x7 (size before relaxing)
                0x0000000000001e14                __rodata_end__ = (__rodata_start__ + SIZEOF (.rodata))
                0x0000000000000088                __rodata_size__ = SIZEOF (.rodata)
                0x0000000000001e14                __rodata_load_end__ = __rodata_end__

.rel.dyn        0x0000000000001e14        0x0
 .rel.iplt      0x0000000000001e14        0x0 Output/uart_pca10040 Release/Obj/thumb_crt0.o
                0x0000000000000001                . = ASSERT (((__rodata_start__ == __rodata_end__) || ((__rodata_end__ - __FLASH_segment_start__) <= __FLASH_segment_size__)), error: .rodata is too large to fit in FLASH memory segment)
                0x0000000000001e14                __ARM.exidx_load_start__ = ALIGN (__rodata_end__, 0x4)

.ARM.exidx      0x0000000000001e14        0x0
                0x0000000000001e14                __ARM.exidx_start__ = .
                0x0000000000001e14                __exidx_start = __ARM.exidx_start__
 *(.ARM.exidx .ARM.exidx.*)
                0x0000000000001e14                __ARM.exidx_end__ = (__ARM.exidx_start__ + SIZEOF (.ARM.exidx))
                0x0000000000000000                __ARM.exidx_size__ = SIZEOF (.ARM.exidx)
                0x0000000000001e14                __exidx_end = __ARM.exidx_end__
                0x0000000000001e14                __ARM.exidx_load_end__ = __ARM.exidx_end__
                0x0000000000000001                . = ASSERT (((__ARM.exidx_start__ == __ARM.exidx_end__) || ((__ARM.exidx_end__ - __FLASH_segment_start__) <= __FLASH_segment_size__)), error: .ARM.exidx is too large to fit in FLASH memory segment)
                0x0000000000001e14                __fast_load_start__ = ALIGN (__ARM.exidx_end__, 0x4)

.fast           0x0000000020000000        0x0 load address 0x0000000000001e14
                0x0000000020000000                __fast_start__ = .
 *(.fast .fast.*)
                0x0000000020000000                __fast_end__ = (__fast_start__ + SIZEOF (.fast))
                0x0000000000000000                __fast_size__ = SIZEOF (.fast)
                0x0000000000001e14                __fast_load_end__ = (__fast_load_start__ + SIZEOF (.fast))
                0x0000000000000001                . = ASSERT (((__fast_load_start__ == __fast_load_end__) || ((__fast_load_end__ - __FLASH_segment_start__) <= __FLASH_segment_size__)), error: .fast is too large to fit in FLASH memory segment)

.fast_run       0x0000000020000000        0x0
                0x0000000020000000                __fast_run_start__ = .
                0x0000000020000000                . = MAX ((__fast_run_start__ + SIZEOF (.fast)), .)
                0x0000000020000000                __fast_run_end__ = (__fast_run_start__ + SIZEOF (.fast_run))
                0x0000000000000000                __fast_run_size__ = SIZEOF (.fast_run)
                0x0000000020000000                __fast_run_load_end__ = __fast_run_end__
                0x0000000000000001                . = ASSERT (((__fast_run_start__ == __fast_run_end__) || ((__fast_run_end__ - __RAM_segment_start__) <= __RAM_segment_size__)), error: .fast_run is too large to fit in RAM memory segment)
                0x0000000000001e14                __data_load_start__ = ALIGN ((__fast_load_start__ + SIZEOF (.fast)), 0x4)

.data           0x0000000020000000       0x18 load address 0x0000000000001e14
                0x0000000020000000                __data_start__ = .
 *(.data .data.* .gnu.linkonce.d.*)
 .data.app_uart_inst
                0x0000000020000000       0x14 Output/uart_pca10040 Release/Obj/app_uart_fifo.o
 .data.SystemCoreClock
                0x0000000020000014        0x4 Output/uart_pca10040 Release/Obj/system_nrf52.o
                0x0000000020000014                SystemCoreClock
                0x0000000020000018                __data_end__ = (__data_start__ + SIZEOF (.data))
                0x0000000000000018                __data_size__ = SIZEOF (.data)
                0x0000000000001e2c                __data_load_end__ = (__data_load_start__ + SIZEOF (.data))

.igot.plt       0x0000000100000000        0x0
 .igot.plt      0x0000000100000000        0x0 Output/uart_pca10040 Release/Obj/thumb_crt0.o
                0x0000000000000001                . = ASSERT (((__data_load_start__ == __data_load_end__) || ((__data_load_end__ - __FLASH_segment_start__) <= __FLASH_segment_size__)), error: .data is too large to fit in FLASH memory segment)

.data_run       0x0000000020000000       0x18 load address 0x0000000000001e14
                0x0000000020000000                __data_run_start__ = .
                0x0000000020000018                . = MAX ((__data_run_start__ + SIZEOF (.data)), .)
 *fill*         0x0000000020000000       0x18 
                0x0000000020000018                __data_run_end__ = (__data_run_start__ + SIZEOF (.data_run))
                0x0000000000000018                __data_run_size__ = SIZEOF (.data_run)
                0x0000000020000018                __data_run_load_end__ = __data_run_end__
                0x0000000000000001                . = ASSERT (((__data_run_start__ == __data_run_end__) || ((__data_run_end__ - __RAM_segment_start__) <= __RAM_segment_size__)), error: .data_run is too large to fit in RAM memory segment)
                0x0000000000001e2c                __tdata_load_start__ = ALIGN ((__data_load_start__ + SIZEOF (.data)), 0x4)

.tdata          0x0000000020000018        0x0 load address 0x0000000000001e2c
                0x0000000020000018                __tdata_start__ = .
 *(.tdata .tdata.*)
                0x0000000020000018                __tdata_end__ = (__tdata_start__ + SIZEOF (.tdata))
                0x0000000000000000                __tdata_size__ = SIZEOF (.tdata)
                0x0000000000001e2c                __tdata_load_end__ = (__tdata_load_start__ + SIZEOF (.tdata))
                0x0000000000001e2c                __FLASH_segment_used_end__ = (ALIGN ((__data_load_start__ + SIZEOF (.data)), 0x4) + SIZEOF (.tdata))
                0x0000000000001e2c                __FLASH_segment_used_size__ = (__FLASH_segment_used_end__ - __FLASH_segment_start__)
                0x0000000000000001                . = ASSERT (((__tdata_load_start__ == __tdata_load_end__) || ((__tdata_load_end__ - __FLASH_segment_start__) <= __FLASH_segment_size__)), error: .tdata is too large to fit in FLASH memory segment)

.tdata_run      0x0000000020000018        0x0
                0x0000000020000018                __tdata_run_start__ = .
                0x0000000020000018                . = MAX ((__tdata_run_start__ + SIZEOF (.tdata)), .)
                0x0000000020000018                __tdata_run_end__ = (__tdata_run_start__ + SIZEOF (.tdata_run))
                0x0000000000000000                __tdata_run_size__ = SIZEOF (.tdata_run)
                0x0000000020000018                __tdata_run_load_end__ = __tdata_run_end__
                0x0000000000000001                . = ASSERT (((__tdata_run_start__ == __tdata_run_end__) || ((__tdata_run_end__ - __RAM_segment_start__) <= __RAM_segment_size__)), error: .tdata_run is too large to fit in RAM memory segment)
                0x0000000020000018                __bss_load_start__ = ALIGN (__tdata_run_end__, 0x4)

.bss            0x0000000020000018      0x298
                0x0000000020000018                __bss_start__ = .
 *(.bss .bss.* .gnu.linkonce.b.*)
 .bss.m_event_handler
                0x0000000020000018        0x4 Output/uart_pca10040 Release/Obj/app_uart_fifo.o
 .bss.m_rx_fifo
                0x000000002000001c       0x10 Output/uart_pca10040 Release/Obj/app_uart_fifo.o
 .bss.m_rx_ovf  0x000000002000002c        0x1 Output/uart_pca10040 Release/Obj/app_uart_fifo.o
 *fill*         0x000000002000002d        0x3 
 .bss.m_tx_fifo
                0x0000000020000030       0x10 Output/uart_pca10040 Release/Obj/app_uart_fifo.o
 .bss.rx_buffer
                0x0000000020000040        0x1 Output/uart_pca10040 Release/Obj/app_uart_fifo.o
 .bss.tx_buffer
                0x0000000020000041        0x1 Output/uart_pca10040 Release/Obj/app_uart_fifo.o
 *fill*         0x0000000020000042        0x2 
 .bss.m_in_critical_region
                0x0000000020000044        0x4 Output/uart_pca10040 Release/Obj/app_util_platform.o
 .bss.m_contexts
                0x0000000020000048        0x4 Output/uart_pca10040 Release/Obj/nrf_drv_uart.o
 .bss.m_handlers
                0x000000002000004c        0x4 Output/uart_pca10040 Release/Obj/nrf_drv_uart.o
 .bss.nrf_drv_uart_use_easy_dma
                0x0000000020000050        0x1 Output/uart_pca10040 Release/Obj/nrf_drv_uart.o
                0x0000000020000050                nrf_drv_uart_use_easy_dma
 *fill*         0x0000000020000051        0x3 
 .bss.m_prs_box_4
                0x0000000020000054        0x8 Output/uart_pca10040 Release/Obj/nrfx_prs.o
 .bss.m_cb      0x000000002000005c       0x2c Output/uart_pca10040 Release/Obj/nrfx_uart.o
 .bss.m_cb      0x0000000020000088       0x24 Output/uart_pca10040 Release/Obj/nrfx_uarte.o
 .bss.rx_buf.8542
                0x00000000200000ac      0x100 Output/uart_pca10040 Release/Obj/main.o
 .bss.tx_buf.8543
                0x00000000200001ac      0x100 Output/uart_pca10040 Release/Obj/main.o
 .bss.libc.__user_format_extender
                0x00000000200002ac        0x4 C:/Program Files/SEGGER/SEGGER Embedded Studio for ARM 4.30a/lib/libc_v7em_fpv4_sp_d16_hard_t_le_eabi.a(libc2.o)
                0x00000000200002ac                __user_format_extender
 *(COMMON)
                0x00000000200002b0                __bss_end__ = (__bss_start__ + SIZEOF (.bss))
                0x0000000000000298                __bss_size__ = SIZEOF (.bss)
                0x00000000200002b0                __bss_load_end__ = __bss_end__
                0x0000000000000001                . = ASSERT (((__bss_start__ == __bss_end__) || ((__bss_end__ - __RAM_segment_start__) <= __RAM_segment_size__)), error: .bss is too large to fit in RAM memory segment)
                0x00000000200002b0                __tbss_load_start__ = ALIGN (__bss_end__, 0x4)

.tbss           0x00000000200002b0        0x0
                0x00000000200002b0                __tbss_start__ = .
 *(.tbss .tbss.*)
                0x00000000200002b0                __tbss_end__ = (__tbss_start__ + SIZEOF (.tbss))
                0x0000000000000000                __tbss_size__ = SIZEOF (.tbss)
                0x00000000200002b0                __tbss_load_end__ = __tbss_end__
                0x0000000000000001                . = ASSERT (((__tbss_start__ == __tbss_end__) || ((__tbss_end__ - __RAM_segment_start__) <= __RAM_segment_size__)), error: .tbss is too large to fit in RAM memory segment)
                0x00000000200002b0                __non_init_load_start__ = ALIGN (__tbss_end__, 0x4)

.non_init       0x00000000200002b0        0x0
                0x00000000200002b0                __non_init_start__ = .
 *(.non_init .non_init.*)
                0x00000000200002b0                __non_init_end__ = (__non_init_start__ + SIZEOF (.non_init))
                0x0000000000000000                __non_init_size__ = SIZEOF (.non_init)
                0x00000000200002b0                __non_init_load_end__ = __non_init_end__
                0x0000000000000001                . = ASSERT (((__non_init_start__ == __non_init_end__) || ((__non_init_end__ - __RAM_segment_start__) <= __RAM_segment_size__)), error: .non_init is too large to fit in RAM memory segment)
                0x00000000200002b0                __heap_load_start__ = ALIGN (__non_init_end__, 0x4)

.heap           0x00000000200002b0     0x2000
                0x00000000200002b0                __heap_start__ = .
 *(.heap .heap.*)
                0x00000000200022b0                . = ALIGN (MAX ((__heap_start__ + __HEAPSIZE__), .), 0x4)
 *fill*         0x00000000200002b0     0x2000 
                0x00000000200022b0                __heap_end__ = (__heap_start__ + SIZEOF (.heap))
                0x0000000000002000                __heap_size__ = SIZEOF (.heap)
                0x00000000200022b0                __heap_load_end__ = __heap_end__
                0x0000000000000001                . = ASSERT (((__heap_start__ == __heap_end__) || ((__heap_end__ - __RAM_segment_start__) <= __RAM_segment_size__)), error: .heap is too large to fit in RAM memory segment)
                0x000000002000e000                __stack_load_start__ = (__RAM_segment_start__ + (__RAM_segment_size__ - 0x2000))

.stack          0x000000002000e000     0x2000
                0x000000002000e000                __stack_start__ = .
                0x000000002000e000                __StackLimit = __stack_start__
 *(.stack .stack.*)
                0x0000000020010000                . = ALIGN (MAX ((__stack_start__ + __STACKSIZE__), .), 0x8)
 *fill*         0x000000002000e000     0x2000 
                0x0000000020010000                __stack_end__ = (__stack_start__ + SIZEOF (.stack))
                0x0000000000002000                __stack_size__ = SIZEOF (.stack)
                0x0000000020010000                __StackTop = __stack_end__
                0x0000000020010000                __stack_load_end__ = __stack_end__
                0x0000000000000001                . = ASSERT (((__stack_start__ == __stack_end__) || ((__stack_end__ - __RAM_segment_start__) <= __RAM_segment_size__)), error: .stack is too large to fit in RAM memory segment)
                0x0000000000000001                . = ASSERT ((__heap_end__ <= __stack_start__), error: section .heap overlaps absolute placed section .stack)
                0x0000000020010000                __stack_process_load_start__ = ALIGN (__stack_end__, 0x8)

.stack_process  0x0000000020010000        0x0
                0x0000000020010000                __stack_process_start__ = .
 *(.stack_process .stack_process.*)
                0x0000000020010000                . = ALIGN (MAX ((__stack_process_start__ + __STACKSIZE_PROCESS__), .), 0x8)
                0x0000000020010000                __stack_process_end__ = (__stack_process_start__ + SIZEOF (.stack_process))
                0x0000000000000000                __stack_process_size__ = SIZEOF (.stack_process)
                0x0000000020010000                __stack_process_load_end__ = __stack_process_end__
                0x0000000020010000                __RAM_segment_used_end__ = (ALIGN (__stack_end__, 0x8) + SIZEOF (.stack_process))
                0x0000000000010000                __RAM_segment_used_size__ = (__RAM_segment_used_end__ - __RAM_segment_start__)
                0x0000000000000001                . = ASSERT (((__stack_process_start__ == __stack_process_end__) || ((__stack_process_end__ - __RAM_segment_start__) <= __RAM_segment_size__)), error: .stack_process is too large to fit in RAM memory segment)
START GROUP
LOAD Output/uart_pca10040 Release/Obj/thumb_crt0.o
LOAD Output/uart_pca10040 Release/Obj/nrf_log_frontend.o
LOAD Output/uart_pca10040 Release/Obj/nrf_log_str_formatter.o
LOAD Output/uart_pca10040 Release/Obj/boards.o
LOAD Output/uart_pca10040 Release/Obj/app_error.o
LOAD Output/uart_pca10040 Release/Obj/app_error_handler_gcc.o
LOAD Output/uart_pca10040 Release/Obj/app_error_weak.o
LOAD Output/uart_pca10040 Release/Obj/app_fifo.o
LOAD Output/uart_pca10040 Release/Obj/app_uart_fifo.o
LOAD Output/uart_pca10040 Release/Obj/app_util_platform.o
LOAD Output/uart_pca10040 Release/Obj/nrf_assert.o
LOAD Output/uart_pca10040 Release/Obj/nrf_atomic.o
LOAD Output/uart_pca10040 Release/Obj/nrf_balloc.o
LOAD Output/uart_pca10040 Release/Obj/nrf_fprintf.o
LOAD Output/uart_pca10040 Release/Obj/nrf_fprintf_format.o
LOAD Output/uart_pca10040 Release/Obj/nrf_memobj.o
LOAD Output/uart_pca10040 Release/Obj/nrf_ringbuf.o
LOAD Output/uart_pca10040 Release/Obj/nrf_strerror.o
LOAD Output/uart_pca10040 Release/Obj/retarget.o
LOAD Output/uart_pca10040 Release/Obj/nrf_drv_uart.o
LOAD Output/uart_pca10040 Release/Obj/nrfx_atomic.o
LOAD Output/uart_pca10040 Release/Obj/nrfx_prs.o
LOAD Output/uart_pca10040 Release/Obj/nrfx_uart.o
LOAD Output/uart_pca10040 Release/Obj/nrfx_uarte.o
LOAD Output/uart_pca10040 Release/Obj/main.o
LOAD Output/uart_pca10040 Release/Obj/ses_startup_nrf52.o
LOAD Output/uart_pca10040 Release/Obj/ses_startup_nrf_common.o
LOAD Output/uart_pca10040 Release/Obj/system_nrf52.o
LOAD C:/Program Files/SEGGER/SEGGER Embedded Studio for ARM 4.30a/lib/libdebugio_mempoll_v7em_fpv4_sp_d16_hard_t_le_eabi.a
LOAD C:/Program Files/SEGGER/SEGGER Embedded Studio for ARM 4.30a/lib/libm_v7em_fpv4_sp_d16_hard_t_le_eabi.a
LOAD C:/Program Files/SEGGER/SEGGER Embedded Studio for ARM 4.30a/lib/libc_v7em_fpv4_sp_d16_hard_t_le_eabi.a
LOAD C:/Program Files/SEGGER/SEGGER Embedded Studio for ARM 4.30a/lib/libcpp_v7em_fpv4_sp_d16_hard_t_le_eabi.a
LOAD C:/Program Files/SEGGER/SEGGER Embedded Studio for ARM 4.30a/lib/libdebugio_v7em_fpv4_sp_d16_hard_t_le_eabi.a
LOAD C:/Program Files/SEGGER/SEGGER Embedded Studio for ARM 4.30a/lib/libvfprintf_v7em_fpv4_sp_d16_hard_t_le_eabi.o
LOAD C:/Program Files/SEGGER/SEGGER Embedded Studio for ARM 4.30a/lib/libvfscanf_v7em_fpv4_sp_d16_hard_t_le_eabi.o
END GROUP
OUTPUT(Output/Release/Exe/uart_pca10040.elf elf32-littlearm)

.ARM.attributes
                0x0000000000000000       0x35
 .ARM.attributes
                0x0000000000000000       0x25 Output/uart_pca10040 Release/Obj/thumb_crt0.o
 .ARM.attributes
                0x0000000000000025       0x39 Output/uart_pca10040 Release/Obj/boards.o
 .ARM.attributes
                0x000000000000005e       0x39 Output/uart_pca10040 Release/Obj/app_error.o
 .ARM.attributes
                0x0000000000000097       0x39 Output/uart_pca10040 Release/Obj/app_error_weak.o
 .ARM.attributes
                0x00000000000000d0       0x39 Output/uart_pca10040 Release/Obj/app_fifo.o
 .ARM.attributes
                0x0000000000000109       0x39 Output/uart_pca10040 Release/Obj/app_uart_fifo.o
 .ARM.attributes
                0x0000000000000142       0x39 Output/uart_pca10040 Release/Obj/app_util_platform.o
 .ARM.attributes
                0x000000000000017b       0x39 Output/uart_pca10040 Release/Obj/retarget.o
 .ARM.attributes
                0x00000000000001b4       0x39 Output/uart_pca10040 Release/Obj/nrf_drv_uart.o
 .ARM.attributes
                0x00000000000001ed       0x39 Output/uart_pca10040 Release/Obj/nrfx_prs.o
 .ARM.attributes
                0x0000000000000226       0x39 Output/uart_pca10040 Release/Obj/nrfx_uart.o
 .ARM.attributes
                0x000000000000025f       0x39 Output/uart_pca10040 Release/Obj/nrfx_uarte.o
 .ARM.attributes
                0x0000000000000298       0x39 Output/uart_pca10040 Release/Obj/main.o
 .ARM.attributes
                0x00000000000002d1       0x25 Output/uart_pca10040 Release/Obj/ses_startup_nrf52.o
 .ARM.attributes
                0x00000000000002f6       0x25 Output/uart_pca10040 Release/Obj/ses_startup_nrf_common.o
 .ARM.attributes
                0x000000000000031b       0x39 Output/uart_pca10040 Release/Obj/system_nrf52.o
 .ARM.attributes
                0x0000000000000354       0x34 C:/Program Files/SEGGER/SEGGER Embedded Studio for ARM 4.30a/lib/libc_v7em_fpv4_sp_d16_hard_t_le_eabi.a(libc2.o)
 .ARM.attributes
                0x0000000000000388       0x20 C:/Program Files/SEGGER/SEGGER Embedded Studio for ARM 4.30a/lib/libc_v7em_fpv4_sp_d16_hard_t_le_eabi.a(libc2_asm.o)
 .ARM.attributes
                0x00000000000003a8       0x34 C:/Program Files/SEGGER/SEGGER Embedded Studio for ARM 4.30a/lib/libc_v7em_fpv4_sp_d16_hard_t_le_eabi.a(libc.o)
 .ARM.attributes
                0x00000000000003dc       0x34 C:/Program Files/SEGGER/SEGGER Embedded Studio for ARM 4.30a/lib/libvfprintf_v7em_fpv4_sp_d16_hard_t_le_eabi.o

.comment        0x0000000000000000       0x43
 .comment       0x0000000000000000       0x43 Output/uart_pca10040 Release/Obj/boards.o
                                         0x44 (size before relaxing)
 .comment       0x0000000000000043       0x44 Output/uart_pca10040 Release/Obj/app_error.o
 .comment       0x0000000000000043       0x44 Output/uart_pca10040 Release/Obj/app_error_weak.o
 .comment       0x0000000000000043       0x44 Output/uart_pca10040 Release/Obj/app_fifo.o
 .comment       0x0000000000000043       0x44 Output/uart_pca10040 Release/Obj/app_uart_fifo.o
 .comment       0x0000000000000043       0x44 Output/uart_pca10040 Release/Obj/app_util_platform.o
 .comment       0x0000000000000043       0x44 Output/uart_pca10040 Release/Obj/retarget.o
 .comment       0x0000000000000043       0x44 Output/uart_pca10040 Release/Obj/nrf_drv_uart.o
 .comment       0x0000000000000043       0x44 Output/uart_pca10040 Release/Obj/nrfx_prs.o
 .comment       0x0000000000000043       0x44 Output/uart_pca10040 Release/Obj/nrfx_uart.o
 .comment       0x0000000000000043       0x44 Output/uart_pca10040 Release/Obj/nrfx_uarte.o
 .comment       0x0000000000000043       0x44 Output/uart_pca10040 Release/Obj/main.o
 .comment       0x0000000000000043       0x44 Output/uart_pca10040 Release/Obj/system_nrf52.o
 .comment       0x0000000000000043       0x44 C:/Program Files/SEGGER/SEGGER Embedded Studio for ARM 4.30a/lib/libc_v7em_fpv4_sp_d16_hard_t_le_eabi.a(libc2.o)
 .comment       0x0000000000000043       0x44 C:/Program Files/SEGGER/SEGGER Embedded Studio for ARM 4.30a/lib/libc_v7em_fpv4_sp_d16_hard_t_le_eabi.a(libc.o)
 .comment       0x0000000000000043       0x44 C:/Program Files/SEGGER/SEGGER Embedded Studio for ARM 4.30a/lib/libvfprintf_v7em_fpv4_sp_d16_hard_t_le_eabi.o

.debug_line     0x0000000000000000     0x760d
 .debug_line    0x0000000000000000      0x1ee Output/uart_pca10040 Release/Obj/thumb_crt0.o
 .debug_line    0x00000000000001ee      0xa35 Output/uart_pca10040 Release/Obj/boards.o
 .debug_line    0x0000000000000c23      0x3a1 Output/uart_pca10040 Release/Obj/app_error.o
 .debug_line    0x0000000000000fc4      0x5fc Output/uart_pca10040 Release/Obj/app_error_weak.o
 .debug_line    0x00000000000015c0      0x681 Output/uart_pca10040 Release/Obj/app_fifo.o
 .debug_line    0x0000000000001c41      0x9c9 Output/uart_pca10040 Release/Obj/app_uart_fifo.o
 .debug_line    0x000000000000260a      0x426 Output/uart_pca10040 Release/Obj/app_util_platform.o
 .debug_line    0x0000000000002a30      0x3c0 Output/uart_pca10040 Release/Obj/retarget.o
 .debug_line    0x0000000000002df0      0x65a Output/uart_pca10040 Release/Obj/nrf_drv_uart.o
 .debug_line    0x000000000000344a      0x6e2 Output/uart_pca10040 Release/Obj/nrfx_prs.o
 .debug_line    0x0000000000003b2c     0x16f4 Output/uart_pca10040 Release/Obj/nrfx_uart.o
 .debug_line    0x0000000000005220     0x1640 Output/uart_pca10040 Release/Obj/nrfx_uarte.o
 .debug_line    0x0000000000006860      0x6a4 Output/uart_pca10040 Release/Obj/main.o
 .debug_line    0x0000000000006f04       0x78 Output/uart_pca10040 Release/Obj/ses_startup_nrf52.o
 .debug_line    0x0000000000006f7c       0x9a Output/uart_pca10040 Release/Obj/ses_startup_nrf_common.o
 .debug_line    0x0000000000007016      0x5f7 Output/uart_pca10040 Release/Obj/system_nrf52.o

.debug_info     0x0000000000000000    0x1180e
 .debug_info    0x0000000000000000       0x22 Output/uart_pca10040 Release/Obj/thumb_crt0.o
 .debug_info    0x0000000000000022     0x11fd Output/uart_pca10040 Release/Obj/boards.o
 .debug_info    0x000000000000121f      0x876 Output/uart_pca10040 Release/Obj/app_error.o
 .debug_info    0x0000000000001a95      0xc20 Output/uart_pca10040 Release/Obj/app_error_weak.o
 .debug_info    0x00000000000026b5      0xc7e Output/uart_pca10040 Release/Obj/app_fifo.o
 .debug_info    0x0000000000003333     0x1bfd Output/uart_pca10040 Release/Obj/app_uart_fifo.o
 .debug_info    0x0000000000004f30      0xd5b Output/uart_pca10040 Release/Obj/app_util_platform.o
 .debug_info    0x0000000000005c8b      0x75c Output/uart_pca10040 Release/Obj/retarget.o
 .debug_info    0x00000000000063e7     0x177a Output/uart_pca10040 Release/Obj/nrf_drv_uart.o
 .debug_info    0x0000000000007b61      0xe5f Output/uart_pca10040 Release/Obj/nrfx_prs.o
 .debug_info    0x00000000000089c0     0x37ed Output/uart_pca10040 Release/Obj/nrfx_uart.o
 .debug_info    0x000000000000c1ad     0x3962 Output/uart_pca10040 Release/Obj/nrfx_uarte.o
 .debug_info    0x000000000000fb0f      0xab1 Output/uart_pca10040 Release/Obj/main.o
 .debug_info    0x00000000000105c0       0x26 Output/uart_pca10040 Release/Obj/ses_startup_nrf52.o
 .debug_info    0x00000000000105e6       0x26 Output/uart_pca10040 Release/Obj/ses_startup_nrf_common.o
 .debug_info    0x000000000001060c     0x1202 Output/uart_pca10040 Release/Obj/system_nrf52.o

.debug_abbrev   0x0000000000000000     0x26fc
 .debug_abbrev  0x0000000000000000       0x12 Output/uart_pca10040 Release/Obj/thumb_crt0.o
 .debug_abbrev  0x0000000000000012      0x371 Output/uart_pca10040 Release/Obj/boards.o
 .debug_abbrev  0x0000000000000383      0x1d8 Output/uart_pca10040 Release/Obj/app_error.o
 .debug_abbrev  0x000000000000055b      0x233 Output/uart_pca10040 Release/Obj/app_error_weak.o
 .debug_abbrev  0x000000000000078e      0x22b Output/uart_pca10040 Release/Obj/app_fifo.o
 .debug_abbrev  0x00000000000009b9      0x3e2 Output/uart_pca10040 Release/Obj/app_uart_fifo.o
 .debug_abbrev  0x0000000000000d9b      0x2be Output/uart_pca10040 Release/Obj/app_util_platform.o
 .debug_abbrev  0x0000000000001059      0x1af Output/uart_pca10040 Release/Obj/retarget.o
 .debug_abbrev  0x0000000000001208      0x274 Output/uart_pca10040 Release/Obj/nrf_drv_uart.o
 .debug_abbrev  0x000000000000147c      0x2e1 Output/uart_pca10040 Release/Obj/nrfx_prs.o
 .debug_abbrev  0x000000000000175d      0x5b3 Output/uart_pca10040 Release/Obj/nrfx_uart.o
 .debug_abbrev  0x0000000000001d10      0x52b Output/uart_pca10040 Release/Obj/nrfx_uarte.o
 .debug_abbrev  0x000000000000223b      0x24e Output/uart_pca10040 Release/Obj/main.o
 .debug_abbrev  0x0000000000002489       0x14 Output/uart_pca10040 Release/Obj/ses_startup_nrf52.o
 .debug_abbrev  0x000000000000249d       0x14 Output/uart_pca10040 Release/Obj/ses_startup_nrf_common.o
 .debug_abbrev  0x00000000000024b1      0x24b Output/uart_pca10040 Release/Obj/system_nrf52.o

.debug_aranges  0x0000000000000000      0x470
 .debug_aranges
                0x0000000000000000       0x80 Output/uart_pca10040 Release/Obj/thumb_crt0.o
 .debug_aranges
                0x0000000000000080       0x78 Output/uart_pca10040 Release/Obj/boards.o
 .debug_aranges
                0x00000000000000f8       0x28 Output/uart_pca10040 Release/Obj/app_error.o
 .debug_aranges
                0x0000000000000120       0x20 Output/uart_pca10040 Release/Obj/app_error_weak.o
 .debug_aranges
                0x0000000000000140       0x50 Output/uart_pca10040 Release/Obj/app_fifo.o
 .debug_aranges
                0x0000000000000190       0x58 Output/uart_pca10040 Release/Obj/app_uart_fifo.o
 .debug_aranges
                0x00000000000001e8       0x48 Output/uart_pca10040 Release/Obj/app_util_platform.o
 .debug_aranges
                0x0000000000000230       0x28 Output/uart_pca10040 Release/Obj/retarget.o
 .debug_aranges
                0x0000000000000258       0x30 Output/uart_pca10040 Release/Obj/nrf_drv_uart.o
 .debug_aranges
                0x0000000000000288       0x30 Output/uart_pca10040 Release/Obj/nrfx_prs.o
 .debug_aranges
                0x00000000000002b8       0xa0 Output/uart_pca10040 Release/Obj/nrfx_uart.o
 .debug_aranges
                0x0000000000000358       0x78 Output/uart_pca10040 Release/Obj/nrfx_uarte.o
 .debug_aranges
                0x00000000000003d0       0x28 Output/uart_pca10040 Release/Obj/main.o
 .debug_aranges
                0x00000000000003f8       0x20 Output/uart_pca10040 Release/Obj/ses_startup_nrf52.o
 .debug_aranges
                0x0000000000000418       0x20 Output/uart_pca10040 Release/Obj/ses_startup_nrf_common.o
 .debug_aranges
                0x0000000000000438       0x38 Output/uart_pca10040 Release/Obj/system_nrf52.o

.debug_str      0x0000000000000000    0x7173d
 .debug_str     0x0000000000000000       0xa1 Output/uart_pca10040 Release/Obj/thumb_crt0.o
 .debug_str     0x00000000000000a1    0x6a269 Output/uart_pca10040 Release/Obj/boards.o
                                      0x6afe8 (size before relaxing)
 .debug_str     0x000000000006a30a      0x11a Output/uart_pca10040 Release/Obj/app_error.o
                                      0x5d242 (size before relaxing)
 .debug_str     0x000000000006a424     0x32a9 Output/uart_pca10040 Release/Obj/app_error_weak.o
                                      0x6a352 (size before relaxing)
 .debug_str     0x000000000006d6cd      0x1d8 Output/uart_pca10040 Release/Obj/app_fifo.o
                                      0x66f70 (size before relaxing)
 .debug_str     0x000000000006d8a5     0x1693 Output/uart_pca10040 Release/Obj/app_uart_fifo.o
                                      0x6b7c4 (size before relaxing)
 .debug_str     0x000000000006ef38      0x357 Output/uart_pca10040 Release/Obj/app_util_platform.o
                                      0x5da4f (size before relaxing)
 .debug_str     0x000000000006f28f       0x74 Output/uart_pca10040 Release/Obj/retarget.o
                                      0x67837 (size before relaxing)
 .debug_str     0x000000000006f303      0x48c Output/uart_pca10040 Release/Obj/nrf_drv_uart.o
                                      0x6aecc (size before relaxing)
 .debug_str     0x000000000006f78f      0x656 Output/uart_pca10040 Release/Obj/nrfx_prs.o
                                      0x6cf96 (size before relaxing)
 .debug_str     0x000000000006fde5      0x78b Output/uart_pca10040 Release/Obj/nrfx_uart.o
                                      0x6e127 (size before relaxing)
 .debug_str     0x0000000000070570      0x94f Output/uart_pca10040 Release/Obj/nrfx_uarte.o
                                      0x6e5af (size before relaxing)
 .debug_str     0x0000000000070ebf      0x3b0 Output/uart_pca10040 Release/Obj/main.o
                                      0x6b567 (size before relaxing)
 .debug_str     0x000000000007126f       0x3b Output/uart_pca10040 Release/Obj/ses_startup_nrf52.o
                                         0x8b (size before relaxing)
 .debug_str     0x00000000000712aa       0x40 Output/uart_pca10040 Release/Obj/ses_startup_nrf_common.o
                                         0x90 (size before relaxing)
 .debug_str     0x00000000000712ea      0x453 Output/uart_pca10040 Release/Obj/system_nrf52.o
                                      0x5bb79 (size before relaxing)

.debug_ranges   0x0000000000000000     0x1068
 .debug_ranges  0x0000000000000000       0x78 Output/uart_pca10040 Release/Obj/thumb_crt0.o
 .debug_ranges  0x0000000000000078      0x380 Output/uart_pca10040 Release/Obj/boards.o
 .debug_ranges  0x00000000000003f8       0x18 Output/uart_pca10040 Release/Obj/app_error.o
 .debug_ranges  0x0000000000000410       0x10 Output/uart_pca10040 Release/Obj/app_error_weak.o
 .debug_ranges  0x0000000000000420       0xa8 Output/uart_pca10040 Release/Obj/app_fifo.o
 .debug_ranges  0x00000000000004c8       0x98 Output/uart_pca10040 Release/Obj/app_uart_fifo.o
 .debug_ranges  0x0000000000000560       0x38 Output/uart_pca10040 Release/Obj/app_util_platform.o
 .debug_ranges  0x0000000000000598       0x18 Output/uart_pca10040 Release/Obj/retarget.o
 .debug_ranges  0x00000000000005b0       0x20 Output/uart_pca10040 Release/Obj/nrf_drv_uart.o
 .debug_ranges  0x00000000000005d0       0x40 Output/uart_pca10040 Release/Obj/nrfx_prs.o
 .debug_ranges  0x0000000000000610      0x538 Output/uart_pca10040 Release/Obj/nrfx_uart.o
 .debug_ranges  0x0000000000000b48      0x4b0 Output/uart_pca10040 Release/Obj/nrfx_uarte.o
 .debug_ranges  0x0000000000000ff8       0x48 Output/uart_pca10040 Release/Obj/main.o
 .debug_ranges  0x0000000000001040       0x28 Output/uart_pca10040 Release/Obj/system_nrf52.o

.debug_frame    0x0000000000000000      0x930
 .debug_frame   0x0000000000000000      0x104 Output/uart_pca10040 Release/Obj/boards.o
 .debug_frame   0x0000000000000104       0x58 Output/uart_pca10040 Release/Obj/app_error.o
 .debug_frame   0x000000000000015c       0x20 Output/uart_pca10040 Release/Obj/app_error_weak.o
 .debug_frame   0x000000000000017c       0xbc Output/uart_pca10040 Release/Obj/app_fifo.o
 .debug_frame   0x0000000000000238      0x128 Output/uart_pca10040 Release/Obj/app_uart_fifo.o
 .debug_frame   0x0000000000000360       0x70 Output/uart_pca10040 Release/Obj/app_util_platform.o
 .debug_frame   0x00000000000003d0       0x4c Output/uart_pca10040 Release/Obj/retarget.o
 .debug_frame   0x000000000000041c       0x88 Output/uart_pca10040 Release/Obj/nrf_drv_uart.o
 .debug_frame   0x00000000000004a4       0x50 Output/uart_pca10040 Release/Obj/nrfx_prs.o
 .debug_frame   0x00000000000004f4      0x220 Output/uart_pca10040 Release/Obj/nrfx_uart.o
 .debug_frame   0x0000000000000714      0x17c Output/uart_pca10040 Release/Obj/nrfx_uarte.o
 .debug_frame   0x0000000000000890       0x44 Output/uart_pca10040 Release/Obj/main.o
 .debug_frame   0x00000000000008d4       0x5c Output/uart_pca10040 Release/Obj/system_nrf52.o

.debug_loc      0x0000000000000000     0x45f1
 .debug_loc     0x0000000000000000      0x82f Output/uart_pca10040 Release/Obj/boards.o
 .debug_loc     0x000000000000082f       0xcd Output/uart_pca10040 Release/Obj/app_error.o
 .debug_loc     0x00000000000008fc       0x4a Output/uart_pca10040 Release/Obj/app_error_weak.o
 .debug_loc     0x0000000000000946      0x7d8 Output/uart_pca10040 Release/Obj/app_fifo.o
 .debug_loc     0x000000000000111e      0x4de Output/uart_pca10040 Release/Obj/app_uart_fifo.o
 .debug_loc     0x00000000000015fc       0xda Output/uart_pca10040 Release/Obj/app_util_platform.o
 .debug_loc     0x00000000000016d6       0x6c Output/uart_pca10040 Release/Obj/retarget.o
 .debug_loc     0x0000000000001742      0x1d6 Output/uart_pca10040 Release/Obj/nrf_drv_uart.o
 .debug_loc     0x0000000000001918       0xcb Output/uart_pca10040 Release/Obj/nrfx_prs.o
 .debug_loc     0x00000000000019e3     0x1589 Output/uart_pca10040 Release/Obj/nrfx_uart.o
 .debug_loc     0x0000000000002f6c     0x1629 Output/uart_pca10040 Release/Obj/nrfx_uarte.o
 .debug_loc     0x0000000000004595       0x5c Output/uart_pca10040 Release/Obj/main.o

.debug_pubnames
                0x0000000000000000     0x2a66
 .debug_pubnames
                0x0000000000000000      0x4bd Output/uart_pca10040 Release/Obj/boards.o
 .debug_pubnames
                0x00000000000004bd       0x6c Output/uart_pca10040 Release/Obj/app_error.o
 .debug_pubnames
                0x0000000000000529      0x10e Output/uart_pca10040 Release/Obj/app_error_weak.o
 .debug_pubnames
                0x0000000000000637       0xc8 Output/uart_pca10040 Release/Obj/app_fifo.o
 .debug_pubnames
                0x00000000000006ff      0x3a3 Output/uart_pca10040 Release/Obj/app_uart_fifo.o
 .debug_pubnames
                0x0000000000000aa2      0x221 Output/uart_pca10040 Release/Obj/app_util_platform.o
 .debug_pubnames
                0x0000000000000cc3       0x2e Output/uart_pca10040 Release/Obj/retarget.o
 .debug_pubnames
                0x0000000000000cf1       0xcb Output/uart_pca10040 Release/Obj/nrf_drv_uart.o
 .debug_pubnames
                0x0000000000000dbc      0x11d Output/uart_pca10040 Release/Obj/nrfx_prs.o
 .debug_pubnames
                0x0000000000000ed9      0xa8b Output/uart_pca10040 Release/Obj/nrfx_uart.o
 .debug_pubnames
                0x0000000000001964      0xc3b Output/uart_pca10040 Release/Obj/nrfx_uarte.o
 .debug_pubnames
                0x000000000000259f      0x3a8 Output/uart_pca10040 Release/Obj/main.o
 .debug_pubnames
                0x0000000000002947      0x11f Output/uart_pca10040 Release/Obj/system_nrf52.o

.debug_pubtypes
                0x0000000000000000     0x2400
 .debug_pubtypes
                0x0000000000000000      0x23c Output/uart_pca10040 Release/Obj/boards.o
 .debug_pubtypes
                0x000000000000023c      0x1e2 Output/uart_pca10040 Release/Obj/app_error.o
 .debug_pubtypes
                0x000000000000041e      0x2bd Output/uart_pca10040 Release/Obj/app_error_weak.o
 .debug_pubtypes
                0x00000000000006db      0x1ac Output/uart_pca10040 Release/Obj/app_fifo.o
 .debug_pubtypes
                0x0000000000000887      0x3d8 Output/uart_pca10040 Release/Obj/app_uart_fifo.o
 .debug_pubtypes
                0x0000000000000c5f      0x1cf Output/uart_pca10040 Release/Obj/app_util_platform.o
 .debug_pubtypes
                0x0000000000000e2e      0x1b8 Output/uart_pca10040 Release/Obj/retarget.o
 .debug_pubtypes
                0x0000000000000fe6      0x473 Output/uart_pca10040 Release/Obj/nrf_drv_uart.o
 .debug_pubtypes
                0x0000000000001459      0x2ba Output/uart_pca10040 Release/Obj/nrfx_prs.o
 .debug_pubtypes
                0x0000000000001713      0x471 Output/uart_pca10040 Release/Obj/nrfx_uart.o
 .debug_pubtypes
                0x0000000000001b84      0x4b9 Output/uart_pca10040 Release/Obj/nrfx_uarte.o
 .debug_pubtypes
                0x000000000000203d      0x21c Output/uart_pca10040 Release/Obj/main.o
 .debug_pubtypes
                0x0000000000002259      0x1a7 Output/uart_pca10040 Release/Obj/system_nrf52.o

.debug_macro    0x0000000000000000     0x3584
 .debug_macro   0x0000000000000000      0x221 Output/uart_pca10040 Release/Obj/boards.o
 .debug_macro   0x0000000000000221       0x1c Output/uart_pca10040 Release/Obj/boards.o
 .debug_macro   0x000000000000023d       0x26 Output/uart_pca10040 Release/Obj/boards.o
 .debug_macro   0x0000000000000263      0x3b1 Output/uart_pca10040 Release/Obj/boards.o
 .debug_macro   0x0000000000000614       0x59 Output/uart_pca10040 Release/Obj/boards.o
 .debug_macro   0x000000000000066d      0x137 Output/uart_pca10040 Release/Obj/boards.o
 .debug_macro   0x00000000000007a4      0x12b Output/uart_pca10040 Release/Obj/boards.o
 .debug_macro   0x00000000000008cf       0x3f Output/uart_pca10040 Release/Obj/boards.o
 .debug_macro   0x000000000000090e       0x72 Output/uart_pca10040 Release/Obj/boards.o
 .debug_macro   0x0000000000000980       0x49 Output/uart_pca10040 Release/Obj/boards.o
 .debug_macro   0x00000000000009c9       0x8c Output/uart_pca10040 Release/Obj/boards.o
 .debug_macro   0x0000000000000a55       0x19 Output/uart_pca10040 Release/Obj/boards.o
 .debug_macro   0x0000000000000a6e       0x1d Output/uart_pca10040 Release/Obj/boards.o
 .debug_macro   0x0000000000000a8b       0x35 Output/uart_pca10040 Release/Obj/boards.o
 .debug_macro   0x0000000000000ac0       0x7b Output/uart_pca10040 Release/Obj/boards.o
 .debug_macro   0x0000000000000b3b       0x64 Output/uart_pca10040 Release/Obj/boards.o
 .debug_macro   0x0000000000000b9f       0x20 Output/uart_pca10040 Release/Obj/boards.o
 .debug_macro   0x0000000000000bbf       0x16 Output/uart_pca10040 Release/Obj/boards.o
 .debug_macro   0x0000000000000bd5      0x25a Output/uart_pca10040 Release/Obj/boards.o
 .debug_macro   0x0000000000000e2f      0x16d Output/uart_pca10040 Release/Obj/boards.o
 .debug_macro   0x0000000000000f9c      0x105 Output/uart_pca10040 Release/Obj/app_error.o
 .debug_macro   0x00000000000010a1       0x35 Output/uart_pca10040 Release/Obj/app_error.o
 .debug_macro   0x00000000000010d6       0x78 Output/uart_pca10040 Release/Obj/app_error.o
 .debug_macro   0x000000000000114e      0x1fe Output/uart_pca10040 Release/Obj/app_error_weak.o
 .debug_macro   0x000000000000134c       0x31 Output/uart_pca10040 Release/Obj/app_error_weak.o
 .debug_macro   0x000000000000137d       0x16 Output/uart_pca10040 Release/Obj/app_error_weak.o
 .debug_macro   0x0000000000001393       0x55 Output/uart_pca10040 Release/Obj/app_error_weak.o
 .debug_macro   0x00000000000013e8      0x17f Output/uart_pca10040 Release/Obj/app_error_weak.o
 .debug_macro   0x0000000000001567       0x9a Output/uart_pca10040 Release/Obj/app_error_weak.o
 .debug_macro   0x0000000000001601       0x28 Output/uart_pca10040 Release/Obj/app_error_weak.o
 .debug_macro   0x0000000000001629       0x23 Output/uart_pca10040 Release/Obj/app_error_weak.o
 .debug_macro   0x000000000000164c       0x1c Output/uart_pca10040 Release/Obj/app_error_weak.o
 .debug_macro   0x0000000000001668      0x14f Output/uart_pca10040 Release/Obj/app_fifo.o
 .debug_macro   0x00000000000017b7       0x22 Output/uart_pca10040 Release/Obj/app_fifo.o
 .debug_macro   0x00000000000017d9      0x29a Output/uart_pca10040 Release/Obj/app_uart_fifo.o
 .debug_macro   0x0000000000001a73       0x18 Output/uart_pca10040 Release/Obj/app_uart_fifo.o
 .debug_macro   0x0000000000001a8b       0x10 Output/uart_pca10040 Release/Obj/app_uart_fifo.o
 .debug_macro   0x0000000000001a9b       0x10 Output/uart_pca10040 Release/Obj/app_uart_fifo.o
 .debug_macro   0x0000000000001aab       0x10 Output/uart_pca10040 Release/Obj/app_uart_fifo.o
 .debug_macro   0x0000000000001abb       0x10 Output/uart_pca10040 Release/Obj/app_uart_fifo.o
 .debug_macro   0x0000000000001acb       0x10 Output/uart_pca10040 Release/Obj/app_uart_fifo.o
 .debug_macro   0x0000000000001adb       0x3f Output/uart_pca10040 Release/Obj/app_uart_fifo.o
 .debug_macro   0x0000000000001b1a      0x11b Output/uart_pca10040 Release/Obj/app_util_platform.o
 .debug_macro   0x0000000000001c35      0x17a Output/uart_pca10040 Release/Obj/retarget.o
 .debug_macro   0x0000000000001daf      0x24a Output/uart_pca10040 Release/Obj/nrf_drv_uart.o
 .debug_macro   0x0000000000001ff9      0x2a0 Output/uart_pca10040 Release/Obj/nrfx_prs.o
 .debug_macro   0x0000000000002299       0x28 Output/uart_pca10040 Release/Obj/nrfx_prs.o
 .debug_macro   0x00000000000022c1       0x1c Output/uart_pca10040 Release/Obj/nrfx_prs.o
 .debug_macro   0x00000000000022dd       0x37 Output/uart_pca10040 Release/Obj/nrfx_prs.o
 .debug_macro   0x0000000000002314       0x10 Output/uart_pca10040 Release/Obj/nrfx_prs.o
 .debug_macro   0x0000000000002324      0x179 Output/uart_pca10040 Release/Obj/nrfx_prs.o
 .debug_macro   0x000000000000249d       0x42 Output/uart_pca10040 Release/Obj/nrfx_prs.o
 .debug_macro   0x00000000000024df      0x2bb Output/uart_pca10040 Release/Obj/nrfx_uart.o
 .debug_macro   0x000000000000279a       0x1c Output/uart_pca10040 Release/Obj/nrfx_uart.o
 .debug_macro   0x00000000000027b6      0x2d9 Output/uart_pca10040 Release/Obj/nrfx_uarte.o
 .debug_macro   0x0000000000002a8f      0x272 Output/uart_pca10040 Release/Obj/main.o
 .debug_macro   0x0000000000002d01      0x7d0 Output/uart_pca10040 Release/Obj/main.o
 .debug_macro   0x00000000000034d1       0xb3 Output/uart_pca10040 Release/Obj/system_nrf52.o
