###############################################################################
#
# IAR ELF Linker V3.10.1.201 for STM8                     01/Aug/2020  09:45:38
# Copyright 2010-2017 IAR Systems AB.
#
#    Output file  =  
#        D:\2018\KODIMO\Monte\01_Dev\03_Extensions\01_Head\03_Source\03_i2c_stm8\04_Ref\stm8-servor\+++¡+ú¦¦+óSTM8+¬+ó¦s¦µ+·-¦-T¦¦-=\IAR\Debug\Exe\LY-STM8.out
#    Map file     =  
#        D:\2018\KODIMO\Monte\01_Dev\03_Extensions\01_Head\03_Source\03_i2c_stm8\04_Ref\stm8-servor\+++¡+ú¦¦+óSTM8+¬+ó¦s¦µ+·-¦-T¦¦-=\IAR\Debug\List\LY-STM8.map
#    Command line =  
#        -f C:\Users\Admin\AppData\Local\Temp\EW8526.tmp
#        (D:\2018\KODIMO\Monte\01_Dev\03_Extensions\01_Head\03_Source\03_i2c_stm8\04_Ref\stm8-servor\+++¡+ú¦¦+óSTM8+¬+ó¦s¦µ+·-¦-T¦¦-=\IAR\Debug\Obj\at24cxx.o
#        D:\2018\KODIMO\Monte\01_Dev\03_Extensions\01_Head\03_Source\03_i2c_stm8\04_Ref\stm8-servor\+++¡+ú¦¦+óSTM8+¬+ó¦s¦µ+·-¦-T¦¦-=\IAR\Debug\Obj\i2c.o
#        D:\2018\KODIMO\Monte\01_Dev\03_Extensions\01_Head\03_Source\03_i2c_stm8\04_Ref\stm8-servor\+++¡+ú¦¦+óSTM8+¬+ó¦s¦µ+·-¦-T¦¦-=\IAR\Debug\Obj\led.o
#        D:\2018\KODIMO\Monte\01_Dev\03_Extensions\01_Head\03_Source\03_i2c_stm8\04_Ref\stm8-servor\+++¡+ú¦¦+óSTM8+¬+ó¦s¦µ+·-¦-T¦¦-=\IAR\Debug\Obj\main.o
#        D:\2018\KODIMO\Monte\01_Dev\03_Extensions\01_Head\03_Source\03_i2c_stm8\04_Ref\stm8-servor\+++¡+ú¦¦+óSTM8+¬+ó¦s¦µ+·-¦-T¦¦-=\IAR\Debug\Obj\pbdata.o
#        D:\2018\KODIMO\Monte\01_Dev\03_Extensions\01_Head\03_Source\03_i2c_stm8\04_Ref\stm8-servor\+++¡+ú¦¦+óSTM8+¬+ó¦s¦µ+·-¦-T¦¦-=\IAR\Debug\Obj\stm8s_clk.o
#        D:\2018\KODIMO\Monte\01_Dev\03_Extensions\01_Head\03_Source\03_i2c_stm8\04_Ref\stm8-servor\+++¡+ú¦¦+óSTM8+¬+ó¦s¦µ+·-¦-T¦¦-=\IAR\Debug\Obj\stm8s_exti.o
#        D:\2018\KODIMO\Monte\01_Dev\03_Extensions\01_Head\03_Source\03_i2c_stm8\04_Ref\stm8-servor\+++¡+ú¦¦+óSTM8+¬+ó¦s¦µ+·-¦-T¦¦-=\IAR\Debug\Obj\stm8s_gpio.o
#        D:\2018\KODIMO\Monte\01_Dev\03_Extensions\01_Head\03_Source\03_i2c_stm8\04_Ref\stm8-servor\+++¡+ú¦¦+óSTM8+¬+ó¦s¦µ+·-¦-T¦¦-=\IAR\Debug\Obj\stm8s_it.o
#        D:\2018\KODIMO\Monte\01_Dev\03_Extensions\01_Head\03_Source\03_i2c_stm8\04_Ref\stm8-servor\+++¡+ú¦¦+óSTM8+¬+ó¦s¦µ+·-¦-T¦¦-=\IAR\Debug\Obj\stm8s_tim1.o
#        D:\2018\KODIMO\Monte\01_Dev\03_Extensions\01_Head\03_Source\03_i2c_stm8\04_Ref\stm8-servor\+++¡+ú¦¦+óSTM8+¬+ó¦s¦µ+·-¦-T¦¦-=\IAR\Debug\Obj\stm8s_uart1.o
#        D:\2018\KODIMO\Monte\01_Dev\03_Extensions\01_Head\03_Source\03_i2c_stm8\04_Ref\stm8-servor\+++¡+ú¦¦+óSTM8+¬+ó¦s¦µ+·-¦-T¦¦-=\IAR\Debug\Obj\tim1_pwm.o
#        D:\2018\KODIMO\Monte\01_Dev\03_Extensions\01_Head\03_Source\03_i2c_stm8\04_Ref\stm8-servor\+++¡+ú¦¦+óSTM8+¬+ó¦s¦µ+·-¦-T¦¦-=\IAR\Debug\Obj\tm1650.o
#        D:\2018\KODIMO\Monte\01_Dev\03_Extensions\01_Head\03_Source\03_i2c_stm8\04_Ref\stm8-servor\+++¡+ú¦¦+óSTM8+¬+ó¦s¦µ+·-¦-T¦¦-=\IAR\Debug\Obj\uart1.o
#        --redirect _Printf=_PrintfSmall --redirect _Scanf=_ScanfSmall -o
#        D:\2018\KODIMO\Monte\01_Dev\03_Extensions\01_Head\03_Source\03_i2c_stm8\04_Ref\stm8-servor\+++¡+ú¦¦+óSTM8+¬+ó¦s¦µ+·-¦-T¦¦-=\IAR\Debug\Exe\LY-STM8.out
#        --map
#        D:\2018\KODIMO\Monte\01_Dev\03_Extensions\01_Head\03_Source\03_i2c_stm8\04_Ref\stm8-servor\+++¡+ú¦¦+óSTM8+¬+ó¦s¦µ+·-¦-T¦¦-=\IAR\Debug\List\LY-STM8.map
#        --config "C:\Program Files (x86)\IAR Systems\Embedded Workbench
#        8.0\stm8\config\lnkstm8s003f3.icf" --config_def _CSTACK_SIZE=0x100
#        --config_def _HEAP_SIZE=0x100 --entry __iar_program_start --debug_lib)
#
###############################################################################

*******************************************************************************
*** RUNTIME MODEL ATTRIBUTES
***

__Heap_Handler             = Basic
__SystemLibrary            = DLib
__code_model               = small
__core                     = stm8
__data_model               = medium
__dlib_file_descriptor     = 1
__dlib_full_locale_support = 1
__rt_version               = 4


*******************************************************************************
*** PLACEMENT SUMMARY
***

"A0":  place at start of [0x000000-0x0000ff] { rw section .vregs };
"A1":  place at end of [0x000000-0x0003ff] { block CSTACK };
"P2":  place in [from 0x000000 to 0x0003ff] {
          block HEAP, rw section __DLIB_PERTHREAD, rw section .far.bss,
          rw section .far.data, rw section .far.noinit,
          rw section .far_func.textrw, rw section .huge.bss,
          rw section .huge.data, rw section .huge.noinit,
          rw section .huge_func.textrw, rw section .iar.dynexit,
          rw section .near.bss, rw section .near.data, rw section .near.noinit,
          rw section .near_func.textrw };
"A2":  place at start of [0x008000-0x009fff] { block INTVEC };
"P3":  place in [from 0x008000 to 0x009fff] {
          ro section __DLIB_PERTHREAD_init, ro section .far.data_init,
          ro section .far_func.textrw_init, ro section .huge.data_init,
          ro section .huge_func.textrw_init, ro section .iar.init_table,
          ro section .init_array, ro section .near.data_init,
          ro section .near.rodata, ro section .near_func.text,
          ro section .near_func.textrw_init, ro section .tiny.data_init,
          ro section .tiny.rodata_init };
"P4":  place in [from 0x008000 to 0x009fff] {
          ro section .far.rodata, ro section .far_func.text };
"P5":  place in [from 0x008000 to 0x009fff] {
          ro section .huge.rodata, ro section .huge_func.text };
do not initialize {
   rw section .eeprom.noinit, rw section .far.noinit, rw section .huge.noinit,
   rw section .near.noinit, rw section .tiny.noinit, rw section .vregs };
initialize by copy {
   rw section .far.bss, rw section .far.data, rw section .far_func.textrw,
   rw section .huge.bss, rw section .huge.data, rw section .huge_func.textrw,
   rw section .iar.dynexit, rw section .near.bss, rw section .near.data,
   rw section .near_func.textrw, rw section .tiny.bss, rw section .tiny.data,
   ro section .tiny.rodata };

  Section            Kind      Address    Size  Object
  -------            ----      -------    ----  ------
"A0":                                     0x10
  .vregs             uninit   0x000000    0x10  vregs.o [4]
                            - 0x000010    0x10

"P2", part 1 of 3:                        0x34
  P2-1                        0x000010    0x34  <Init block>
    .near.data       inited   0x000010     0x2  tim1_pwm.o [1]
    .near.data       inited   0x000012     0xa  tm1650.o [1]
    .near.data       inited   0x00001c    0x28  xfiles.o [4]
                            - 0x000044    0x34

"P2", part 2 of 3:                       0x100
  HEAP                        0x000044   0x100  <Block>
    HEAP             uninit   0x000044   0x100  <Block tail>
                            - 0x000144   0x100

"P2", part 3 of 3:                        0x68
  .near.bss          zero     0x000144    0x50  xfiles.o [4]
  .near.bss          zero     0x000194     0xe  setlocale.o [4]
  .near.bss          zero     0x0001a2     0x4  xxmemxmalloc.o [4]
  .near.bss          zero     0x0001a6     0x2  setlocale.o [4]
  .near.bss          zero     0x0001a8     0x2  xgetmemchunk.o [4]
  .near.bss          zero     0x0001aa     0x1  tim1_pwm.o [1]
  .near.bss          zero     0x0001ab     0x1  tim1_pwm.o [1]
                            - 0x0001ac    0x68

"A1":                                    0x100
  CSTACK                      0x000300   0x100  <Block>
    CSTACK           uninit   0x000300   0x100  <Block tail>
                            - 0x000400   0x100

"A2":                                     0x80
  INTVEC                      0x008000    0x80  <Block>
    .intvec          const    0x008000    0x80  interrupt.o [4]
                            - 0x008080    0x80

"P3-P5":                                0x1f28
  .near_func.text    ro code  0x008080   0x445  xprintfsmall.o [4]
  .near_func.text    ro code  0x0084c5   0x222  stm8s_uart1.o [1]
  .near_func.text    ro code  0x0086e7   0x1dc  xprintfsmall.o [4]
  .near_func.text    ro code  0x0088c3   0x176  xprintfsmall.o [4]
  .near_func.text    ro code  0x008a39   0x16e  long.o [4]
  .near_func.text    ro code  0x008ba7   0x147  stm8s_tim1.o [1]
  .near_func.text    ro code  0x008cee   0x147  vreg_util.o [4]
  .near_func.text    ro code  0x008e35   0x110  stm8s_gpio.o [1]
  .near_func.text    ro code  0x008f45    0xd3  xxmemxfree.o [4]
  .near_func.text    ro code  0x009018    0xd0  stm8s_uart1.o [1]
  .near.rodata       const    0x0090e8    0x92  stm8s_uart1.o [1]
  .near_func.text    ro code  0x00917a    0x92  xxmemxmalloc.o [4]
  .near.rodata       const    0x00920c    0x91  stm8s_gpio.o [1]
  .near.rodata       const    0x00929d    0x91  stm8s_tim1.o [1]
  .near.rodata       const    0x00932e    0x90  stm8s_clk.o [1]
  .near_func.text    ro code  0x0093be    0x6d  i2c.o [1]
  .near_func.text    ro code  0x00942b    0x6a  i2c.o [1]
  .near_func.text    ro code  0x009495    0x63  xxmemxmalloc.o [4]
  .near_func.text    ro code  0x0094f8    0x60  stm8s_tim1.o [1]
  .near_func.text    ro code  0x009558    0x5b  tim1_pwm.o [1]
  .near_func.text    ro code  0x0095b3    0x57  stm8s_clk.o [1]
  .near_func.text    ro code  0x00960a    0x52  tm1650.o [1]
  .near_func.text    ro code  0x00965c    0x4b  i2c.o [1]
  .near_func.text    ro code  0x0096a7    0x47  tim1_pwm.o [1]
  .near_func.text    ro code  0x0096ee    0x47  long_util.o [4]
  .near_func.text    ro code  0x009735    0x3d  stm8s_clk.o [1]
  .near_func.text    ro code  0x009772    0x3d  xprintfsmall.o [4]
  .near_func.text    ro code  0x0097af    0x3c  tim1_pwm.o [1]
  .near_func.text    ro code  0x0097eb    0x38  i2c.o [1]
  .near_func.text    ro code  0x009823    0x38  i2c.o [1]
  .near_func.text    ro code  0x00985b    0x38  i2c.o [1]
  .near_func.text    ro code  0x009893    0x38  i2c.o [1]
  .near_func.text    ro code  0x0098cb    0x36  xprintfsmall.o [4]
  .near_func.text    ro code  0x009901    0x35  xprintfsmall.o [4]
  Initializer bytes  const    0x009936    0x34  <for P2-1>
  .near_func.text    ro code  0x00996a    0x32  xencoding_sb.o [4]
  .near_func.text    ro code  0x00999c    0x2f  stm8s_tim1.o [1]
  .near_func.text    ro code  0x0099cb    0x2f  stm8s_tim1.o [1]
  .near_func.text    ro code  0x0099fa    0x2f  stm8s_tim1.o [1]
  .near_func.text    ro code  0x009a29    0x2f  xprintfsmall.o [4]
  .near_func.text    ro code  0x009a58    0x2b  short.o [4]
  .near_func.text    ro code  0x009a83    0x29  tim1_pwm.o [1]
  .near.rodata       const    0x009aac    0x28  tim1_pwm.o [1]
  .near_func.text    ro code  0x009ad4    0x28  init_small.o [4]
  .near.rodata       const    0x009afc    0x27  tim1_pwm.o [1]
  .near.rodata       const    0x009b23    0x26  tim1_pwm.o [1]
  .near.rodata       const    0x009b49    0x26  tim1_pwm.o [1]
  .near_func.text    ro code  0x009b6f    0x26  uart1.o [1]
  .near.rodata       const    0x009b95    0x25  tim1_pwm.o [1]
  .near_func.text    ro code  0x009bba    0x25  dc_util.o [4]
  .near_func.text    ro code  0x009bdf    0x24  led.o [1]
  .near_func.text    ro code  0x009c03    0x21  xmbtowc.o [4]
  .near_func.text    ro code  0x009c24    0x21  memchr.o [4]
  .iar.init_table    const    0x009c45    0x12  - Linker created -
  .near_func.text    ro code  0x009c57    0x1f  tm1650.o [1]
  .near_func.text    ro code  0x009c76    0x1f  memcpy.o [4]
  .near_func.text    ro code  0x009c95    0x1e  init_small.o [4]
  .near_func.text    ro code  0x009cb3    0x1d  printf.o [4]
  .near_func.text    ro code  0x009cd0    0x1c  xwctomb.o [4]
  .near_func.text    ro code  0x009cec    0x1b  main.o [1]
  .near_func.text    ro code  0x009d07    0x1b  xprout.o [4]
  .near_func.text    ro code  0x009d22    0x1a  pbdata.o [1]
  .near_func.text    ro code  0x009d3c    0x19  stm8s_it.o [1]
  .near_func.text    ro code  0x009d55    0x19  xgetmemchunk.o [4]
  .near_func.text    ro code  0x009d6e    0x18  i2c.o [1]
  .near_func.text    ro code  0x009d86    0x17  xencoding_sb.o [4]
  .near_func.text    ro code  0x009d9d    0x15  strchr.o [4]
  .near_func.text    ro code  0x009db2    0x14  uart1.o [1]
  .near_func.text    ro code  0x009dc6    0x14  init.o [4]
  .near_func.text    ro code  0x009dda    0x14  xprintfsmall.o [4]
  .near_func.text    ro code  0x009dee    0x14  xprintfsmall.o [4]
  .near_func.text    ro code  0x009e02    0x14  __dbg_xxexit.o [3]
  .near_func.text    ro code  0x009e16    0x13  cstartup.o [4]
  .near_func.text    ro code  0x009e29    0x10  main.o [1]
  .near_func.text    ro code  0x009e39     0xf  pbdata.o [1]
  .near_func.text    ro code  0x009e48     0xe  xprintfsmall.o [4]
  .near_func.text    ro code  0x009e56     0xd  stm8s_uart1.o [1]
  .near_func.text    ro code  0x009e63     0xd  move.o [4]
  .near_func.text    ro code  0x009e70     0xd  strlen.o [4]
  .near_func.text    ro code  0x009e7d     0xc  setlocale.o [4]
  .near_func.text    ro code  0x009e89     0xb  xprintfsmall.o [4]
  .near_func.text    ro code  0x009e94     0xb  xprintfsmall.o [4]
  .near_func.text    ro code  0x009e9f     0xa  xprintfsmall.o [4]
  .near_func.text    ro code  0x009ea9     0xa  xprintfsmall.o [4]
  .near_func.text    ro code  0x009eb3     0x9  stm8s_tim1.o [1]
  .near_func.text    ro code  0x009ebc     0x9  xprintfsmall.o [4]
  .near_func.text    ro code  0x009ec5     0x9  xprintfsmall.o [4]
  .near_func.text    ro code  0x009ece     0x9  xprintfsmall.o [4]
  .near_func.text    ro code  0x009ed7     0x9  xprintfsmall.o [4]
  .near.rodata       const    0x009ee0     0x8  xprintfsmall.o [4]
  .near.rodata       const    0x009ee8     0x8  xprintfsmall.o [4]
  .near.rodata       const    0x009ef0     0x8  xencoding_sb.o [4]
  .near.rodata       const    0x009ef8     0x8  xencoding_sb.o [4]
  .near_func.text    ro code  0x009f00     0x8  xprintfsmall.o [4]
  .near.rodata       const    0x009f08     0x7  xprintfsmall.o [4]
  .near_func.text    ro code  0x009f0f     0x7  stm8s_gpio.o [1]
  .near_func.text    ro code  0x009f16     0x7  stm8s_gpio.o [1]
  .near_func.text    ro code  0x009f1d     0x7  xprintfsmall.o [4]
  .near_func.text    ro code  0x009f24     0x7  xprintfsmall.o [4]
  .near_func.text    ro code  0x009f2b     0x7  xprintfsmall.o [4]
  .near_func.text    ro code  0x009f32     0x7  xxmemxmalloc.o [4]
  .near_func.text    ro code  0x009f39     0x7  putchar.o [4]
  .near_func.text    ro code  0x009f40     0x6  xprintfsmall.o [4]
  .near_func.text    ro code  0x009f46     0x6  xprintfsmall.o [4]
  .near_func.text    ro code  0x009f4c     0x6  xprintfsmall.o [4]
  .near_func.text    ro code  0x009f52     0x6  xmbcurmax.o [4]
  .near_func.text    ro code  0x009f58     0x5  xprintfsmall.o [4]
  .near_func.text    ro code  0x009f5d     0x5  xprintfsmall.o [4]
  .near_func.text    ro code  0x009f62     0x5  xprintfsmall.o [4]
  .near_func.text    ro code  0x009f67     0x5  cexit.o [4]
  .near.rodata       const    0x009f6c     0x4  stm8s_clk.o [1]
  .near_func.text    ro code  0x009f70     0x4  stm8s_gpio.o [1]
  .near_func.text    ro code  0x009f74     0x4  stm8s_uart1.o [1]
  .near_func.text    ro code  0x009f78     0x4  stm8s_uart1.o [1]
  .near_func.text    ro code  0x009f7c     0x4  setlocale.o [4]
  .near_func.text    ro code  0x009f80     0x3  interrupt.o [4]
  .near_func.text    ro code  0x009f83     0x3  low_level_init.o [4]
  .near_func.text    ro code  0x009f86     0x3  exit.o [4]
  .near_func.text    ro code  0x009f89     0x3  unhandled_exception.o [4]
  .near_func.text    ro code  0x009f8c     0x2  main.o [1]
  .near_func.text    ro code  0x009f8e     0x1  stm8s_it.o [1]
  .near_func.text    ro code  0x009f8f     0x1  stm8s_it.o [1]
  .near_func.text    ro code  0x009f90     0x1  stm8s_it.o [1]
  .near_func.text    ro code  0x009f91     0x1  stm8s_it.o [1]
  .near_func.text    ro code  0x009f92     0x1  stm8s_it.o [1]
  .near_func.text    ro code  0x009f93     0x1  stm8s_it.o [1]
  .near_func.text    ro code  0x009f94     0x1  stm8s_it.o [1]
  .near_func.text    ro code  0x009f95     0x1  stm8s_it.o [1]
  .near_func.text    ro code  0x009f96     0x1  stm8s_it.o [1]
  .near_func.text    ro code  0x009f97     0x1  stm8s_it.o [1]
  .near_func.text    ro code  0x009f98     0x1  stm8s_it.o [1]
  .near_func.text    ro code  0x009f99     0x1  stm8s_it.o [1]
  .near_func.text    ro code  0x009f9a     0x1  stm8s_it.o [1]
  .near_func.text    ro code  0x009f9b     0x1  stm8s_it.o [1]
  .near_func.text    ro code  0x009f9c     0x1  stm8s_it.o [1]
  .near_func.text    ro code  0x009f9d     0x1  stm8s_it.o [1]
  .near_func.text    ro code  0x009f9e     0x1  stm8s_it.o [1]
  .near_func.text    ro code  0x009f9f     0x1  stm8s_it.o [1]
  .near_func.text    ro code  0x009fa0     0x1  stm8s_it.o [1]
  .near_func.text    ro code  0x009fa1     0x1  stm8s_it.o [1]
  .near_func.text    ro code  0x009fa2     0x1  stm8s_it.o [1]
  .near_func.text    ro code  0x009fa3     0x1  stm8s_it.o [1]
  .near_func.text    ro code  0x009fa4     0x1  stm8s_it.o [1]
  .near_func.text    ro code  0x009fa5     0x1  stm8s_it.o [1]
  .near_func.text    ro code  0x009fa6     0x1  stm8s_it.o [1]
  .near_func.text    ro code  0x009fa7     0x1  __dbg_break.o [3]
                            - 0x009fa8  0x1f28


*******************************************************************************
*** INIT TABLE
***

          Address   Size
          -------   ----
Zero (__iar_zero_init2)
    1 destination range, total size 0x68:
          0x000144  0x68

Copy (__iar_copy_init2)
    1 source range, total size 0x34:
          0x009936  0x34
    1 destination range, total size 0x34:
          0x000010  0x34



*******************************************************************************
*** MODULE SUMMARY
***

    Module                 ro code  ro data  rw data
    ------                 -------  -------  -------
D:\2018\KODIMO\Monte\01_Dev\03_Extensions\01_Head\03_Source\03_i2c_stm8\04_Ref\stm8-servor\+++¡+ú¦¦+óSTM8+¬+ó¦s¦µ+·-¦-T¦¦-=\IAR\Debug\Obj: [1]
    i2c.o                      538
    led.o                       36
    main.o                      45
    pbdata.o                    41
    stm8s_clk.o                148      148
    stm8s_gpio.o               290      145
    stm8s_it.o                  50
    stm8s_tim1.o               573      145
    stm8s_uart1.o              775      146
    tim1_pwm.o                 263      194        4
    tm1650.o                   113       10       10
    uart1.o                     58
    ------------------------------------------------
    Total:                   2 930      788       14

command line: [2]
    ------------------------------------------------
    Total:

dbgstm8smd.a: [3]
    __dbg_break.o                1
    __dbg_xxexit.o              20
    ------------------------------------------------
    Total:                      21

dlstm8smf.a: [4]
    cexit.o                      5
    cstartup.o                  19
    dc_util.o                   37
    exit.o                       3
    init.o                      20
    init_small.o                70
    interrupt.o                  3      128
    long.o                     366
    long_util.o                 71
    low_level_init.o             3
    memchr.o                    33
    memcpy.o                    31
    move.o                      13
    printf.o                    29
    putchar.o                    7
    setlocale.o                 16                16
    short.o                     43
    strchr.o                    21
    strlen.o                    13
    unhandled_exception.o        3
    vreg_util.o                327
    vregs.o                                       16
    xencoding_sb.o              73       16
    xfiles.o                             40      120
    xgetmemchunk.o              25                 2
    xmbcurmax.o                  6
    xmbtowc.o                   33
    xprintfsmall.o           2 352       23
    xprout.o                    27
    xwctomb.o                   28
    xxmemxfree.o               211
    xxmemxmalloc.o             252                 4
    ------------------------------------------------
    Total:                   4 140      207      158

    Linker created                       18      512
----------------------------------------------------
    Grand Total:             7 091    1 013      684


*******************************************************************************
*** ENTRY LIST
***

Entry                    Address   Size  Type      Object
-----                    -------   ----  ----      ------
.iar.init_table$$Base   0x009c45          --   Gb  - Linker created -
.iar.init_table$$Limit  0x009c57          --   Gb  - Linker created -
?and32_l0_l0_0x         0x008b66         Code  Gb  long.o [4]
?and32_l0_l0_l1         0x008b63         Code  Gb  long.o [4]
?b0                     0x000000         Data  Gb  vregs.o [4]
?b1                     0x000001         Data  Gb  vregs.o [4]
?b10                    0x00000a         Data  Gb  vregs.o [4]
?b11                    0x00000b         Data  Gb  vregs.o [4]
?b12                    0x00000c         Data  Gb  vregs.o [4]
?b13                    0x00000d         Data  Gb  vregs.o [4]
?b14                    0x00000e         Data  Gb  vregs.o [4]
?b15                    0x00000f         Data  Gb  vregs.o [4]
?b2                     0x000002         Data  Gb  vregs.o [4]
?b3                     0x000003         Data  Gb  vregs.o [4]
?b4                     0x000004         Data  Gb  vregs.o [4]
?b5                     0x000005         Data  Gb  vregs.o [4]
?b6                     0x000006         Data  Gb  vregs.o [4]
?b7                     0x000007         Data  Gb  vregs.o [4]
?b8                     0x000008         Data  Gb  vregs.o [4]
?b9                     0x000009         Data  Gb  vregs.o [4]
?dc32_l0                0x009bba         Code  Gb  dc_util.o [4]
?dc32_l1                0x009bc7         Code  Gb  dc_util.o [4]
?dc32_px                0x009bd4         Code  Gb  dc_util.o [4]
?e0                     0x000001         Data  Gb  vregs.o [4]
?e1                     0x000005         Data  Gb  vregs.o [4]
?e2                     0x000009         Data  Gb  vregs.o [4]
?e3                     0x00000d         Data  Gb  vregs.o [4]
?epilogue_l2            0x008d93         Code  Gb  vreg_util.o [4]
?epilogue_l2_l3         0x008d90         Code  Gb  vreg_util.o [4]
?epilogue_l2_w6         0x008d97         Code  Gb  vreg_util.o [4]
?epilogue_w4            0x008d9e         Code  Gb  vreg_util.o [4]
?l0                     0x000000         Data  Gb  vregs.o [4]
?l1                     0x000004         Data  Gb  vregs.o [4]
?l2                     0x000008         Data  Gb  vregs.o [4]
?l3                     0x00000c         Data  Gb  vregs.o [4]
?load32_0x_l0           0x009727         Code  Gb  long_util.o [4]
?load32_asp_l0          0x00971b         Code  Gb  long_util.o [4]
?load32_dbsp_l0         0x009716         Code  Gb  long_util.o [4]
?load32_l0_0x           0x0096fe         Code  Gb  long_util.o [4]
?load32_l0_asp          0x0096f3         Code  Gb  long_util.o [4]
?load32_l0_dbsp         0x0096ee         Code  Gb  long_util.o [4]
?load32_l0_xsp          0x0096f5         Code  Gb  long_util.o [4]
?load32_l1_0x           0x00970a         Code  Gb  long_util.o [4]
?load32_xsp_l0          0x00971d         Code  Gb  long_util.o [4]
?mov_e0_e2              0x008ddd         Code  Gb  vreg_util.o [4]
?mov_e0_e3              0x008dea         Code  Gb  vreg_util.o [4]
?mov_e1_e0              0x008df7         Code  Gb  vreg_util.o [4]
?mov_e1_e2              0x008e04         Code  Gb  vreg_util.o [4]
?mov_e1_e3              0x008e11         Code  Gb  vreg_util.o [4]
?mov_e2_e0              0x008e1e         Code  Gb  vreg_util.o [4]
?mov_e3_e0              0x008e2b         Code  Gb  vreg_util.o [4]
?mov_l0_l2              0x008dda         Code  Gb  vreg_util.o [4]
?mov_l0_l3              0x008de7         Code  Gb  vreg_util.o [4]
?mov_l1_l0              0x008df4         Code  Gb  vreg_util.o [4]
?mov_l1_l2              0x008e01         Code  Gb  vreg_util.o [4]
?mov_l1_l3              0x008e0e         Code  Gb  vreg_util.o [4]
?mov_l2_l0              0x008e1b         Code  Gb  vreg_util.o [4]
?mov_l3_l0              0x008e28         Code  Gb  vreg_util.o [4]
?mov_w0_w3              0x008da2         Code  Gb  vreg_util.o [4]
?mov_w0_w4              0x008da9         Code  Gb  vreg_util.o [4]
?mov_w0_w5              0x008db0         Code  Gb  vreg_util.o [4]
?mov_w1_w4              0x008db7         Code  Gb  vreg_util.o [4]
?mov_w1_w5              0x008de0         Code  Gb  vreg_util.o [4]
?mov_w1_w7              0x008ded         Code  Gb  vreg_util.o [4]
?mov_w2_w1              0x008dbe         Code  Gb  vreg_util.o [4]
?mov_w3_w1              0x008dfa         Code  Gb  vreg_util.o [4]
?mov_w3_w5              0x008e07         Code  Gb  vreg_util.o [4]
?mov_w3_w7              0x008e14         Code  Gb  vreg_util.o [4]
?mov_w4_w0              0x008dc5         Code  Gb  vreg_util.o [4]
?mov_w4_w1              0x008dcc         Code  Gb  vreg_util.o [4]
?mov_w5_w0              0x008dd3         Code  Gb  vreg_util.o [4]
?mov_w5_w1              0x008e21         Code  Gb  vreg_util.o [4]
?mov_w7_w1              0x008e2e         Code  Gb  vreg_util.o [4]
?move1616_v_x_y_a       0x009e63         Code  Gb  move.o [4]
?mul16_x_x_w0           0x009a58         Code  Gb  short.o [4]
?mul32_l0_l0_0x         0x008a67         Code  Gb  long.o [4]
?mul32_l0_l0_dl         0x008a64         Code  Gb  long.o [4]
?mul32_l0_l0_l1         0x008a70         Code  Gb  long.o [4]
?neg32_l0_l0            0x008a39         Code  Gb  long.o [4]
?pop_l0                 0x008d5c         Code  Gb  vreg_util.o [4]
?pop_l1                 0x008d67         Code  Gb  vreg_util.o [4]
?pop_l2                 0x008d72         Code  Gb  vreg_util.o [4]
?pop_l3                 0x008d7d         Code  Gb  vreg_util.o [4]
?pop_w4                 0x008d15         Code  Gb  vreg_util.o [4]
?pop_w6                 0x008d1c         Code  Gb  vreg_util.o [4]
?push_l0                0x008d2b         Code  Gb  vreg_util.o [4]
?push_l1                0x008d30         Code  Gb  vreg_util.o [4]
?push_l2                0x008d35         Code  Gb  vreg_util.o [4]
?push_l3                0x008d3a         Code  Gb  vreg_util.o [4]
?push_w0                0x008cee         Code  Gb  vreg_util.o [4]
?push_w1                0x008cf3         Code  Gb  vreg_util.o [4]
?push_w4                0x008cf8         Code  Gb  vreg_util.o [4]
?push_w6                0x008cfd         Code  Gb  vreg_util.o [4]
?sext32_l0_a            0x008b9a         Code  Gb  long.o [4]
?sext32_l0_x            0x008b8f         Code  Gb  long.o [4]
?sll16_x_x_a            0x009a76         Code  Gb  short.o [4]
?sll32_0x_0x_a          0x008b81         Code  Gb  long.o [4]
?sll32_l0_l0_a          0x008b7e         Code  Gb  long.o [4]
?srl16_x_x_4            0x009a7e         Code  Gb  short.o [4]
?sub32_l0_l0_0x         0x008a4c         Code  Gb  long.o [4]
?sub32_l0_l0_l1         0x008a49         Code  Gb  long.o [4]
?udiv32_l0_dl_l1        0x008aee         Code  Gb  long.o [4]
?udiv32_l0_l0_dl        0x008af3         Code  Gb  long.o [4]
?udiv32_l0_l0_l1        0x008af6         Code  Gb  long.o [4]
?umod32_l1_l0_l1        0x008af6         Code  Gb  long.o [4]
?w0                     0x000000         Data  Gb  vregs.o [4]
?w1                     0x000002         Data  Gb  vregs.o [4]
?w2                     0x000004         Data  Gb  vregs.o [4]
?w3                     0x000006         Data  Gb  vregs.o [4]
?w4                     0x000008         Data  Gb  vregs.o [4]
?w5                     0x00000a         Data  Gb  vregs.o [4]
?w6                     0x00000c         Data  Gb  vregs.o [4]
?w7                     0x00000e         Data  Gb  vregs.o [4]
ADC2_IRQHandler         0x009fa4    0x1  Code  Gb  stm8s_it.o [1]
AWU_IRQHandler          0x009f90    0x1  Code  Gb  stm8s_it.o [1]
BSP_Configuration       0x009cec   0x1b  Code  Gb  main.o [1]
CAN_RX_IRQHandler       0x009f97    0x1  Code  Gb  stm8s_it.o [1]
CAN_TX_IRQHandler       0x009f98    0x1  Code  Gb  stm8s_it.o [1]
CLK_GetClockFreq        0x0095b3   0x57  Code  Gb  stm8s_clk.o [1]
CLK_HSIPrescalerConfig  0x009735   0x3d  Code  Gb  stm8s_clk.o [1]
CLK_IRQHandler          0x009f91    0x1  Code  Gb  stm8s_it.o [1]
CODE                    0x000012    0xa  Data  Gb  tm1650.o [1]
CSTACK$$Base            0x000300          --   Gb  - Linker created -
CSTACK$$Limit           0x000400          --   Gb  - Linker created -
DJ_CS_Printf            0x0096a7   0x47  Code  Gb  tim1_pwm.o [1]
DJ_KZ_Key               0x009558   0x5b  Code  Gb  tim1_pwm.o [1]
DJ_KZ_Key::k            0x0001ab    0x1  Data  Lc  tim1_pwm.o [1]
DJ_KZ_Uart              0x009a83   0x29  Code  Gb  tim1_pwm.o [1]
EEPROM_EEC_IRQHandler   0x009fa6    0x1  Code  Gb  stm8s_it.o [1]
EXTI_PORTA_IRQHandler   0x009f92    0x1  Code  Gb  stm8s_it.o [1]
EXTI_PORTB_IRQHandler   0x009f93    0x1  Code  Gb  stm8s_it.o [1]
EXTI_PORTC_IRQHandler   0x009f94    0x1  Code  Gb  stm8s_it.o [1]
EXTI_PORTD_IRQHandler   0x009f95    0x1  Code  Gb  stm8s_it.o [1]
EXTI_PORTE_IRQHandler   0x009f96    0x1  Code  Gb  stm8s_it.o [1]
GPIO_Init               0x008e35  0x110  Code  Gb  stm8s_gpio.o [1]
GPIO_ReadInputPin       0x009f16    0x7  Code  Gb  stm8s_gpio.o [1]
GPIO_WriteHigh          0x009f0f    0x7  Code  Gb  stm8s_gpio.o [1]
GPIO_WriteLow           0x009f70    0x4  Code  Gb  stm8s_gpio.o [1]
HEAP$$Base              0x000044          --   Gb  - Linker created -
HEAP$$Limit             0x000144          --   Gb  - Linker created -
HSIDivFactor            0x009f6c    0x4  Data  Gb  stm8s_clk.o [1]
I2C_Ack                 0x00985b   0x38  Code  Gb  i2c.o [1]
I2C_Configuration       0x009d6e   0x18  Code  Gb  i2c.o [1]
I2C_IRQHandler          0x009fa1    0x1  Code  Gb  stm8s_it.o [1]
I2C_NAck                0x009893   0x38  Code  Gb  i2c.o [1]
I2C_Read_Byte           0x00942b   0x6a  Code  Gb  i2c.o [1]
I2C_Send_Byte           0x0093be   0x6d  Code  Gb  i2c.o [1]
I2C_Start               0x0097eb   0x38  Code  Gb  i2c.o [1]
I2C_Stop                0x009823   0x38  Code  Gb  i2c.o [1]
I2C_Wait_Ack            0x00965c   0x4b  Code  Gb  i2c.o [1]
INTVEC$$Base            0x008000          --   Gb  - Linker created -
INTVEC$$Limit           0x008080          --   Gb  - Linker created -
LED_Init                0x009bdf   0x24  Code  Gb  led.o [1]
LoadInt                 0x009772   0x3d  Code  Lc  xprintfsmall.o [4]
Region$$Table$$Base     0x009c45          --   Gb  - Linker created -
Region$$Table$$Limit    0x009c57          --   Gb  - Linker created -
SPI_IRQHandler          0x009f99    0x1  Code  Gb  stm8s_it.o [1]
TIM1_ARRPreloadConfig   0x0099fa   0x2f  Code  Gb  stm8s_tim1.o [1]
TIM1_CAP_COM_IRQHandler
                        0x009f9b    0x1  Code  Gb  stm8s_it.o [1]
TIM1_Cmd                0x00999c   0x2f  Code  Gb  stm8s_tim1.o [1]
TIM1_CtrlPWMOutputs     0x0099cb   0x2f  Code  Gb  stm8s_tim1.o [1]
TIM1_OC1Init            0x008ba7  0x147  Code  Gb  stm8s_tim1.o [1]
TIM1_SetCompare1        0x009eb3    0x9  Code  Gb  stm8s_tim1.o [1]
TIM1_TimeBaseInit       0x0094f8   0x60  Code  Gb  stm8s_tim1.o [1]
TIM1_UPD_OVF_TRG_BRK_IRQHandler
                        0x009f9a    0x1  Code  Gb  stm8s_it.o [1]
TIM2_CAP_COM_IRQHandler
                        0x009f9d    0x1  Code  Gb  stm8s_it.o [1]
TIM2_UPD_OVF_BRK_IRQHandler
                        0x009f9c    0x1  Code  Gb  stm8s_it.o [1]
TIM3_CAP_COM_IRQHandler
                        0x009f9f    0x1  Code  Gb  stm8s_it.o [1]
TIM3_UPD_OVF_BRK_IRQHandler
                        0x009f9e    0x1  Code  Gb  stm8s_it.o [1]
TIM4_UPD_OVF_IRQHandler
                        0x009fa5    0x1  Code  Gb  stm8s_it.o [1]
TLI_IRQHandler          0x009f8f    0x1  Code  Gb  stm8s_it.o [1]
TM1650_Init             0x00962b   0x31  Code  Gb  tm1650.o [1]
TM1650_Key              0x009c57   0x1f  Code  Gb  tm1650.o [1]
TM1650_Set              0x00960a   0x21  Code  Gb  tm1650.o [1]
TRAP_IRQHandler         0x009f8e    0x1  Code  Gb  stm8s_it.o [1]
Tim1_PWM_Init           0x0097af   0x3c  Code  Gb  tim1_pwm.o [1]
UART1_Cmd               0x009e56    0xd  Code  Gb  stm8s_uart1.o [1]
UART1_Congfiguration    0x009b6f   0x26  Code  Gb  uart1.o [1]
UART1_ITConfig          0x009018   0xd0  Code  Gb  stm8s_uart1.o [1]
UART1_Init              0x0084c5  0x222  Code  Gb  stm8s_uart1.o [1]
UART1_RX_IRQHandler     0x009d3c   0x19  Code  Gb  stm8s_it.o [1]
UART1_ReceiveData8      0x009f74    0x4  Code  Gb  stm8s_uart1.o [1]
UART1_SendData8         0x009f78    0x4  Code  Gb  stm8s_uart1.o [1]
UART1_TX_IRQHandler     0x009fa0    0x1  Code  Gb  stm8s_it.o [1]
UART3_RX_IRQHandler     0x009fa3    0x1  Code  Gb  stm8s_it.o [1]
UART3_TX_IRQHandler     0x009fa2    0x1  Code  Gb  stm8s_it.o [1]
_EncodingSb_Mbtowc      0x00996a   0x32  Code  Gb  xencoding_sb.o [4]
_EncodingSb_Mbtowc::initial
                        0x009ef8    0x8  Data  Lc  xencoding_sb.o [4]
_EncodingSb_Wctomb      0x009d86   0x17  Code  Gb  xencoding_sb.o [4]
_EncodingSb_Wctomb::initial
                        0x009ef0    0x8  Data  Lc  xencoding_sb.o [4]
_LitobSmall             0x0088c3  0x176  Code  Lc  xprintfsmall.o [4]
_LocaleEncoding         0x009e7d    0xc  Code  Gb  setlocale.o [4]
_Locale_Profile         0x000194    0xe  Data  Gb  setlocale.o [4]
_Mbtowc                 0x009c03   0x21  Code  Gb  xmbtowc.o [4]
_PrintfSmall            0x008080  0x445  Code  Gb  xprintfsmall.o [4]
_Prout                  0x009d07   0x1b  Code  Gb  xprout.o [4]
_PutcharSmall           0x009a29   0x2f  Code  Lc  xprintfsmall.o [4]
_PutcharsSmall          0x009901   0x35  Code  Lc  xprintfsmall.o [4]
_PutstrSmall            0x0086e7  0x1dc  Code  Lc  xprintfsmall.o [4]
_Wctomb                 0x009cd0   0x1c  Code  Gb  xwctomb.o [4]
__DebugBreak            0x009fa7    0x1  Code  Gb  __dbg_break.o [3]
__exit                  0x009e02   0x14  Code  Gb  __dbg_xxexit.o [3]
__iar_Mbcurmax          0x009f52    0x6  Code  Gb  xmbcurmax.o [4]
__iar_Memchr            0x009c24   0x21  Code  Gb  memchr.o [4]
__iar_Stdout            0x00001c   0x28  Data  Gb  xfiles.o [4]
__iar_Strchr            0x009d9d   0x15  Code  Gb  strchr.o [4]
__iar_Tls_setup__Locale_Profile
                        0x0001a6    0x2  Data  Gb  setlocale.o [4]
__iar_copy_init2        0x009ad4         Code  Gb  init_small.o [4]
__iar_data_init2        0x009dc6   0x14  Code  Gb  init.o [4]
__iar_program_start     0x009e16         Code  Gb  cstartup.o [4]
__iar_unhandled_exception
                        0x009f89         Code  Gb  unhandled_exception.o [4]
__iar_zero_init2        0x009c95         Code  Gb  init_small.o [4]
__intvec                0x008000         Data  Gb  interrupt.o [4]
__low_level_init        0x009f83    0x3  Code  Gb  low_level_init.o [4]
__near_Aldata           0x0001a2    0x4  Data  Gb  xxmemxmalloc.o [4]
__near_GetMemChunk      0x009d55   0x19  Code  Gb  xgetmemchunk.o [4]
__near_GetMemChunk::start
                        0x0001a8    0x2  Data  Lc  xgetmemchunk.o [4]
__near_findmem          0x009495   0x63  Code  Lc  xxmemxmalloc.o [4]
_exit                   0x009f67         Code  Gb  cexit.o [4]
_interrupt_1            0x009f8e         Code  Gb  stm8s_it.o [1]
_interrupt_10           0x009f97         Code  Gb  stm8s_it.o [1]
_interrupt_11           0x009f98         Code  Gb  stm8s_it.o [1]
_interrupt_12           0x009f99         Code  Gb  stm8s_it.o [1]
_interrupt_13           0x009f9a         Code  Gb  stm8s_it.o [1]
_interrupt_14           0x009f9b         Code  Gb  stm8s_it.o [1]
_interrupt_15           0x009f9c         Code  Gb  stm8s_it.o [1]
_interrupt_16           0x009f9d         Code  Gb  stm8s_it.o [1]
_interrupt_17           0x009f9e         Code  Gb  stm8s_it.o [1]
_interrupt_18           0x009f9f         Code  Gb  stm8s_it.o [1]
_interrupt_19           0x009fa0         Code  Gb  stm8s_it.o [1]
_interrupt_2            0x009f8f         Code  Gb  stm8s_it.o [1]
_interrupt_20           0x009d3c         Code  Gb  stm8s_it.o [1]
_interrupt_21           0x009fa1         Code  Gb  stm8s_it.o [1]
_interrupt_22           0x009fa2         Code  Gb  stm8s_it.o [1]
_interrupt_23           0x009fa3         Code  Gb  stm8s_it.o [1]
_interrupt_24           0x009fa4         Code  Gb  stm8s_it.o [1]
_interrupt_25           0x009fa5         Code  Gb  stm8s_it.o [1]
_interrupt_26           0x009fa6         Code  Gb  stm8s_it.o [1]
_interrupt_3            0x009f90         Code  Gb  stm8s_it.o [1]
_interrupt_4            0x009f91         Code  Gb  stm8s_it.o [1]
_interrupt_5            0x009f92         Code  Gb  stm8s_it.o [1]
_interrupt_6            0x009f93         Code  Gb  stm8s_it.o [1]
_interrupt_7            0x009f94         Code  Gb  stm8s_it.o [1]
_interrupt_8            0x009f95         Code  Gb  stm8s_it.o [1]
_interrupt_9            0x009f96         Code  Gb  stm8s_it.o [1]
assert_failed           0x009f8c    0x2  Code  Gb  main.o [1]
delay_ms                0x009d22   0x1a  Code  Gb  pbdata.o [1]
delay_us                0x009e39    0xf  Code  Gb  pbdata.o [1]
djsd                    0x000010    0x2  Data  Gb  tim1_pwm.o [1]
exit                    0x009f86    0x3  Code  Gb  exit.o [4]
fputc                   0x009db2   0x14  Code  Gb  uart1.o [1]
free                    0x008f45   0xc9  Code  Gb  xxmemxfree.o [4]
main                    0x009e29   0x10  Code  Gb  main.o [1]
malloc                  0x00917a   0x92  Code  Gb  xxmemxmalloc.o [4]
memcpy                  0x009c76   0x1f  Code  Gb  memcpy.o [4]
obuf                    0x000144   0x50  Data  Lc  xfiles.o [4]
pad                     0x0098cb   0x36  Code  Lc  xprintfsmall.o [4]
printf                  0x009cb3   0x1d  Code  Gb  printf.o [4]
printf_bz               0x0001aa    0x1  Data  Gb  tim1_pwm.o [1]
putchar                 0x009f39    0x7  Code  Gb  putchar.o [4]
strlen                  0x009e70    0xd  Code  Gb  strlen.o [4]


[1] = D:\2018\KODIMO\Monte\01_Dev\03_Extensions\01_Head\03_Source\03_i2c_stm8\04_Ref\stm8-servor\+++¡+ú¦¦+óSTM8+¬+ó¦s¦µ+·-¦-T¦¦-=\IAR\Debug\Obj
[2] = command line
[3] = dbgstm8smd.a
[4] = dlstm8smf.a

  7 091 bytes of readonly  code memory
  1 013 bytes of readonly  data memory
    684 bytes of readwrite data memory

Errors: none
Warnings: none
