###############################################################################
#
# IAR ELF Linker V3.10.1.201 for STM8                     11/Aug/2020  14:36:33
# Copyright 2010-2017 IAR Systems AB.
#
#    Output file  =  
#        D:\2018\KODIMO\Monte\01_Dev\03_Extensions\01_Head\03_Source\03_i2c_stm8\04_Ref\STM8_WS2812B-master\STM8_WS2812B-master\Example
#        project\IAR\Debug\Exe\templproj.out
#    Map file     =  
#        D:\2018\KODIMO\Monte\01_Dev\03_Extensions\01_Head\03_Source\03_i2c_stm8\04_Ref\STM8_WS2812B-master\STM8_WS2812B-master\Example
#        project\IAR\Debug\List\templproj.map
#    Command line =  
#        -f C:\Users\Admin\AppData\Local\Temp\EWB499.tmp
#        ("D:\2018\KODIMO\Monte\01_Dev\03_Extensions\01_Head\03_Source\03_i2c_stm8\04_Ref\STM8_WS2812B-master\STM8_WS2812B-master\Example
#        project\IAR\Debug\Obj\main.o"
#        "D:\2018\KODIMO\Monte\01_Dev\03_Extensions\01_Head\03_Source\03_i2c_stm8\04_Ref\STM8_WS2812B-master\STM8_WS2812B-master\Example
#        project\IAR\Debug\Obj\stm8s_clk.o"
#        "D:\2018\KODIMO\Monte\01_Dev\03_Extensions\01_Head\03_Source\03_i2c_stm8\04_Ref\STM8_WS2812B-master\STM8_WS2812B-master\Example
#        project\IAR\Debug\Obj\stm8s_gpio.o"
#        "D:\2018\KODIMO\Monte\01_Dev\03_Extensions\01_Head\03_Source\03_i2c_stm8\04_Ref\STM8_WS2812B-master\STM8_WS2812B-master\Example
#        project\IAR\Debug\Obj\stm8s_it.o"
#        "D:\2018\KODIMO\Monte\01_Dev\03_Extensions\01_Head\03_Source\03_i2c_stm8\04_Ref\STM8_WS2812B-master\STM8_WS2812B-master\Example
#        project\IAR\Debug\Obj\stm8s_tim4.o"
#        "D:\2018\KODIMO\Monte\01_Dev\03_Extensions\01_Head\03_Source\03_i2c_stm8\04_Ref\STM8_WS2812B-master\STM8_WS2812B-master\Example
#        project\IAR\Debug\Obj\ws2812b_fx.o"
#        "D:\2018\KODIMO\Monte\01_Dev\03_Extensions\01_Head\03_Source\03_i2c_stm8\04_Ref\STM8_WS2812B-master\STM8_WS2812B-master\Example
#        project\IAR\Debug\Obj\ws2812b_LLD.o" --redirect _Printf=_PrintfTiny
#        --redirect _Scanf=_ScanfSmallNoMb -o
#        "D:\2018\KODIMO\Monte\01_Dev\03_Extensions\01_Head\03_Source\03_i2c_stm8\04_Ref\STM8_WS2812B-master\STM8_WS2812B-master\Example
#        project\IAR\Debug\Exe\templproj.out" --map
#        "D:\2018\KODIMO\Monte\01_Dev\03_Extensions\01_Head\03_Source\03_i2c_stm8\04_Ref\STM8_WS2812B-master\STM8_WS2812B-master\Example
#        project\IAR\Debug\List\templproj.map" --config "C:\Program Files
#        (x86)\IAR Systems\Embedded Workbench
#        8.0\stm8\config\lnkstm8s003f3.icf" --config_def _CSTACK_SIZE=0x100
#        --config_def _HEAP_SIZE=0x100 --entry __iar_program_start --debug_lib)
#
###############################################################################

*******************************************************************************
*** RUNTIME MODEL ATTRIBUTES
***

__SystemLibrary            = DLib
__code_model               = small
__core                     = stm8
__data_model               = small
__dlib_file_descriptor     = 0
__dlib_full_locale_support = 0
__rt_version               = 4


*******************************************************************************
*** PLACEMENT SUMMARY
***

"A0":  place at start of [0x000000-0x0000ff] { rw section .vregs };
"P1":  place in [from 0x000000 to 0x0000ff] {
          rw section .tiny.bss, rw section .tiny.data, rw section .tiny.noinit,
          rw section .tiny.rodata };
"A1":  place at end of [0x000000-0x0003ff] { block CSTACK };
"A2":  place at start of [0x008000-0x009fff] { block INTVEC };
"P3":  place in [from 0x008000 to 0x009fff] {
          ro section __DLIB_PERTHREAD_init, ro section .far.data_init,
          ro section .far_func.textrw_init, ro section .huge.data_init,
          ro section .huge_func.textrw_init, ro section .iar.init_table,
          ro section .init_array, ro section .near.data_init,
          ro section .near.rodata, ro section .near_func.text,
          ro section .near_func.textrw_init, ro section .tiny.data_init,
          ro section .tiny.rodata_init };
"P4":  place in [from 0x008000 to 0x009fff] {
          ro section .far.rodata, ro section .far_func.text };
"P5":  place in [from 0x008000 to 0x009fff] {
          ro section .huge.rodata, ro section .huge_func.text };
do not initialize {
   rw section .eeprom.noinit, rw section .far.noinit, rw section .huge.noinit,
   rw section .near.noinit, rw section .tiny.noinit, rw section .vregs };
initialize by copy {
   rw section .far.bss, rw section .far.data, rw section .far_func.textrw,
   rw section .huge.bss, rw section .huge.data, rw section .huge_func.textrw,
   rw section .iar.dynexit, rw section .near.bss, rw section .near.data,
   rw section .near_func.textrw, rw section .tiny.bss, rw section .tiny.data,
   ro section .tiny.rodata };

  Section            Kind      Address   Size  Object
  -------            ----      -------   ----  ------
"A0":                                    0x10
  .vregs             uninit   0x000000   0x10  vregs.o [4]
                            - 0x000010   0x10

"P1":                                    0x17
  P1-1                        0x000010   0x17  <Init block>
    .tiny.data       inited   0x000010    0x2  ws2812b_LLD.o [1]
    .tiny.bss        inited   0x000012    0x4  main.o [1]
    .tiny.bss        inited   0x000016    0x4  main.o [1]
    .tiny.bss        inited   0x00001a    0x1  main.o [1]
    .tiny.bss        inited   0x00001b    0xc  ws2812b_LLD.o [1]
                            - 0x000027   0x17

"A1":                                   0x100
  CSTACK                      0x000300  0x100  <Block>
    CSTACK           uninit   0x000300  0x100  <Block tail>
                            - 0x000400  0x100

"A2":                                    0x80
  INTVEC                      0x008000   0x80  <Block>
    .intvec          const    0x008000   0x80  interrupt.o [4]
                            - 0x008080   0x80

"P3-P5":                                0x741
  .near_func.text    ro code  0x008080  0x1b7  ws2812b_LLD.o [1]
  .near_func.text    ro code  0x008237   0xb5  ws2812b_fx.o [1]
  .near_func.text    ro code  0x0082ec   0xa2  stm8s_clk.o [1]
  .near_func.text    ro code  0x00838e   0x8e  stm8s_gpio.o [1]
  .near_func.text    ro code  0x00841c   0x71  vreg_util.o [4]
  .near_func.text    ro code  0x00848d   0x70  ws2812b_fx.o [1]
  .near_func.text    ro code  0x0084fd   0x42  main.o [1]
  .near_func.text    ro code  0x00853f   0x3e  ws2812b_LLD.o [1]
  .near_func.text    ro code  0x00857d   0x3e  long.o [4]
  .near_func.text    ro code  0x0085bb   0x28  init_small.o [4]
  .near_func.text    ro code  0x0085e3   0x27  main.o [1]
  .near_func.text    ro code  0x00860a   0x26  main.o [1]
  .iar.init_table    const    0x008630    0xa  - Linker created -
  .near_func.text    ro code  0x00863a   0x1f  move.o [4]
  .near_func.text    ro code  0x008659   0x1e  short.o [4]
  .near_func.text    ro code  0x008677   0x1d  main.o [1]
  .near_func.text    ro code  0x008694   0x1b  stm8s_it.o [1]
  .near_func.text    ro code  0x0086af   0x1a  stm8s_tim4.o [1]
  .near_func.text    ro code  0x0086c9   0x1a  long_util.o [4]
  .near_func.text    ro code  0x0086e3   0x17  main.o [1]
  Initializer bytes  const    0x0086fa   0x17  <for P1-1>
  .near_func.text    ro code  0x008711   0x14  init.o [4]
  .near_func.text    ro code  0x008725   0x14  __dbg_xxexit.o [3]
  .near_func.text    ro code  0x008739   0x13  cstartup.o [4]
  .near_func.text    ro code  0x00874c    0xe  stm8s_clk.o [1]
  .near_func.text    ro code  0x00875a    0xe  stm8s_clk.o [1]
  .near_func.text    ro code  0x008768    0xe  stm8s_tim4.o [1]
  .near_func.text    ro code  0x008776    0xd  stm8s_tim4.o [1]
  .near_func.text    ro code  0x008783    0x9  stm8s_tim4.o [1]
  .near_func.text    ro code  0x00878c    0x9  stm8s_tim4.o [1]
  .near_func.text    ro code  0x008795    0x7  stm8s_gpio.o [1]
  .near_func.text    ro code  0x00879c    0x5  cexit.o [4]
  .near_func.text    ro code  0x0087a1    0x3  interrupt.o [4]
  .near_func.text    ro code  0x0087a4    0x3  low_level_init.o [4]
  .near_func.text    ro code  0x0087a7    0x3  exit.o [4]
  .near_func.text    ro code  0x0087aa    0x3  unhandled_exception.o [4]
  .near_func.text    ro code  0x0087ad    0x1  stm8s_it.o [1]
  .near_func.text    ro code  0x0087ae    0x1  stm8s_it.o [1]
  .near_func.text    ro code  0x0087af    0x1  stm8s_it.o [1]
  .near_func.text    ro code  0x0087b0    0x1  stm8s_it.o [1]
  .near_func.text    ro code  0x0087b1    0x1  stm8s_it.o [1]
  .near_func.text    ro code  0x0087b2    0x1  stm8s_it.o [1]
  .near_func.text    ro code  0x0087b3    0x1  stm8s_it.o [1]
  .near_func.text    ro code  0x0087b4    0x1  stm8s_it.o [1]
  .near_func.text    ro code  0x0087b5    0x1  stm8s_it.o [1]
  .near_func.text    ro code  0x0087b6    0x1  stm8s_it.o [1]
  .near_func.text    ro code  0x0087b7    0x1  stm8s_it.o [1]
  .near_func.text    ro code  0x0087b8    0x1  stm8s_it.o [1]
  .near_func.text    ro code  0x0087b9    0x1  stm8s_it.o [1]
  .near_func.text    ro code  0x0087ba    0x1  stm8s_it.o [1]
  .near_func.text    ro code  0x0087bb    0x1  stm8s_it.o [1]
  .near_func.text    ro code  0x0087bc    0x1  stm8s_it.o [1]
  .near_func.text    ro code  0x0087bd    0x1  stm8s_it.o [1]
  .near_func.text    ro code  0x0087be    0x1  stm8s_it.o [1]
  .near_func.text    ro code  0x0087bf    0x1  stm8s_it.o [1]
  .near_func.text    ro code  0x0087c0    0x1  __dbg_break.o [3]
                            - 0x0087c1  0x741


*******************************************************************************
*** INIT TABLE
***

          Address   Size
          -------   ----
Copy (__iar_copy_init2)
    1 source range, total size 0x17:
          0x0086fa  0x17
    1 destination range, total size 0x17:
          0x000010  0x17



*******************************************************************************
*** MODULE SUMMARY
***

    Module                 ro code  ro data  rw data
    ------                 -------  -------  -------
D:\2018\KODIMO\Monte\01_Dev\03_Extensions\01_Head\03_Source\03_i2c_stm8\04_Ref\STM8_WS2812B-master\STM8_WS2812B-master\Example project\IAR\Debug\Obj: [1]
    main.o                     195        9        9
    stm8s_clk.o                190
    stm8s_gpio.o               149
    stm8s_it.o                  46
    stm8s_tim4.o                71
    ws2812b_LLD.o              501       14       14
    ws2812b_fx.o               293
    ------------------------------------------------
    Total:                   1 445       23       23

command line: [2]
    ------------------------------------------------
    Total:

dbgstm8ssd.a: [3]
    __dbg_break.o                1
    __dbg_xxexit.o              20
    ------------------------------------------------
    Total:                      21

dlstm8ssn.a: [4]
    cexit.o                      5
    cstartup.o                  19
    exit.o                       3
    init.o                      20
    init_small.o                40
    interrupt.o                  3      128
    long.o                      62
    long_util.o                 26
    low_level_init.o             3
    move.o                      31
    short.o                     30
    unhandled_exception.o        3
    vreg_util.o                113
    vregs.o                                       16
    ------------------------------------------------
    Total:                     358      128       16

    Linker created                       10      256
----------------------------------------------------
    Grand Total:             1 824      161      295


*******************************************************************************
*** ENTRY LIST
***

Entry                    Address   Size  Type      Object
-----                    -------   ----  ----      ------
.iar.init_table$$Base   0x008630          --   Gb  - Linker created -
.iar.init_table$$Limit  0x00863a          --   Gb  - Linker created -
?add32_l0_l0_0x         0x008593         Code  Gb  long.o [4]
?add32_l0_l0_l1         0x008590         Code  Gb  long.o [4]
?b0                     0x000000         Data  Gb  vregs.o [4]
?b1                     0x000001         Data  Gb  vregs.o [4]
?b10                    0x00000a         Data  Gb  vregs.o [4]
?b11                    0x00000b         Data  Gb  vregs.o [4]
?b12                    0x00000c         Data  Gb  vregs.o [4]
?b13                    0x00000d         Data  Gb  vregs.o [4]
?b14                    0x00000e         Data  Gb  vregs.o [4]
?b15                    0x00000f         Data  Gb  vregs.o [4]
?b2                     0x000002         Data  Gb  vregs.o [4]
?b3                     0x000003         Data  Gb  vregs.o [4]
?b4                     0x000004         Data  Gb  vregs.o [4]
?b5                     0x000005         Data  Gb  vregs.o [4]
?b6                     0x000006         Data  Gb  vregs.o [4]
?b7                     0x000007         Data  Gb  vregs.o [4]
?b8                     0x000008         Data  Gb  vregs.o [4]
?b9                     0x000009         Data  Gb  vregs.o [4]
?e0                     0x000001         Data  Gb  vregs.o [4]
?e1                     0x000005         Data  Gb  vregs.o [4]
?e2                     0x000009         Data  Gb  vregs.o [4]
?e3                     0x00000d         Data  Gb  vregs.o [4]
?epilogue_l2            0x008489         Code  Gb  vreg_util.o [4]
?inc32_0x_0x            0x008582         Code  Gb  long.o [4]
?inc32_l0_l0            0x00857d         Code  Gb  long.o [4]
?l0                     0x000000         Data  Gb  vregs.o [4]
?l1                     0x000004         Data  Gb  vregs.o [4]
?l2                     0x000008         Data  Gb  vregs.o [4]
?l3                     0x00000c         Data  Gb  vregs.o [4]
?load32_0x_l0           0x0086d5         Code  Gb  long_util.o [4]
?load32_l0_0x           0x0086c9         Code  Gb  long_util.o [4]
?longfarg16_v_w0_a      0x008647         Code  Gb  move.o [4]
?longfarg16_v_w0_x      0x008649         Code  Gb  move.o [4]
?move1616_v_x_y_a       0x00863a         Code  Gb  move.o [4]
?mul16_x_x_w0           0x008659         Code  Gb  short.o [4]
?pop_l0                 0x008460         Code  Gb  vreg_util.o [4]
?pop_l1                 0x00846b         Code  Gb  vreg_util.o [4]
?pop_l2                 0x008476         Code  Gb  vreg_util.o [4]
?push_l0                0x008434         Code  Gb  vreg_util.o [4]
?push_l1                0x008439         Code  Gb  vreg_util.o [4]
?push_l2                0x00843e         Code  Gb  vreg_util.o [4]
?push_w4                0x00841c         Code  Gb  vreg_util.o [4]
?ucmp32_c_l0_0x         0x0085ab         Code  Gb  long.o [4]
?w0                     0x000000         Data  Gb  vregs.o [4]
?w1                     0x000002         Data  Gb  vregs.o [4]
?w2                     0x000004         Data  Gb  vregs.o [4]
?w3                     0x000006         Data  Gb  vregs.o [4]
?w4                     0x000008         Data  Gb  vregs.o [4]
?w5                     0x00000a         Data  Gb  vregs.o [4]
?w6                     0x00000c         Data  Gb  vregs.o [4]
?w7                     0x00000e         Data  Gb  vregs.o [4]
ADC1_IRQHandler         0x0087be    0x1  Code  Gb  stm8s_it.o [1]
AWU_IRQHandler          0x0087af    0x1  Code  Gb  stm8s_it.o [1]
CLK_ClockSwitchCmd      0x00875a    0xe  Code  Gb  stm8s_clk.o [1]
CLK_ClockSwitchConfig   0x0082ec   0xa2  Code  Gb  stm8s_clk.o [1]
CLK_HSECmd              0x00874c    0xe  Code  Gb  stm8s_clk.o [1]
CLK_IRQHandler          0x0087b0    0x1  Code  Gb  stm8s_it.o [1]
CSTACK$$Base            0x000300          --   Gb  - Linker created -
CSTACK$$Limit           0x000400          --   Gb  - Linker created -
EEPROM_EEC_IRQHandler   0x0087bf    0x1  Code  Gb  stm8s_it.o [1]
EXTI_PORTA_IRQHandler   0x0087b1    0x1  Code  Gb  stm8s_it.o [1]
EXTI_PORTB_IRQHandler   0x0087b2    0x1  Code  Gb  stm8s_it.o [1]
EXTI_PORTC_IRQHandler   0x0087b3    0x1  Code  Gb  stm8s_it.o [1]
EXTI_PORTD_IRQHandler   0x0087b4    0x1  Code  Gb  stm8s_it.o [1]
EXTI_PORTE_IRQHandler   0x0087b5    0x1  Code  Gb  stm8s_it.o [1]
GPIO_Init               0x00838e   0x8e  Code  Gb  stm8s_gpio.o [1]
GPIO_WriteReverse       0x008795    0x7  Code  Gb  stm8s_gpio.o [1]
I2C_IRQHandler          0x0087bd    0x1  Code  Gb  stm8s_it.o [1]
INTVEC$$Base            0x008000          --   Gb  - Linker created -
INTVEC$$Limit           0x008080          --   Gb  - Linker created -
LedsArray               0x00001b    0xc  Data  Gb  ws2812b_LLD.o [1]
Region$$Table$$Base     0x008630          --   Gb  - Linker created -
Region$$Table$$Limit    0x00863a          --   Gb  - Linker created -
SPI_IRQHandler          0x0087b6    0x1  Code  Gb  stm8s_it.o [1]
TIM1_CAP_COM_IRQHandler
                        0x0087b7    0x1  Code  Gb  stm8s_it.o [1]
TIM1_UPD_OVF_TRG_BRK_IRQHandler
                        0x0087bc    0x1  Code  Gb  stm8s_it.o [1]
TIM2_CAP_COM_IRQHandler
                        0x0087b9    0x1  Code  Gb  stm8s_it.o [1]
TIM2_UPD_OVF_BRK_IRQHandler
                        0x0087b8    0x1  Code  Gb  stm8s_it.o [1]
TIM4_ClearFlag          0x008783    0x9  Code  Gb  stm8s_tim4.o [1]
TIM4_ClearITPendingBit  0x00878c    0x9  Code  Gb  stm8s_tim4.o [1]
TIM4_Cmd                0x008768    0xe  Code  Gb  stm8s_tim4.o [1]
TIM4_Config             0x008677   0x1d  Code  Gb  main.o [1]
TIM4_ITConfig           0x0086af   0x1a  Code  Gb  stm8s_tim4.o [1]
TIM4_TimeBaseInit       0x008776    0xd  Code  Gb  stm8s_tim4.o [1]
TIM4_UPD_OVF_IRQHandler
                        0x008694   0x1b  Code  Gb  stm8s_it.o [1]
TLI_IRQHandler          0x0087ae    0x1  Code  Gb  stm8s_it.o [1]
TRAP_IRQHandler         0x0087ad    0x1  Code  Gb  stm8s_it.o [1]
UART1_RX_IRQHandler     0x0087bb    0x1  Code  Gb  stm8s_it.o [1]
UART1_TX_IRQHandler     0x0087ba    0x1  Code  Gb  stm8s_it.o [1]
Wheel                   0x008237   0xb5  Code  Gb  ws2812b_fx.o [1]
__DebugBreak            0x0087c0    0x1  Code  Gb  __dbg_break.o [3]
__exit                  0x008725   0x14  Code  Gb  __dbg_xxexit.o [3]
__iar_copy_init2        0x0085bb         Code  Gb  init_small.o [4]
__iar_data_init2        0x008711   0x14  Code  Gb  init.o [4]
__iar_program_start     0x008739         Code  Gb  cstartup.o [4]
__iar_unhandled_exception
                        0x0087aa         Code  Gb  unhandled_exception.o [4]
__intvec                0x008000         Data  Gb  interrupt.o [4]
__low_level_init        0x0087a4    0x3  Code  Gb  low_level_init.o [4]
_delay_ms               0x0085e3   0x27  Code  Gb  main.o [1]
_exit                   0x00879c         Code  Gb  cexit.o [4]
_interrupt_1            0x0087ad         Code  Gb  stm8s_it.o [1]
_interrupt_12           0x0087b6         Code  Gb  stm8s_it.o [1]
_interrupt_13           0x0087bc         Code  Gb  stm8s_it.o [1]
_interrupt_14           0x0087b7         Code  Gb  stm8s_it.o [1]
_interrupt_15           0x0087b8         Code  Gb  stm8s_it.o [1]
_interrupt_16           0x0087b9         Code  Gb  stm8s_it.o [1]
_interrupt_19           0x0087ba         Code  Gb  stm8s_it.o [1]
_interrupt_2            0x0087ae         Code  Gb  stm8s_it.o [1]
_interrupt_20           0x0087bb         Code  Gb  stm8s_it.o [1]
_interrupt_21           0x0087bd         Code  Gb  stm8s_it.o [1]
_interrupt_24           0x0087be         Code  Gb  stm8s_it.o [1]
_interrupt_25           0x008694         Code  Gb  stm8s_it.o [1]
_interrupt_26           0x0087bf         Code  Gb  stm8s_it.o [1]
_interrupt_3            0x0087af         Code  Gb  stm8s_it.o [1]
_interrupt_4            0x0087b0         Code  Gb  stm8s_it.o [1]
_interrupt_5            0x0087b1         Code  Gb  stm8s_it.o [1]
_interrupt_6            0x0087b2         Code  Gb  stm8s_it.o [1]
_interrupt_7            0x0087b3         Code  Gb  stm8s_it.o [1]
_interrupt_8            0x0087b4         Code  Gb  stm8s_it.o [1]
_interrupt_9            0x0087b5         Code  Gb  stm8s_it.o [1]
clk_config              0x0086e3   0x17  Code  Gb  main.o [1]
delay_time              0x000016    0x4  Data  Lc  main.o [1]
exit                    0x0087a7    0x3  Code  Gb  exit.o [4]
main                    0x00860a   0x26  Code  Gb  main.o [1]
nbLedsBytes             0x000010    0x2  Data  Gb  ws2812b_LLD.o [1]
rainbowCycle            0x00848d   0x70  Code  Gb  ws2812b_fx.o [1]
rgb_SendArray           0x008080  0x1b7  Code  Gb  ws2812b_LLD.o [1]
rgb_SetColor            0x00853f   0x3e  Code  Gb  ws2812b_LLD.o [1]
uptime                  0x000012    0x4  Data  Lc  main.o [1]
uptime_routine          0x0084fd   0x42  Code  Gb  main.o [1]
z                       0x00001a    0x1  Data  Gb  main.o [1]


[1] = D:\2018\KODIMO\Monte\01_Dev\03_Extensions\01_Head\03_Source\03_i2c_stm8\04_Ref\STM8_WS2812B-master\STM8_WS2812B-master\Example project\IAR\Debug\Obj
[2] = command line
[3] = dbgstm8ssd.a
[4] = dlstm8ssn.a

  1 824 bytes of readonly  code memory
    161 bytes of readonly  data memory
    295 bytes of readwrite data memory

Errors: none
Warnings: none
