Archive member included to satisfy reference by file (symbol)

C:/Program Files/SEGGER/SEGGER Embedded Studio for ARM 4.30a/lib/libc_v7em_fpv4_sp_d16_hard_t_le_eabi.a(libc2.o)
                              Output/twi_scanner_pca10040 Release/Obj/nrf_log_str_formatter.o (isprint)
C:/Program Files/SEGGER/SEGGER Embedded Studio for ARM 4.30a/lib/libc_v7em_fpv4_sp_d16_hard_t_le_eabi.a(libc2_asm.o)
                              Output/twi_scanner_pca10040 Release/Obj/nrf_log_frontend.o (memcpy)
C:/Program Files/SEGGER/SEGGER Embedded Studio for ARM 4.30a/lib/libc_v7em_fpv4_sp_d16_hard_t_le_eabi.a(libc.o)
                              C:/Program Files/SEGGER/SEGGER Embedded Studio for ARM 4.30a/lib/libc_v7em_fpv4_sp_d16_hard_t_le_eabi.a(libc2.o) (__heap_lock)
C:/Program Files/SEGGER/SEGGER Embedded Studio for ARM 4.30a/lib/libc_v7em_fpv4_sp_d16_hard_t_le_eabi.a(libc_asm.o)
                              C:/Program Files/SEGGER/SEGGER Embedded Studio for ARM 4.30a/lib/libc_v7em_fpv4_sp_d16_hard_t_le_eabi.a(libc2.o) (__aeabi_uldivmod)
C:/Program Files/SEGGER/SEGGER Embedded Studio for ARM 4.30a/lib/libdebugio_v7em_fpv4_sp_d16_hard_t_le_eabi.a(libdebugio.o)
                              Output/twi_scanner_pca10040 Release/Obj/thumb_crt0.o (debug_fopen)
C:/Program Files/SEGGER/SEGGER Embedded Studio for ARM 4.30a/lib/libdebugio_mempoll_v7em_fpv4_sp_d16_hard_t_le_eabi.a(mempoll_debug_operations.o)
                              C:/Program Files/SEGGER/SEGGER Embedded Studio for ARM 4.30a/lib/libdebugio_v7em_fpv4_sp_d16_hard_t_le_eabi.a(libdebugio.o) (__do_debug_operation)
C:/Program Files/SEGGER/SEGGER Embedded Studio for ARM 4.30a/lib/libdebugio_mempoll_v7em_fpv4_sp_d16_hard_t_le_eabi.a(do_nv_debug_operation.o)
                              C:/Program Files/SEGGER/SEGGER Embedded Studio for ARM 4.30a/lib/libdebugio_v7em_fpv4_sp_d16_hard_t_le_eabi.a(libdebugio.o) (__do_nvdebug_operation)
C:/Program Files/SEGGER/SEGGER Embedded Studio for ARM 4.30a/lib/libm_v7em_fpv4_sp_d16_hard_t_le_eabi.a(libm_asm.o)
                              C:/Program Files/SEGGER/SEGGER Embedded Studio for ARM 4.30a/lib/libc_v7em_fpv4_sp_d16_hard_t_le_eabi.a(libc2.o) (__aeabi_dadd)
C:/Program Files/SEGGER/SEGGER Embedded Studio for ARM 4.30a/lib/libm_v7em_fpv4_sp_d16_hard_t_le_eabi.a(libm2.o)
                              C:/Program Files/SEGGER/SEGGER Embedded Studio for ARM 4.30a/lib/libvfprintf_v7em_fpv4_sp_d16_hard_t_le_eabi.o (frexp)

Discarded input sections

 .text          0x0000000000000000        0x0 Output/twi_scanner_pca10040 Release/Obj/thumb_crt0.o
 .data          0x0000000000000000        0x0 Output/twi_scanner_pca10040 Release/Obj/thumb_crt0.o
 .bss           0x0000000000000000        0x0 Output/twi_scanner_pca10040 Release/Obj/thumb_crt0.o
 .text.__aeabi_read_tp
                0x0000000000000000        0x8 Output/twi_scanner_pca10040 Release/Obj/thumb_crt0.o
 .text.abort    0x0000000000000000        0x2 Output/twi_scanner_pca10040 Release/Obj/thumb_crt0.o
 .text.__assert
                0x0000000000000000        0x2 Output/twi_scanner_pca10040 Release/Obj/thumb_crt0.o
 .text.__aeabi_assert
                0x0000000000000000        0x2 Output/twi_scanner_pca10040 Release/Obj/thumb_crt0.o
 .text.__sync_synchronize
                0x0000000000000000        0x2 Output/twi_scanner_pca10040 Release/Obj/thumb_crt0.o
 .text.__getchar
                0x0000000000000000        0x4 Output/twi_scanner_pca10040 Release/Obj/thumb_crt0.o
 .text.__putchar
                0x0000000000000000        0x4 Output/twi_scanner_pca10040 Release/Obj/thumb_crt0.o
 .text.__open   0x0000000000000000        0x4 Output/twi_scanner_pca10040 Release/Obj/thumb_crt0.o
 .text.__close  0x0000000000000000        0x4 Output/twi_scanner_pca10040 Release/Obj/thumb_crt0.o
 .text.__write  0x0000000000000000        0xa Output/twi_scanner_pca10040 Release/Obj/thumb_crt0.o
 .text.__read   0x0000000000000000        0xa Output/twi_scanner_pca10040 Release/Obj/thumb_crt0.o
 .text.__seek   0x0000000000000000       0x1a Output/twi_scanner_pca10040 Release/Obj/thumb_crt0.o
 .bss.__user_locale_name_buffer
                0x0000000000000000        0x4 Output/twi_scanner_pca10040 Release/Obj/thumb_crt0.o
 .stack         0x0000000000000000        0x0 Output/twi_scanner_pca10040 Release/Obj/thumb_crt0.o
 .stack_process
                0x0000000000000000        0x0 Output/twi_scanner_pca10040 Release/Obj/thumb_crt0.o
 .heap          0x0000000000000000        0x0 Output/twi_scanner_pca10040 Release/Obj/thumb_crt0.o
 .group         0x0000000000000000        0xc Output/twi_scanner_pca10040 Release/Obj/nrf_log_backend_rtt.o
 .group         0x0000000000000000        0xc Output/twi_scanner_pca10040 Release/Obj/nrf_log_backend_rtt.o
 .group         0x0000000000000000        0xc Output/twi_scanner_pca10040 Release/Obj/nrf_log_backend_rtt.o
 .group         0x0000000000000000        0xc Output/twi_scanner_pca10040 Release/Obj/nrf_log_backend_rtt.o
[...]
Memory Configuration

Name             Origin             Length             Attributes
UNPLACED_SECTIONS 0x0000000100000000 0x0000000000000000 xw
RAM              0x0000000020000000 0x0000000000010000 xw
FLASH            0x0000000000000000 0x0000000000080000 xw
*default*        0x0000000000000000 0xffffffffffffffff

Linker script and memory map

                0x0000000000000000                __vfprintf = __vfprintf_long
                0x0000000000000000                __vfscanf = __vfscanf_long
                0x0000000020000000                __RAM_segment_start__ = 0x20000000
                0x0000000020010000                __RAM_segment_end__ = 0x20010000
                0x0000000000010000                __RAM_segment_size__ = 0x10000
                0x0000000000000000                __FLASH_segment_start__ = 0x0
                0x0000000000080000                __FLASH_segment_end__ = 0x80000
                0x0000000000080000                __FLASH_segment_size__ = 0x80000
                0x0000000000002000                __HEAPSIZE__ = 0x2000
                0x0000000000000000                __STACKSIZE_PROCESS__ = 0x0
                0x0000000000002000                __STACKSIZE__ = 0x2000
                0x0000000020000000                __vectors_ram_load_start__ = 0x20000000

.vectors_ram    0x0000000020000000        0x0
                0x0000000020000000                __vectors_ram_start__ = .
                0x0000000020000000                __app_ram_start__ = __vectors_ram_start__
 *(.vectors_ram .vectors_ram.*)
                0x0000000020000000                __vectors_ram_end__ = (__vectors_ram_start__ + SIZEOF (.vectors_ram))
                0x0000000000000000                __vectors_ram_size__ = SIZEOF (.vectors_ram)
                0x0000000020000000                __vectors_ram_load_end__ = __vectors_ram_end__
                0x0000000000000001                . = ASSERT (((__vectors_ram_start__ == __vectors_ram_end__) || ((__vectors_ram_end__ - __RAM_segment_start__) <= __RAM_segment_size__)), error: .vectors_ram is too large to fit in RAM memory segment)
                0x0000000020000000                __nrf_sections_run_load_start__ = ALIGN (__vectors_ram_end__, 0x4)

.nrf_sections_run
                0x0000000020000000        0x0
                0x0000000020000000                __nrf_sections_run_start__ = .
                0x0000000020000000                __start_nrf_sections_run = __nrf_sections_run_start__
 *(.nrf_sections_run .nrf_sections_run.*)
                0x0000000020000000                __nrf_sections_run_end__ = (__nrf_sections_run_start__ + SIZEOF (.nrf_sections_run))
                0x0000000000000000                __nrf_sections_run_size__ = SIZEOF (.nrf_sections_run)
                0x0000000020000000                __nrf_sections_run_load_end__ = __nrf_sections_run_end__
                0x0000000000000001                . = ASSERT (((__nrf_sections_run_start__ == __nrf_sections_run_end__) || ((__nrf_sections_run_end__ - __RAM_segment_start__) <= __RAM_segment_size__)), error: .nrf_sections_run is too large to fit in RAM memory segment)
                0x0000000000000000                __vectors_load_start__ = 0x0

.vectors        0x0000000000000000      0x200
                0x0000000000000000                __vectors_start__ = .
 *(.vectors .vectors.*)
 .vectors       0x0000000000000000      0x200 Output/twi_scanner_pca10040 Release/Obj/ses_startup_nrf52.o
                0x0000000000000000                _vectors
                0x0000000000000200                __vectors_end__ = (__vectors_start__ + SIZEOF (.vectors))
                0x0000000000000200                __vectors_size__ = SIZEOF (.vectors)
                0x0000000000000200                __vectors_load_end__ = __vectors_end__
                0x0000000000000001                . = ASSERT (((__vectors_start__ == __vectors_end__) || ((__vectors_end__ - __FLASH_segment_start__) <= __FLASH_segment_size__)), error: .vectors is too large to fit in FLASH memory segment)
                0x0000000000000200                __init_load_start__ = ALIGN (__vectors_end__, 0x4)

.init           0x0000000000000200      0x1d0
                0x0000000000000200                __init_start__ = .
 *(.init .init.*)
 .init          0x0000000000000200      0x15c Output/twi_scanner_pca10040 Release/Obj/thumb_crt0.o
                0x0000000000000200                _start
                0x00000000000002b4                exit
 .init          0x000000000000035c       0x18 Output/twi_scanner_pca10040 Release/Obj/ses_startup_nrf52.o
                0x000000000000035c                NMI_Handler
                0x000000000000035e                HardFault_Handler
                0x0000000000000360                MemoryManagement_Handler
                0x0000000000000362                BusFault_Handler
                0x0000000000000364                UsageFault_Handler
                0x0000000000000366                SVC_Handler
                0x0000000000000368                DebugMon_Handler
                0x000000000000036a                PendSV_Handler
                0x000000000000036c                SysTick_Handler
                0x000000000000036e                PWM1_IRQHandler
                0x000000000000036e                SWI0_EGU0_IRQHandler
                0x000000000000036e                POWER_CLOCK_IRQHandler
                0x000000000000036e                RADIO_IRQHandler
                0x000000000000036e                PDM_IRQHandler
                0x000000000000036e                TEMP_IRQHandler
                0x000000000000036e                RTC0_IRQHandler
                0x000000000000036e                TIMER3_IRQHandler
                0x000000000000036e                FPU_IRQHandler
                0x000000000000036e                SWI2_EGU2_IRQHandler
                0x000000000000036e                TIMER4_IRQHandler
                0x000000000000036e                SWI4_EGU4_IRQHandler
                0x000000000000036e                TIMER0_IRQHandler
                0x000000000000036e                Dummy_Handler
                0x000000000000036e                TIMER1_IRQHandler
                0x000000000000036e                PWM2_IRQHandler
                0x000000000000036e                ECB_IRQHandler
                0x000000000000036e                SAADC_IRQHandler
                0x000000000000036e                CCM_AAR_IRQHandler
                0x000000000000036e                WDT_IRQHandler
                0x000000000000036e                QDEC_IRQHandler
                0x000000000000036e                SWI5_EGU5_IRQHandler
                0x000000000000036e                RNG_IRQHandler
                0x000000000000036e                RTC2_IRQHandler
                0x000000000000036e                PWM0_IRQHandler
                0x000000000000036e                SWI3_EGU3_IRQHandler
                0x000000000000036e                RTC1_IRQHandler
                0x000000000000036e                SWI1_EGU1_IRQHandler
                0x000000000000036e                SPIM2_SPIS2_SPI2_IRQHandler
                0x000000000000036e                NFCT_IRQHandler
                0x000000000000036e                TIMER2_IRQHandler
                0x000000000000036e                MWU_IRQHandler
                0x000000000000036e                COMP_LPCOMP_IRQHandler
                0x0000000000000370                nRFInitialize
 .init          0x0000000000000374       0x5c Output/twi_scanner_pca10040 Release/Obj/ses_startup_nrf_common.o
                0x0000000000000374                Reset_Handler
                0x0000000000000378                afterInitialize
                0x000000000000039c                InitializeUserMemorySections
                0x00000000000003d0                __init_end__ = (__init_start__ + SIZEOF (.init))
                0x00000000000001d0                __init_size__ = SIZEOF (.init)
                0x00000000000003d0                __init_load_end__ = __init_end__
                0x0000000000000001                . = ASSERT (((__init_start__ == __init_end__) || ((__init_end__ - __FLASH_segment_start__) <= __FLASH_segment_size__)), error: .init is too large to fit in FLASH memory segment)
                0x00000000000003d0                __init_rodata_load_start__ = ALIGN (__init_end__, 0x4)

.init_rodata    0x00000000000003d0        0x0
                0x00000000000003d0                __init_rodata_start__ = .
 *(.init_rodata .init_rodata.*)
                0x00000000000003d0                __init_rodata_end__ = (__init_rodata_start__ + SIZEOF (.init_rodata))
                0x0000000000000000                __init_rodata_size__ = SIZEOF (.init_rodata)
                0x00000000000003d0                __init_rodata_load_end__ = __init_rodata_end__
                0x0000000000000001                . = ASSERT (((__init_rodata_start__ == __init_rodata_end__) || ((__init_rodata_end__ - __FLASH_segment_start__) <= __FLASH_segment_size__)), error: .init_rodata is too large to fit in FLASH memory segment)
                0x00000000000003d0                __text_load_start__ = ALIGN (__init_rodata_end__, 0x4)

.text           0x00000000000003d0     0x2e76
                0x00000000000003d0                __text_start__ = .
 *(.text .text.* .glue_7t .glue_7 .gnu.linkonce.t.* .gcc_except_table .ARM.extab* .gnu.linkonce.armextab.*)
 .glue_7        0x00000000000003d0        0x0 linker stubs
 .glue_7t       0x00000000000003d0        0x0 linker stubs
 .text.nrf_log_backend_serial_put
                0x00000000000003d0       0xc0 Output/twi_scanner_pca10040 Release/Obj/nrf_log_backend_serial.o
                0x00000000000003d0                nrf_log_backend_serial_put
 .text.uart_evt_handler
                0x0000000000000490        0xc Output/twi_scanner_pca10040 Release/Obj/nrf_log_backend_uart.o
 .text.nrf_log_backend_uart_flush
                0x000000000000049c        0x2 Output/twi_scanner_pca10040 Release/Obj/nrf_log_backend_uart.o
 *fill*         0x000000000000049e        0x2 
 .text.uart_init
                0x00000000000004a0       0x54 Output/twi_scanner_pca10040 Release/Obj/nrf_log_backend_uart.o
 .text.nrf_log_backend_uart_put
                0x00000000000004f4       0x1c Output/twi_scanner_pca10040 Release/Obj/nrf_log_backend_uart.o
 .text.serial_tx
                0x0000000000000510       0x44 Output/twi_scanner_pca10040 Release/Obj/nrf_log_backend_uart.o
 .text.nrf_log_backend_uart_panic_set
                0x0000000000000554       0x2c Output/twi_scanner_pca10040 Release/Obj/nrf_log_backend_uart.o
 .text.nrf_log_backend_uart_init
                0x0000000000000580        0x6 Output/twi_scanner_pca10040 Release/Obj/nrf_log_backend_uart.o
                0x0000000000000580                nrf_log_backend_uart_init
 *fill*         0x0000000000000586        0x2 
 .text.nrf_log_default_backends_init
                0x0000000000000588       0x20 Output/twi_scanner_pca10040 Release/Obj/nrf_log_default_backends.o
                0x0000000000000588                nrf_log_default_backends_init
 .text.invalid_packets_omit
                0x00000000000005a8       0x3a Output/twi_scanner_pca10040 Release/Obj/nrf_log_frontend.o
 *fill*         0x00000000000005e2        0x2 
 .text.buf_prealloc
                0x00000000000005e4      0x130 Output/twi_scanner_pca10040 Release/Obj/nrf_log_frontend.o
 .text.nrf_log_init
                0x0000000000000714       0x3c Output/twi_scanner_pca10040 Release/Obj/nrf_log_frontend.o
                0x0000000000000714                nrf_log_init
 .text.nrf_log_module_name_get
                0x0000000000000750       0x38 Output/twi_scanner_pca10040 Release/Obj/nrf_log_frontend.o
                0x0000000000000750                nrf_log_module_name_get
 .text.nrf_log_color_id_get
                0x0000000000000788       0x2c Output/twi_scanner_pca10040 Release/Obj/nrf_log_frontend.o
                0x0000000000000788                nrf_log_color_id_get
 .text.buffer_is_empty
                0x00000000000007b4       0x14 Output/twi_scanner_pca10040 Release/Obj/nrf_log_frontend.o
                0x00000000000007b4                buffer_is_empty
 .text.nrf_log_frontend_dequeue
                0x00000000000007c8      0x21c Output/twi_scanner_pca10040 Release/Obj/nrf_log_frontend.o
                0x00000000000007c8                nrf_log_frontend_dequeue
 .text.std_n    0x00000000000009e4       0xb0 Output/twi_scanner_pca10040 Release/Obj/nrf_log_frontend.o
 .text.nrf_log_frontend_std_0
                0x0000000000000a94        0x8 Output/twi_scanner_pca10040 Release/Obj/nrf_log_frontend.o
                0x0000000000000a94                nrf_log_frontend_std_0
 .text.nrf_log_frontend_std_1
                0x0000000000000a9c       0x12 Output/twi_scanner_pca10040 Release/Obj/nrf_log_frontend.o
                0x0000000000000a9c                nrf_log_frontend_std_1
 .text.nrf_log_frontend_std_2
                0x0000000000000aae       0x14 Output/twi_scanner_pca10040 Release/Obj/nrf_log_frontend.o
                0x0000000000000aae                nrf_log_frontend_std_2
 .text.nrf_log_frontend_std_5
                0x0000000000000ac2       0x20 Output/twi_scanner_pca10040 Release/Obj/nrf_log_frontend.o
                0x0000000000000ac2                nrf_log_frontend_std_5
 *fill*         0x0000000000000ae2        0x2 
 .text.nrf_log_backend_add
                0x0000000000000ae4       0x44 Output/twi_scanner_pca10040 Release/Obj/nrf_log_frontend.o
                0x0000000000000ae4                nrf_log_backend_add
 .text.nrf_log_panic
                0x0000000000000b28       0x2c Output/twi_scanner_pca10040 Release/Obj/nrf_log_frontend.o
                0x0000000000000b28                nrf_log_panic
 .text.postfix_process
                0x0000000000000b54       0x3c Output/twi_scanner_pca10040 Release/Obj/nrf_log_str_formatter.o
 .text.prefix_process
                0x0000000000000b90       0x78 Output/twi_scanner_pca10040 Release/Obj/nrf_log_str_formatter.o
 .text.nrf_log_std_entry_process
                0x0000000000000c08       0xc8 Output/twi_scanner_pca10040 Release/Obj/nrf_log_str_formatter.o
                0x0000000000000c08                nrf_log_std_entry_process
 .text.nrf_log_hexdump_entry_process
                0x0000000000000cd0       0xb4 Output/twi_scanner_pca10040 Release/Obj/nrf_log_str_formatter.o
                0x0000000000000cd0                nrf_log_hexdump_entry_process
 .text.app_error_save_and_stop
                0x0000000000000d84       0x58 Output/twi_scanner_pca10040 Release/Obj/app_error.o
                0x0000000000000d84                app_error_save_and_stop
 .text.app_error_handler
                0x0000000000000ddc       0x1a Output/twi_scanner_pca10040 Release/Obj/app_error_handler_gcc.o
                0x0000000000000ddc                app_error_handler
 *fill*         0x0000000000000df6        0x2 
 .text.app_error_fault_handler
                0x0000000000000df8       0xb0 Output/twi_scanner_pca10040 Release/Obj/app_error_weak.o
                0x0000000000000df8                app_error_fault_handler
 .text.app_util_disable_irq
                0x0000000000000ea8       0x10 Output/twi_scanner_pca10040 Release/Obj/app_util_platform.o
                0x0000000000000ea8                app_util_disable_irq
 .text.app_util_enable_irq
                0x0000000000000eb8       0x14 Output/twi_scanner_pca10040 Release/Obj/app_util_platform.o
                0x0000000000000eb8                app_util_enable_irq
 .text.app_util_critical_region_enter
                0x0000000000000ecc        0x4 Output/twi_scanner_pca10040 Release/Obj/app_util_platform.o
                0x0000000000000ecc                app_util_critical_region_enter
 .text.app_util_critical_region_exit
                0x0000000000000ed0        0x4 Output/twi_scanner_pca10040 Release/Obj/app_util_platform.o
                0x0000000000000ed0                app_util_critical_region_exit
 .text.nrf_atomic_u32_fetch_store
                0x0000000000000ed4       0x14 Output/twi_scanner_pca10040 Release/Obj/nrf_atomic.o
                0x0000000000000ed4                nrf_atomic_u32_fetch_store
 .text.nrf_atomic_u32_or
                0x0000000000000ee8       0x16 Output/twi_scanner_pca10040 Release/Obj/nrf_atomic.o
                0x0000000000000ee8                nrf_atomic_u32_or
 .text.nrf_atomic_u32_fetch_and
                0x0000000000000efe       0x16 Output/twi_scanner_pca10040 Release/Obj/nrf_atomic.o
                0x0000000000000efe                nrf_atomic_u32_fetch_and
 .text.nrf_atomic_u32_add
                0x0000000000000f14       0x16 Output/twi_scanner_pca10040 Release/Obj/nrf_atomic.o
                0x0000000000000f14                nrf_atomic_u32_add
 .text.nrf_atomic_u32_sub
                0x0000000000000f2a       0x16 Output/twi_scanner_pca10040 Release/Obj/nrf_atomic.o
                0x0000000000000f2a                nrf_atomic_u32_sub
 .text.nrf_atomic_flag_set
                0x0000000000000f40        0x6 Output/twi_scanner_pca10040 Release/Obj/nrf_atomic.o
                0x0000000000000f40                nrf_atomic_flag_set
 .text.nrf_atomic_flag_clear_fetch
                0x0000000000000f46        0x6 Output/twi_scanner_pca10040 Release/Obj/nrf_atomic.o
                0x0000000000000f46                nrf_atomic_flag_clear_fetch
 .text.nrf_balloc_init
                0x0000000000000f4c       0x2e Output/twi_scanner_pca10040 Release/Obj/nrf_balloc.o
                0x0000000000000f4c                nrf_balloc_init
 .text.nrf_balloc_alloc
                0x0000000000000f7a       0x40 Output/twi_scanner_pca10040 Release/Obj/nrf_balloc.o
                0x0000000000000f7a                nrf_balloc_alloc
 .text.nrf_balloc_free
                0x0000000000000fba       0x2a Output/twi_scanner_pca10040 Release/Obj/nrf_balloc.o
                0x0000000000000fba                nrf_balloc_free
 .text.nrf_fprintf_buffer_flush
                0x0000000000000fe4       0x16 Output/twi_scanner_pca10040 Release/Obj/nrf_fprintf.o
                0x0000000000000fe4                nrf_fprintf_buffer_flush
 .text.nrf_fprintf
                0x0000000000000ffa       0x1c Output/twi_scanner_pca10040 Release/Obj/nrf_fprintf.o
                0x0000000000000ffa                nrf_fprintf
 .text.buffer_add
                0x0000000000001016       0x2e Output/twi_scanner_pca10040 Release/Obj/nrf_fprintf_format.o
 .text.unsigned_print
                0x0000000000001044       0xb0 Output/twi_scanner_pca10040 Release/Obj/nrf_fprintf_format.o
 .text.nrf_fprintf_fmt
                0x00000000000010f4      0x276 Output/twi_scanner_pca10040 Release/Obj/nrf_fprintf_format.o
                0x00000000000010f4                nrf_fprintf_fmt
 .text.memobj_op
                0x000000000000136a       0x82 Output/twi_scanner_pca10040 Release/Obj/nrf_memobj.o
 .text.nrf_memobj_pool_init
                0x00000000000013ec        0x4 Output/twi_scanner_pca10040 Release/Obj/nrf_memobj.o
                0x00000000000013ec                nrf_memobj_pool_init
 .text.nrf_memobj_free
                0x00000000000013f0       0x2c Output/twi_scanner_pca10040 Release/Obj/nrf_memobj.o
                0x00000000000013f0                nrf_memobj_free
 .text.nrf_memobj_alloc
                0x000000000000141c       0x5e Output/twi_scanner_pca10040 Release/Obj/nrf_memobj.o
                0x000000000000141c                nrf_memobj_alloc
 .text.nrf_memobj_get
                0x000000000000147a        0x8 Output/twi_scanner_pca10040 Release/Obj/nrf_memobj.o
                0x000000000000147a                nrf_memobj_get
 .text.nrf_memobj_put
                0x0000000000001482       0x1e Output/twi_scanner_pca10040 Release/Obj/nrf_memobj.o
                0x0000000000001482                nrf_memobj_put
 .text.nrf_memobj_write
                0x00000000000014a0       0x14 Output/twi_scanner_pca10040 Release/Obj/nrf_memobj.o
                0x00000000000014a0                nrf_memobj_write
 .text.nrf_memobj_read
                0x00000000000014b4       0x14 Output/twi_scanner_pca10040 Release/Obj/nrf_memobj.o
                0x00000000000014b4                nrf_memobj_read
 .text.nrf_ringbuf_init
                0x00000000000014c8       0x12 Output/twi_scanner_pca10040 Release/Obj/nrf_ringbuf.o
                0x00000000000014c8                nrf_ringbuf_init
 *fill*         0x00000000000014da        0x2 
 .text.nrf_strerror_find
                0x00000000000014dc       0x3c Output/twi_scanner_pca10040 Release/Obj/nrf_strerror.o
                0x00000000000014dc                nrf_strerror_find
 .text.nrf_strerror_get
                0x0000000000001518       0x14 Output/twi_scanner_pca10040 Release/Obj/nrf_strerror.o
                0x0000000000001518                nrf_strerror_get
 .text.twim_evt_handler
                0x000000000000152c       0x40 Output/twi_scanner_pca10040 Release/Obj/nrf_drv_twi.o
 .text.nrfx_coredep_delay_us.part.0.constprop.2
                0x000000000000156c       0x10 Output/twi_scanner_pca10040 Release/Obj/nrf_drv_twi.o
 .text.nrf_drv_twi_init
                0x000000000000157c       0xe0 Output/twi_scanner_pca10040 Release/Obj/nrf_drv_twi.o
                0x000000000000157c                nrf_drv_twi_init
 .text.uarte_evt_handler
                0x000000000000165c       0x34 Output/twi_scanner_pca10040 Release/Obj/nrf_drv_uart.o
 .text.uart_evt_handler
                0x0000000000001690       0x34 Output/twi_scanner_pca10040 Release/Obj/nrf_drv_uart.o
 .text.nrf_drv_uart_init
                0x00000000000016c4       0x78 Output/twi_scanner_pca10040 Release/Obj/nrf_drv_uart.o
                0x00000000000016c4                nrf_drv_uart_init
 .text.UARTE0_UART0_IRQHandler
                0x000000000000173c        0xc Output/twi_scanner_pca10040 Release/Obj/nrfx_prs.o
                0x000000000000173c                UARTE0_UART0_IRQHandler
 .text.nrfx_prs_acquire
                0x0000000000001748       0x38 Output/twi_scanner_pca10040 Release/Obj/nrfx_prs.o
                0x0000000000001748                nrfx_prs_acquire
 .text.nrfx_prs_release
                0x0000000000001780       0x18 Output/twi_scanner_pca10040 Release/Obj/nrfx_prs.o
                0x0000000000001780                nrfx_prs_release
 .text.nrf_twim_event_clear
                0x0000000000001798       0x10 Output/twi_scanner_pca10040 Release/Obj/nrfx_twim.o
 .text.xfer_completeness_check
                0x00000000000017a8       0x6c Output/twi_scanner_pca10040 Release/Obj/nrfx_twim.o
 .text.twim_irq_handler
                0x0000000000001814      0x124 Output/twi_scanner_pca10040 Release/Obj/nrfx_twim.o
 .text.SPIM0_SPIS0_TWIM0_TWIS0_SPI0_TWI0_IRQHandler
                0x0000000000001938       0x10 Output/twi_scanner_pca10040 Release/Obj/nrfx_twim.o
                0x0000000000001938                SPIM0_SPIS0_TWIM0_TWIS0_SPI0_TWI0_IRQHandler
 .text.SPIM1_SPIS1_TWIM1_TWIS1_SPI1_TWI1_IRQHandler
                0x0000000000001948       0x10 Output/twi_scanner_pca10040 Release/Obj/nrfx_twim.o
                0x0000000000001948                SPIM1_SPIS1_TWIM1_TWIS1_SPI1_TWI1_IRQHandler
 .text.nrfx_twim_init
                0x0000000000001958       0xe8 Output/twi_scanner_pca10040 Release/Obj/nrfx_twim.o
                0x0000000000001958                nrfx_twim_init
 .text.nrfx_twim_enable
                0x0000000000001a40       0x20 Output/twi_scanner_pca10040 Release/Obj/nrfx_twim.o
                0x0000000000001a40                nrfx_twim_enable
 .text.nrfx_twim_xfer
                0x0000000000001a60      0x2a8 Output/twi_scanner_pca10040 Release/Obj/nrfx_twim.o
                0x0000000000001a60                nrfx_twim_xfer
 .text.nrfx_twim_tx
                0x0000000000001d08       0x2c Output/twi_scanner_pca10040 Release/Obj/nrfx_twim.o
                0x0000000000001d08                nrfx_twim_tx
 .text.nrfx_twim_rx
                0x0000000000001d34       0x24 Output/twi_scanner_pca10040 Release/Obj/nrfx_twim.o
                0x0000000000001d34                nrfx_twim_rx
 .text.nrf_uart_event_clear
                0x0000000000001d58       0x10 Output/twi_scanner_pca10040 Release/Obj/nrfx_uart.o
 .text.tx_byte  0x0000000000001d68       0x1e Output/twi_scanner_pca10040 Release/Obj/nrfx_uart.o
 .text.rx_byte  0x0000000000001d86       0x2c Output/twi_scanner_pca10040 Release/Obj/nrfx_uart.o
 *fill*         0x0000000000001db2        0x2 
 .text.rx_done_event.constprop.8
                0x0000000000001db4       0x20 Output/twi_scanner_pca10040 Release/Obj/nrfx_uart.o
 .text.nrfx_uart_0_irq_handler
                0x0000000000001dd4      0x140 Output/twi_scanner_pca10040 Release/Obj/nrfx_uart.o
                0x0000000000001dd4                nrfx_uart_0_irq_handler
 .text.nrfx_uart_init
                0x0000000000001f14      0x174 Output/twi_scanner_pca10040 Release/Obj/nrfx_uart.o
                0x0000000000001f14                nrfx_uart_init
 .text.nrfx_uart_uninit
                0x0000000000002088       0xc8 Output/twi_scanner_pca10040 Release/Obj/nrfx_uart.o
                0x0000000000002088                nrfx_uart_uninit
 .text.nrfx_uart_tx
                0x0000000000002150       0x94 Output/twi_scanner_pca10040 Release/Obj/nrfx_uart.o
                0x0000000000002150                nrfx_uart_tx
 .text.nrf_uarte_event_clear
                0x00000000000021e4       0x10 Output/twi_scanner_pca10040 Release/Obj/nrfx_uarte.o
 .text.rx_done_event.constprop.7
                0x00000000000021f4       0x20 Output/twi_scanner_pca10040 Release/Obj/nrfx_uarte.o
 .text.nrfx_uarte_0_irq_handler
                0x0000000000002214      0x120 Output/twi_scanner_pca10040 Release/Obj/nrfx_uarte.o
                0x0000000000002214                nrfx_uarte_0_irq_handler
 .text.nrfx_uarte_init
                0x0000000000002334      0x18c Output/twi_scanner_pca10040 Release/Obj/nrfx_uarte.o
                0x0000000000002334                nrfx_uarte_init
 .text.nrfx_uarte_uninit
                0x00000000000024c0       0xec Output/twi_scanner_pca10040 Release/Obj/nrfx_uarte.o
                0x00000000000024c0                nrfx_uarte_uninit
 .text.nrfx_uarte_tx
                0x00000000000025ac       0x90 Output/twi_scanner_pca10040 Release/Obj/nrfx_uarte.o
                0x00000000000025ac                nrfx_uarte_tx
 .text.I2S_IRQHandler
                0x000000000000263c      0x104 Output/twi_scanner_pca10040 Release/Obj/nrfx_i2s.o
                0x000000000000263c                I2S_IRQHandler
 .text.nrf_gpiote_event_clear
                0x0000000000002740       0x18 Output/twi_scanner_pca10040 Release/Obj/nrfx_gpiote.o
 .text.nrf_gpio_cfg_sense_set
                0x0000000000002758       0x20 Output/twi_scanner_pca10040 Release/Obj/nrfx_gpiote.o
 .text.channel_free
                0x0000000000002778       0x1c Output/twi_scanner_pca10040 Release/Obj/nrfx_gpiote.o
 .text.nrfx_gpiote_init
                0x0000000000002794       0x70 Output/twi_scanner_pca10040 Release/Obj/nrfx_gpiote.o
                0x0000000000002794                nrfx_gpiote_init
 .text.nrfx_gpiote_out_init
                0x0000000000002804       0xc4 Output/twi_scanner_pca10040 Release/Obj/nrfx_gpiote.o
                0x0000000000002804                nrfx_gpiote_out_init
 .text.nrfx_gpiote_out_toggle
                0x00000000000028c8       0x1e Output/twi_scanner_pca10040 Release/Obj/nrfx_gpiote.o
                0x00000000000028c8                nrfx_gpiote_out_toggle
 *fill*         0x00000000000028e6        0x2 
 .text.nrfx_gpiote_in_init
                0x00000000000028e8       0xe8 Output/twi_scanner_pca10040 Release/Obj/nrfx_gpiote.o
                0x00000000000028e8                nrfx_gpiote_in_init
 .text.nrfx_gpiote_in_event_enable
                0x00000000000029d0       0x88 Output/twi_scanner_pca10040 Release/Obj/nrfx_gpiote.o
                0x00000000000029d0                nrfx_gpiote_in_event_enable
 .text.GPIOTE_IRQHandler
                0x0000000000002a58      0x170 Output/twi_scanner_pca10040 Release/Obj/nrfx_gpiote.o
                0x0000000000002a58                GPIOTE_IRQHandler
 .text.in_pin_handler
                0x0000000000002bc8       0x14 Output/twi_scanner_pca10040 Release/Obj/main.o
                0x0000000000002bc8                in_pin_handler
 .text.startup.main
                0x0000000000002bdc       0xf8 Output/twi_scanner_pca10040 Release/Obj/main.o
                0x0000000000002bdc                main
 .text.errata_12
                0x0000000000002cd4       0x40 Output/twi_scanner_pca10040 Release/Obj/system_nrf52.o
 .text.errata_16
                0x0000000000002d14       0x34 Output/twi_scanner_pca10040 Release/Obj/system_nrf52.o
 .text.SystemInit
                0x0000000000002d48      0x25c Output/twi_scanner_pca10040 Release/Obj/system_nrf52.o
                0x0000000000002d48                SystemInit
 .text.nrf_drv_mpu_twi_event_handler
                0x0000000000002fa4       0x28 Output/twi_scanner_pca10040 Release/Obj/nrf_drv_mpu_twi.o
 .text.nrf_drv_mpu_init
                0x0000000000002fcc       0x3c Output/twi_scanner_pca10040 Release/Obj/nrf_drv_mpu_twi.o
                0x0000000000002fcc                nrf_drv_mpu_init
 .text.nrf_drv_mpu_read_registers
                0x0000000000003008       0x6c Output/twi_scanner_pca10040 Release/Obj/nrf_drv_mpu_twi.o
                0x0000000000003008                nrf_drv_mpu_read_registers
 .text.libc.__RAL_ascii_isctype
                0x0000000000003074       0x1c C:/Program Files/SEGGER/SEGGER Embedded Studio for ARM 4.30a/lib/libc_v7em_fpv4_sp_d16_hard_t_le_eabi.a(libc2.o)
 .text.libc.__RAL_ascii_toupper
                0x0000000000003090        0xc C:/Program Files/SEGGER/SEGGER Embedded Studio for ARM 4.30a/lib/libc_v7em_fpv4_sp_d16_hard_t_le_eabi.a(libc2.o)
 .text.libc.__RAL_ascii_tolower
                0x000000000000309c        0xc C:/Program Files/SEGGER/SEGGER Embedded Studio for ARM 4.30a/lib/libc_v7em_fpv4_sp_d16_hard_t_le_eabi.a(libc2.o)
 .text.libc.__RAL_ascii_iswctype
                0x00000000000030a8       0x1c C:/Program Files/SEGGER/SEGGER Embedded Studio for ARM 4.30a/lib/libc_v7em_fpv4_sp_d16_hard_t_le_eabi.a(libc2.o)
 .text.libc.__RAL_ascii_towupper
                0x00000000000030c4        0xc C:/Program Files/SEGGER/SEGGER Embedded Studio for ARM 4.30a/lib/libc_v7em_fpv4_sp_d16_hard_t_le_eabi.a(libc2.o)
 .text.libc.__RAL_ascii_towlower
                0x00000000000030d0        0xc C:/Program Files/SEGGER/SEGGER Embedded Studio for ARM 4.30a/lib/libc_v7em_fpv4_sp_d16_hard_t_le_eabi.a(libc2.o)
 .text.libc.__RAL_ascii_wctomb
                0x00000000000030dc        0xe C:/Program Files/SEGGER/SEGGER Embedded Studio for ARM 4.30a/lib/libc_v7em_fpv4_sp_d16_hard_t_le_eabi.a(libc2.o)
                0x00000000000030dc                __RAL_ascii_wctomb
 .text.libc.__RAL_ascii_mbtowc
                0x00000000000030ea       0x24 C:/Program Files/SEGGER/SEGGER Embedded Studio for ARM 4.30a/lib/libc_v7em_fpv4_sp_d16_hard_t_le_eabi.a(libc2.o)
                0x00000000000030ea                __RAL_ascii_mbtowc
 *fill*         0x000000000000310e        0x2 
 .text.libc.__RAL_isctype
                0x0000000000003110       0x14 C:/Program Files/SEGGER/SEGGER Embedded Studio for ARM 4.30a/lib/libc_v7em_fpv4_sp_d16_hard_t_le_eabi.a(libc2.o)
                0x0000000000003110                __RAL_isctype
 .text.libc.isprint
                0x0000000000003124        0xa C:/Program Files/SEGGER/SEGGER Embedded Studio for ARM 4.30a/lib/libc_v7em_fpv4_sp_d16_hard_t_le_eabi.a(libc2.o)
                0x0000000000003124                isprint
 .text.libc.memcpy
                0x000000000000312e       0x52 C:/Program Files/SEGGER/SEGGER Embedded Studio for ARM 4.30a/lib/libc_v7em_fpv4_sp_d16_hard_t_le_eabi.a(libc2_asm.o)
                0x000000000000312e                __aeabi_memcpy
                0x000000000000312e                memcpy
                0x000000000000313a                __aeabi_memcpy8
                0x000000000000313a                __aeabi_memcpy4
 .text.libc.memset
                0x0000000000003180       0x66 C:/Program Files/SEGGER/SEGGER Embedded Studio for ARM 4.30a/lib/libc_v7em_fpv4_sp_d16_hard_t_le_eabi.a(libc2_asm.o)
                0x0000000000003180                memset
 .text.libc.strlen
                0x00000000000031e6       0x60 C:/Program Files/SEGGER/SEGGER Embedded Studio for ARM 4.30a/lib/libc_v7em_fpv4_sp_d16_hard_t_le_eabi.a(libc2_asm.o)
                0x00000000000031e6                strlen
                0x0000000000003246                __text_end__ = (__text_start__ + SIZEOF (.text))
                0x0000000000002e76                __text_size__ = SIZEOF (.text)
                0x0000000000003246                __text_load_end__ = __text_end__

.vfp11_veneer   0x0000000100000000        0x0
 .vfp11_veneer  0x0000000100000000        0x0 linker stubs

.v4_bx          0x0000000100000000        0x0
 .v4_bx         0x0000000100000000        0x0 linker stubs

.iplt           0x0000000100000000        0x0
 .iplt          0x0000000100000000        0x0 Output/twi_scanner_pca10040 Release/Obj/thumb_crt0.o
                0x0000000000000001                . = ASSERT (((__text_start__ == __text_end__) || ((__text_end__ - __FLASH_segment_start__) <= __FLASH_segment_size__)), error: .text is too large to fit in FLASH memory segment)
                0x0000000000003248                __log_const_data_load_start__ = ALIGN (__text_end__, 0x4)

.log_const_data
                0x0000000000003248       0x38
                0x0000000000003248                __log_const_data_start__ = .
                0x0000000000003248                __start_log_const_data = __log_const_data_start__
 *(SORT_BY_NAME(.log_const_data*))
 .log_const_data_GPIOTE
                0x0000000000003248        0x8 Output/twi_scanner_pca10040 Release/Obj/nrfx_gpiote.o
                0x0000000000003248                m_nrf_log_GPIOTE_logs_data_const
 .log_const_data_I2S
                0x0000000000003250        0x8 Output/twi_scanner_pca10040 Release/Obj/nrfx_i2s.o
                0x0000000000003250                m_nrf_log_I2S_logs_data_const
 .log_const_data_PRS
                0x0000000000003258        0x8 Output/twi_scanner_pca10040 Release/Obj/nrfx_prs.o
                0x0000000000003258                m_nrf_log_PRS_logs_data_const
 .log_const_data_TWIM
                0x0000000000003260        0x8 Output/twi_scanner_pca10040 Release/Obj/nrfx_twim.o
                0x0000000000003260                m_nrf_log_TWIM_logs_data_const
 .log_const_data_UART
                0x0000000000003268        0x8 Output/twi_scanner_pca10040 Release/Obj/nrfx_uart.o
                0x0000000000003268                m_nrf_log_UART_logs_data_const
 .log_const_data_UARTE
                0x0000000000003270        0x8 Output/twi_scanner_pca10040 Release/Obj/nrfx_uarte.o
                0x0000000000003270                m_nrf_log_UARTE_logs_data_const
 .log_const_data_app
                0x0000000000003278        0x8 Output/twi_scanner_pca10040 Release/Obj/nrf_log_frontend.o
                0x0000000000003278                m_nrf_log_app_logs_data_const
                0x0000000000003280                __log_const_data_end__ = (__log_const_data_start__ + SIZEOF (.log_const_data))
                0x0000000000000038                __log_const_data_size__ = SIZEOF (.log_const_data)
                0x0000000000003280                __stop_log_const_data = __log_const_data_end__
                0x0000000000003280                __log_const_data_load_end__ = __log_const_data_end__
                0x0000000000000001                . = ASSERT (((__log_const_data_start__ == __log_const_data_end__) || ((__log_const_data_end__ - __FLASH_segment_start__) <= __FLASH_segment_size__)), error: .log_const_data is too large to fit in FLASH memory segment)
                0x0000000000003280                __log_backends_load_start__ = ALIGN (__log_const_data_end__, 0x4)

.log_backends   0x0000000000003280       0x10
                0x0000000000003280                __log_backends_start__ = .
                0x0000000000003280                __start_log_backends = __log_backends_start__
 *(SORT_BY_NAME(.log_backends*))
 .log_backends  0x0000000000003280       0x10 Output/twi_scanner_pca10040 Release/Obj/nrf_log_default_backends.o
                0x0000000000003290                __log_backends_end__ = (__log_backends_start__ + SIZEOF (.log_backends))
                0x0000000000000010                __log_backends_size__ = SIZEOF (.log_backends)
                0x0000000000003290                __stop_log_backends = __log_backends_end__
                0x0000000000003290                __log_backends_load_end__ = __log_backends_end__
                0x0000000000000001                . = ASSERT (((__log_backends_start__ == __log_backends_end__) || ((__log_backends_end__ - __FLASH_segment_start__) <= __FLASH_segment_size__)), error: .log_backends is too large to fit in FLASH memory segment)
                0x0000000000003290                __nrf_balloc_load_start__ = ALIGN (__log_backends_end__, 0x4)

.nrf_balloc     0x0000000000003290       0x14
                0x0000000000003290                __nrf_balloc_start__ = .
                0x0000000000003290                __start_nrf_balloc = __nrf_balloc_start__
 *(.nrf_balloc*)
 .nrf_balloc    0x0000000000003290       0x14 Output/twi_scanner_pca10040 Release/Obj/nrf_log_frontend.o
                0x0000000000003290                log_mempool
                0x00000000000032a4                __nrf_balloc_end__ = (__nrf_balloc_start__ + SIZEOF (.nrf_balloc))
                0x0000000000000014                __nrf_balloc_size__ = SIZEOF (.nrf_balloc)
                0x00000000000032a4                __stop_nrf_balloc = __nrf_balloc_end__
                0x00000000000032a4                __nrf_balloc_load_end__ = __nrf_balloc_end__
                0x0000000000000001                . = ASSERT (((__nrf_balloc_start__ == __nrf_balloc_end__) || ((__nrf_balloc_end__ - __FLASH_segment_start__) <= __FLASH_segment_size__)), error: .nrf_balloc is too large to fit in FLASH memory segment)
                0x00000000000032a4                __nrf_sections_load_start__ = ALIGN (__nrf_balloc_end__, 0x4)

.nrf_sections   0x00000000000032a4        0x0
                0x00000000000032a4                __nrf_sections_start__ = .
                0x00000000000032a4                __start_nrf_sections = __nrf_sections_start__
 *(.nrf_sections .nrf_sections.*)
                0x00000000000032a4                __nrf_sections_end__ = (__nrf_sections_start__ + SIZEOF (.nrf_sections))
                0x0000000000000000                __nrf_sections_size__ = SIZEOF (.nrf_sections)
                0x00000000000032a4                __nrf_sections_load_end__ = __nrf_sections_end__
                0x0000000000000001                . = ASSERT (((__nrf_sections_start__ == __nrf_sections_end__) || ((__nrf_sections_end__ - __FLASH_segment_start__) <= __FLASH_segment_size__)), error: .nrf_sections is too large to fit in FLASH memory segment)
                0x00000000000032a4                __log_dynamic_data_load_start__ = ALIGN (__nrf_sections_end__, 0x4)

.log_dynamic_data
                0x0000000020000000        0x0 load address 0x00000000000032a4
                0x0000000020000000                __log_dynamic_data_start__ = .
 *(SORT_BY_NAME(.log_dynamic_data*))
                0x0000000020000000                __log_dynamic_data_end__ = (__log_dynamic_data_start__ + SIZEOF (.log_dynamic_data))
                0x0000000000000000                __log_dynamic_data_size__ = SIZEOF (.log_dynamic_data)
                0x00000000000032a4                __log_dynamic_data_load_end__ = (__log_dynamic_data_load_start__ + SIZEOF (.log_dynamic_data))
                0x0000000000000001                . = ASSERT (((__log_dynamic_data_load_start__ == __log_dynamic_data_load_end__) || ((__log_dynamic_data_load_end__ - __FLASH_segment_start__) <= __FLASH_segment_size__)), error: .log_dynamic_data is too large to fit in FLASH memory segment)

.log_dynamic_data_run
                0x0000000020000000        0x0
                0x0000000020000000                __log_dynamic_data_run_start__ = .
                0x0000000020000000                __start_log_dynamic_data = __log_dynamic_data_run_start__
                0x0000000020000000                . = MAX ((__log_dynamic_data_run_start__ + SIZEOF (.log_dynamic_data)), .)
                0x0000000020000000                __log_dynamic_data_run_end__ = (__log_dynamic_data_run_start__ + SIZEOF (.log_dynamic_data_run))
                0x0000000000000000                __log_dynamic_data_run_size__ = SIZEOF (.log_dynamic_data_run)
                0x0000000020000000                __stop_log_dynamic_data = __log_dynamic_data_run_end__
                0x0000000020000000                __log_dynamic_data_run_load_end__ = __log_dynamic_data_run_end__
                0x0000000000000001                . = ASSERT (((__log_dynamic_data_run_start__ == __log_dynamic_data_run_end__) || ((__log_dynamic_data_run_end__ - __RAM_segment_start__) <= __RAM_segment_size__)), error: .log_dynamic_data_run is too large to fit in RAM memory segment)
                0x00000000000032a4                __log_filter_data_load_start__ = ALIGN ((__log_dynamic_data_load_start__ + SIZEOF (.log_dynamic_data)), 0x4)

.log_filter_data
                0x0000000020000000        0x0 load address 0x00000000000032a4
                0x0000000020000000                __log_filter_data_start__ = .
 *(SORT_BY_NAME(.log_filter_data*))
                0x0000000020000000                __log_filter_data_end__ = (__log_filter_data_start__ + SIZEOF (.log_filter_data))
                0x0000000000000000                __log_filter_data_size__ = SIZEOF (.log_filter_data)
                0x00000000000032a4                __log_filter_data_load_end__ = (__log_filter_data_load_start__ + SIZEOF (.log_filter_data))
                0x0000000000000001                . = ASSERT (((__log_filter_data_load_start__ == __log_filter_data_load_end__) || ((__log_filter_data_load_end__ - __FLASH_segment_start__) <= __FLASH_segment_size__)), error: .log_filter_data is too large to fit in FLASH memory segment)

.log_filter_data_run
                0x0000000020000000        0x0
                0x0000000020000000                __log_filter_data_run_start__ = .
                0x0000000020000000                __start_log_filter_data = __log_filter_data_run_start__
                0x0000000020000000                . = MAX ((__log_filter_data_run_start__ + SIZEOF (.log_filter_data)), .)
                0x0000000020000000                __log_filter_data_run_end__ = (__log_filter_data_run_start__ + SIZEOF (.log_filter_data_run))
                0x0000000000000000                __log_filter_data_run_size__ = SIZEOF (.log_filter_data_run)
                0x0000000020000000                __stop_log_filter_data = __log_filter_data_run_end__
                0x0000000020000000                __log_filter_data_run_load_end__ = __log_filter_data_run_end__
                0x0000000000000001                . = ASSERT (((__log_filter_data_run_start__ == __log_filter_data_run_end__) || ((__log_filter_data_run_end__ - __RAM_segment_start__) <= __RAM_segment_size__)), error: .log_filter_data_run is too large to fit in RAM memory segment)
                0x0000000020000000                __nrf_sections_run_end_load_start__ = ALIGN (__log_filter_data_run_end__, 0x4)

.nrf_sections_run_end
                0x0000000020000000        0x0
                0x0000000020000000                __nrf_sections_run_end_start__ = .
                0x0000000020000000                __end_nrf_sections_run = __nrf_sections_run_end_start__
 *(.nrf_sections_run_end .nrf_sections_run_end.*)
                0x0000000020000000                __nrf_sections_run_end_end__ = (__nrf_sections_run_end_start__ + SIZEOF (.nrf_sections_run_end))
                0x0000000000000000                __nrf_sections_run_end_size__ = SIZEOF (.nrf_sections_run_end)
                0x0000000020000000                __nrf_sections_run_end_load_end__ = __nrf_sections_run_end_end__
                0x0000000000000001                . = ASSERT (((__nrf_sections_run_end_start__ == __nrf_sections_run_end_end__) || ((__nrf_sections_run_end_end__ - __RAM_segment_start__) <= __RAM_segment_size__)), error: .nrf_sections_run_end is too large to fit in RAM memory segment)
                0x00000000000032a4                __dtors_load_start__ = ALIGN ((__log_filter_data_load_start__ + SIZEOF (.log_filter_data)), 0x4)

.dtors          0x00000000000032a4        0x0
                0x00000000000032a4                __dtors_start__ = .
 *(SORT_BY_NAME(.dtors.*))
 *(.dtors)
 *(.fini_array)
 *(SORT_BY_NAME(.fini_array.*))
                0x00000000000032a4                __dtors_end__ = (__dtors_start__ + SIZEOF (.dtors))
                0x0000000000000000                __dtors_size__ = SIZEOF (.dtors)
                0x00000000000032a4                __dtors_load_end__ = __dtors_end__
                0x0000000000000001                . = ASSERT (((__dtors_start__ == __dtors_end__) || ((__dtors_end__ - __FLASH_segment_start__) <= __FLASH_segment_size__)), error: .dtors is too large to fit in FLASH memory segment)
                0x00000000000032a4                __ctors_load_start__ = ALIGN (__dtors_end__, 0x4)

.ctors          0x00000000000032a4        0x0
                0x00000000000032a4                __ctors_start__ = .
 *(SORT_BY_NAME(.ctors.*))
 *(.ctors)
 *(.init_array)
 *(SORT_BY_NAME(.init_array.*))
                0x00000000000032a4                __ctors_end__ = (__ctors_start__ + SIZEOF (.ctors))
                0x0000000000000000                __ctors_size__ = SIZEOF (.ctors)
                0x00000000000032a4                __ctors_load_end__ = __ctors_end__
                0x0000000000000001                . = ASSERT (((__ctors_start__ == __ctors_end__) || ((__ctors_end__ - __FLASH_segment_start__) <= __FLASH_segment_size__)), error: .ctors is too large to fit in FLASH memory segment)
                0x00000000000032a4                __rodata_load_start__ = ALIGN (__ctors_end__, 0x4)

.rodata         0x00000000000032a4      0xa20
                0x00000000000032a4                __rodata_start__ = .
 *(.rodata .rodata.* .gnu.linkonce.r.*)
 .rodata        0x00000000000032a4       0x20 Output/twi_scanner_pca10040 Release/Obj/nrf_log_backend_uart.o
 .rodata.nrf_log_backend_uart_api
                0x00000000000032c4        0xc Output/twi_scanner_pca10040 Release/Obj/nrf_log_backend_uart.o
                0x00000000000032c4                nrf_log_backend_uart_api
 .rodata.uart_init.str1.1
                0x00000000000032d0       0x8a Output/twi_scanner_pca10040 Release/Obj/nrf_log_backend_uart.o
 .rodata.str1.1
                0x000000000000335a       0x11 Output/twi_scanner_pca10040 Release/Obj/nrf_log_default_backends.o
 *fill*         0x000000000000336b        0x1 
 .rodata.m_log_push_ringbuf
                0x000000000000336c        0xc Output/twi_scanner_pca10040 Release/Obj/nrf_log_frontend.o
 .rodata.nrf_log_frontend_dequeue.str1.1
                0x0000000000003378       0x11 Output/twi_scanner_pca10040 Release/Obj/nrf_log_frontend.o
 .rodata.str1.1
                0x0000000000003389        0x4 Output/twi_scanner_pca10040 Release/Obj/nrf_log_frontend.o
 *fill*         0x000000000000338d        0x3 
 .rodata.m_colors
                0x0000000000003390       0x24 Output/twi_scanner_pca10040 Release/Obj/nrf_log_str_formatter.o
 .rodata.nrf_log_hexdump_entry_process.str1.1
                0x00000000000033b4        0xf Output/twi_scanner_pca10040 Release/Obj/nrf_log_str_formatter.o
                                         0x11 (size before relaxing)
 .rodata.postfix_process.str1.1
                0x00000000000033c3        0x8 Output/twi_scanner_pca10040 Release/Obj/nrf_log_str_formatter.o
                                          0xb (size before relaxing)
 .rodata.prefix_process.str1.1
                0x00000000000033cb       0x2a Output/twi_scanner_pca10040 Release/Obj/nrf_log_str_formatter.o
 *fill*         0x00000000000033f5        0x3 
 .rodata.severity_names
                0x00000000000033f8       0x14 Output/twi_scanner_pca10040 Release/Obj/nrf_log_str_formatter.o
 .rodata.str1.1
                0x000000000000340c       0x51 Output/twi_scanner_pca10040 Release/Obj/nrf_log_str_formatter.o
 .rodata.app_error_fault_handler.str1.1
                0x000000000000345d       0x6c Output/twi_scanner_pca10040 Release/Obj/app_error_weak.o
 .rodata._aV2C.7501
                0x00000000000034c9       0x10 Output/twi_scanner_pca10040 Release/Obj/nrf_fprintf_format.o
 .rodata.m_unknown_str
                0x00000000000034d9       0x13 Output/twi_scanner_pca10040 Release/Obj/nrf_strerror.o
 .rodata.nrf_strerror_array
                0x00000000000034ec      0x118 Output/twi_scanner_pca10040 Release/Obj/nrf_strerror.o
 .rodata.str1.1
                0x0000000000003604      0x391 Output/twi_scanner_pca10040 Release/Obj/nrf_strerror.o
 *fill*         0x0000000000003995        0xb 
 .rodata.delay_machine_code.7573
                0x00000000000039a0        0x6 Output/twi_scanner_pca10040 Release/Obj/nrf_drv_twi.o
 .rodata.str1.1
                0x00000000000039a6        0x4 Output/twi_scanner_pca10040 Release/Obj/nrfx_prs.o
 *fill*         0x00000000000039aa        0x2 
 .rodata.irq_handlers.8529
                0x00000000000039ac        0x8 Output/twi_scanner_pca10040 Release/Obj/nrfx_twim.o
 .rodata.str1.1
                0x00000000000039b4        0x5 Output/twi_scanner_pca10040 Release/Obj/nrfx_twim.o
 .rodata.str1.1
                0x00000000000039b9        0x5 Output/twi_scanner_pca10040 Release/Obj/nrfx_uart.o
 .rodata.str1.1
                0x00000000000039be        0x6 Output/twi_scanner_pca10040 Release/Obj/nrfx_uarte.o
 .rodata.str1.1
                0x00000000000039c4        0x4 Output/twi_scanner_pca10040 Release/Obj/nrfx_i2s.o
 .rodata.str1.1
                0x00000000000039c8        0x7 Output/twi_scanner_pca10040 Release/Obj/nrfx_gpiote.o
 .rodata.main.str1.1
                0x00000000000039cf       0xa3 Output/twi_scanner_pca10040 Release/Obj/main.o
 *fill*         0x0000000000003a72        0x2 
 .rodata.m_twi_instance
                0x0000000000003a74       0x10 Output/twi_scanner_pca10040 Release/Obj/nrf_drv_mpu_twi.o
 .rodata.libc.__RAL_ascii_ctype_map
                0x0000000000003a84       0x80 C:/Program Files/SEGGER/SEGGER Embedded Studio for ARM 4.30a/lib/libc_v7em_fpv4_sp_d16_hard_t_le_eabi.a(libc2.o)
                0x0000000000003a84                __RAL_ascii_ctype_map
 .rodata.libc.__RAL_ascii_ctype_mask
                0x0000000000003b04        0xd C:/Program Files/SEGGER/SEGGER Embedded Studio for ARM 4.30a/lib/libc_v7em_fpv4_sp_d16_hard_t_le_eabi.a(libc2.o)
 *fill*         0x0000000000003b11        0x3 
 .rodata.libc.__RAL_c_locale
                0x0000000000003b14        0xc C:/Program Files/SEGGER/SEGGER Embedded Studio for ARM 4.30a/lib/libc_v7em_fpv4_sp_d16_hard_t_le_eabi.a(libc2.o)
                0x0000000000003b14                __RAL_c_locale
 .rodata.libc.__RAL_c_locale_abbrev_day_names
                0x0000000000003b20       0x1d C:/Program Files/SEGGER/SEGGER Embedded Studio for ARM 4.30a/lib/libc_v7em_fpv4_sp_d16_hard_t_le_eabi.a(libc2.o)
                0x0000000000003b20                __RAL_c_locale_abbrev_day_names
 *fill*         0x0000000000003b3d        0x3 
 .rodata.libc.__RAL_c_locale_abbrev_month_names
                0x0000000000003b40       0x31 C:/Program Files/SEGGER/SEGGER Embedded Studio for ARM 4.30a/lib/libc_v7em_fpv4_sp_d16_hard_t_le_eabi.a(libc2.o)
                0x0000000000003b40                __RAL_c_locale_abbrev_month_names
 *fill*         0x0000000000003b71        0x3 
 .rodata.libc.__RAL_c_locale_am_pm_indicator
                0x0000000000003b74        0x7 C:/Program Files/SEGGER/SEGGER Embedded Studio for ARM 4.30a/lib/libc_v7em_fpv4_sp_d16_hard_t_le_eabi.a(libc2.o)
                0x0000000000003b74                __RAL_c_locale_am_pm_indicator
 *fill*         0x0000000000003b7b        0x1 
 .rodata.libc.__RAL_c_locale_data
                0x0000000000003b7c       0x58 C:/Program Files/SEGGER/SEGGER Embedded Studio for ARM 4.30a/lib/libc_v7em_fpv4_sp_d16_hard_t_le_eabi.a(libc2.o)
                0x0000000000003b7c                __RAL_c_locale_data
 .rodata.libc.__RAL_c_locale_date_format
                0x0000000000003bd4        0x9 C:/Program Files/SEGGER/SEGGER Embedded Studio for ARM 4.30a/lib/libc_v7em_fpv4_sp_d16_hard_t_le_eabi.a(libc2.o)
                0x0000000000003bd4                __RAL_c_locale_date_format
 *fill*         0x0000000000003bdd        0x3 
 .rodata.libc.__RAL_c_locale_date_time_format
                0x0000000000003be0        0xf C:/Program Files/SEGGER/SEGGER Embedded Studio for ARM 4.30a/lib/libc_v7em_fpv4_sp_d16_hard_t_le_eabi.a(libc2.o)
                0x0000000000003be0                __RAL_c_locale_date_time_format
 *fill*         0x0000000000003bef        0x1 
 .rodata.libc.__RAL_c_locale_day_names
                0x0000000000003bf0       0x3a C:/Program Files/SEGGER/SEGGER Embedded Studio for ARM 4.30a/lib/libc_v7em_fpv4_sp_d16_hard_t_le_eabi.a(libc2.o)
                0x0000000000003bf0                __RAL_c_locale_day_names
 *fill*         0x0000000000003c2a        0x2 
 .rodata.libc.__RAL_c_locale_month_names
                0x0000000000003c2c       0x57 C:/Program Files/SEGGER/SEGGER Embedded Studio for ARM 4.30a/lib/libc_v7em_fpv4_sp_d16_hard_t_le_eabi.a(libc2.o)
                0x0000000000003c2c                __RAL_c_locale_month_names
 *fill*         0x0000000000003c83        0x1 
 .rodata.libc.__RAL_c_locale_time_format
                0x0000000000003c84        0x9 C:/Program Files/SEGGER/SEGGER Embedded Studio for ARM 4.30a/lib/libc_v7em_fpv4_sp_d16_hard_t_le_eabi.a(libc2.o)
                0x0000000000003c84                __RAL_c_locale_time_format
 *fill*         0x0000000000003c8d        0x3 
 .rodata.libc.__RAL_codeset_ascii
                0x0000000000003c90       0x20 C:/Program Files/SEGGER/SEGGER Embedded Studio for ARM 4.30a/lib/libc_v7em_fpv4_sp_d16_hard_t_le_eabi.a(libc2.o)
                0x0000000000003c90                __RAL_codeset_ascii
 .rodata.libc.__RAL_data_empty_string
                0x0000000000003cb0        0x1 C:/Program Files/SEGGER/SEGGER Embedded Studio for ARM 4.30a/lib/libc_v7em_fpv4_sp_d16_hard_t_le_eabi.a(libc2.o)
                0x0000000000003cb0                __RAL_data_empty_string
 *fill*         0x0000000000003cb1        0x3 
 .rodata.libc.__RAL_data_utf8_period
                0x0000000000003cb4        0x2 C:/Program Files/SEGGER/SEGGER Embedded Studio for ARM 4.30a/lib/libc_v7em_fpv4_sp_d16_hard_t_le_eabi.a(libc2.o)
                0x0000000000003cb4                __RAL_data_utf8_period
 *fill*         0x0000000000003cb6        0x2 
 .rodata.libc.__RAL_find_locale.str1.4
                0x0000000000003cb8        0xc C:/Program Files/SEGGER/SEGGER Embedded Studio for ARM 4.30a/lib/libc_v7em_fpv4_sp_d16_hard_t_le_eabi.a(libc2.o)
                                          0xa (size before relaxing)
                0x0000000000003cc4                __rodata_end__ = (__rodata_start__ + SIZEOF (.rodata))
                0x0000000000000a20                __rodata_size__ = SIZEOF (.rodata)
                0x0000000000003cc4                __rodata_load_end__ = __rodata_end__

.rel.dyn        0x0000000000003cc4        0x0
 .rel.iplt      0x0000000000003cc4        0x0 Output/twi_scanner_pca10040 Release/Obj/thumb_crt0.o
                0x0000000000000001                . = ASSERT (((__rodata_start__ == __rodata_end__) || ((__rodata_end__ - __FLASH_segment_start__) <= __FLASH_segment_size__)), error: .rodata is too large to fit in FLASH memory segment)
                0x0000000000003cc4                __ARM.exidx_load_start__ = ALIGN (__rodata_end__, 0x4)

.ARM.exidx      0x0000000000003cc4        0x0
                0x0000000000003cc4                __ARM.exidx_start__ = .
                0x0000000000003cc4                __exidx_start = __ARM.exidx_start__
 *(.ARM.exidx .ARM.exidx.*)
                0x0000000000003cc4                __ARM.exidx_end__ = (__ARM.exidx_start__ + SIZEOF (.ARM.exidx))
                0x0000000000000000                __ARM.exidx_size__ = SIZEOF (.ARM.exidx)
                0x0000000000003cc4                __exidx_end = __ARM.exidx_end__
                0x0000000000003cc4                __ARM.exidx_load_end__ = __ARM.exidx_end__
                0x0000000000000001                . = ASSERT (((__ARM.exidx_start__ == __ARM.exidx_end__) || ((__ARM.exidx_end__ - __FLASH_segment_start__) <= __FLASH_segment_size__)), error: .ARM.exidx is too large to fit in FLASH memory segment)
                0x0000000000003cc4                __fast_load_start__ = ALIGN (__ARM.exidx_end__, 0x4)

.fast           0x0000000020000000        0x0 load address 0x0000000000003cc4
                0x0000000020000000                __fast_start__ = .
 *(.fast .fast.*)
                0x0000000020000000                __fast_end__ = (__fast_start__ + SIZEOF (.fast))
                0x0000000000000000                __fast_size__ = SIZEOF (.fast)
                0x0000000000003cc4                __fast_load_end__ = (__fast_load_start__ + SIZEOF (.fast))
                0x0000000000000001                . = ASSERT (((__fast_load_start__ == __fast_load_end__) || ((__fast_load_end__ - __FLASH_segment_start__) <= __FLASH_segment_size__)), error: .fast is too large to fit in FLASH memory segment)

.fast_run       0x0000000020000000        0x0
                0x0000000020000000                __fast_run_start__ = .
                0x0000000020000000                . = MAX ((__fast_run_start__ + SIZEOF (.fast)), .)
                0x0000000020000000                __fast_run_end__ = (__fast_run_start__ + SIZEOF (.fast_run))
                0x0000000000000000                __fast_run_size__ = SIZEOF (.fast_run)
                0x0000000020000000                __fast_run_load_end__ = __fast_run_end__
                0x0000000000000001                . = ASSERT (((__fast_run_start__ == __fast_run_end__) || ((__fast_run_end__ - __RAM_segment_start__) <= __RAM_segment_size__)), error: .fast_run is too large to fit in RAM memory segment)
                0x0000000000003cc4                __data_load_start__ = ALIGN ((__fast_load_start__ + SIZEOF (.fast)), 0x4)

.data           0x0000000020000000       0x34 load address 0x0000000000003cc4
                0x0000000020000000                __data_start__ = .
 *(.data .data.* .gnu.linkonce.d.*)
 .data.m_uart   0x0000000020000000       0x14 Output/twi_scanner_pca10040 Release/Obj/nrf_log_backend_uart.o
                0x0000000020000000                m_uart
 .data.log_backend_cb_uart_log_backend
                0x0000000020000014        0x8 Output/twi_scanner_pca10040 Release/Obj/nrf_log_default_backends.o
 .data.SystemCoreClock
                0x000000002000001c        0x4 Output/twi_scanner_pca10040 Release/Obj/system_nrf52.o
                0x000000002000001c                SystemCoreClock
 .data.libc.__RAL_global_locale
                0x0000000020000020       0x14 C:/Program Files/SEGGER/SEGGER Embedded Studio for ARM 4.30a/lib/libc_v7em_fpv4_sp_d16_hard_t_le_eabi.a(libc2.o)
                0x0000000020000020                __RAL_global_locale
                0x0000000020000034                __data_end__ = (__data_start__ + SIZEOF (.data))
                0x0000000000000034                __data_size__ = SIZEOF (.data)
                0x0000000000003cf8                __data_load_end__ = (__data_load_start__ + SIZEOF (.data))

.igot.plt       0x0000000100000000        0x0
 .igot.plt      0x0000000100000000        0x0 Output/twi_scanner_pca10040 Release/Obj/thumb_crt0.o
                0x0000000000000001                . = ASSERT (((__data_load_start__ == __data_load_end__) || ((__data_load_end__ - __FLASH_segment_start__) <= __FLASH_segment_size__)), error: .data is too large to fit in FLASH memory segment)

.data_run       0x0000000020000000       0x34 load address 0x0000000000003cc4
                0x0000000020000000                __data_run_start__ = .
                0x0000000020000034                . = MAX ((__data_run_start__ + SIZEOF (.data)), .)
 *fill*         0x0000000020000000       0x34 
                0x0000000020000034                __data_run_end__ = (__data_run_start__ + SIZEOF (.data_run))
                0x0000000000000034                __data_run_size__ = SIZEOF (.data_run)
                0x0000000020000034                __data_run_load_end__ = __data_run_end__
                0x0000000000000001                . = ASSERT (((__data_run_start__ == __data_run_end__) || ((__data_run_end__ - __RAM_segment_start__) <= __RAM_segment_size__)), error: .data_run is too large to fit in RAM memory segment)
                0x0000000000003cf8                __tdata_load_start__ = ALIGN ((__data_load_start__ + SIZEOF (.data)), 0x4)

.tdata          0x0000000020000034        0x0 load address 0x0000000000003cf8
                0x0000000020000034                __tdata_start__ = .
 *(.tdata .tdata.*)
                0x0000000020000034                __tdata_end__ = (__tdata_start__ + SIZEOF (.tdata))
                0x0000000000000000                __tdata_size__ = SIZEOF (.tdata)
                0x0000000000003cf8                __tdata_load_end__ = (__tdata_load_start__ + SIZEOF (.tdata))
                0x0000000000003cf8                __FLASH_segment_used_end__ = (ALIGN ((__data_load_start__ + SIZEOF (.data)), 0x4) + SIZEOF (.tdata))
                0x0000000000003cf8                __FLASH_segment_used_size__ = (__FLASH_segment_used_end__ - __FLASH_segment_start__)
                0x0000000000000001                . = ASSERT (((__tdata_load_start__ == __tdata_load_end__) || ((__tdata_load_end__ - __FLASH_segment_start__) <= __FLASH_segment_size__)), error: .tdata is too large to fit in FLASH memory segment)

.tdata_run      0x0000000020000034        0x0
                0x0000000020000034                __tdata_run_start__ = .
                0x0000000020000034                . = MAX ((__tdata_run_start__ + SIZEOF (.tdata)), .)
                0x0000000020000034                __tdata_run_end__ = (__tdata_run_start__ + SIZEOF (.tdata_run))
                0x0000000000000000                __tdata_run_size__ = SIZEOF (.tdata_run)
                0x0000000020000034                __tdata_run_load_end__ = __tdata_run_end__
                0x0000000000000001                . = ASSERT (((__tdata_run_start__ == __tdata_run_end__) || ((__tdata_run_end__ - __RAM_segment_start__) <= __RAM_segment_size__)), error: .tdata_run is too large to fit in RAM memory segment)
                0x0000000020000034                __bss_load_start__ = ALIGN (__tdata_run_end__, 0x4)

.bss            0x0000000020000034      0x737
                0x0000000020000034                __bss_start__ = .
 *(.bss .bss.* .gnu.linkonce.b.*)
 .bss.m_async_mode
                0x0000000020000034        0x1 Output/twi_scanner_pca10040 Release/Obj/nrf_log_backend_uart.o
 .bss.m_string_buff
                0x0000000020000035       0x40 Output/twi_scanner_pca10040 Release/Obj/nrf_log_backend_uart.o
 .bss.m_xfer_done
                0x0000000020000075        0x1 Output/twi_scanner_pca10040 Release/Obj/nrf_log_backend_uart.o
 *fill*         0x0000000020000076        0x2 
 .bss.log_mempool_nrf_balloc_cb
                0x0000000020000078        0x8 Output/twi_scanner_pca10040 Release/Obj/nrf_log_frontend.o
 .bss.log_mempool_nrf_balloc_pool_mem
                0x0000000020000080       0xc0 Output/twi_scanner_pca10040 Release/Obj/nrf_log_frontend.o
 .bss.log_mempool_nrf_balloc_pool_stack
                0x0000000020000140        0x8 Output/twi_scanner_pca10040 Release/Obj/nrf_log_frontend.o
 .bss.m_log_data
                0x0000000020000148      0x424 Output/twi_scanner_pca10040 Release/Obj/nrf_log_frontend.o
 .bss.m_log_push_ringbuf_buf
                0x000000002000056c       0x80 Output/twi_scanner_pca10040 Release/Obj/nrf_log_frontend.o
 .bss.m_log_push_ringbuf_cb
                0x00000000200005ec       0x18 Output/twi_scanner_pca10040 Release/Obj/nrf_log_frontend.o
 .bss.m_error_data.7426
                0x0000000020000604       0x20 Output/twi_scanner_pca10040 Release/Obj/app_error.o
 .bss.m_in_critical_region
                0x0000000020000624        0x4 Output/twi_scanner_pca10040 Release/Obj/app_util_platform.o
 .bss.m_contexts
                0x0000000020000628        0x8 Output/twi_scanner_pca10040 Release/Obj/nrf_drv_twi.o
 .bss.m_handlers
                0x0000000020000630        0x8 Output/twi_scanner_pca10040 Release/Obj/nrf_drv_twi.o
 .bss.m_contexts
                0x0000000020000638        0x4 Output/twi_scanner_pca10040 Release/Obj/nrf_drv_uart.o
 .bss.m_handlers
                0x000000002000063c        0x4 Output/twi_scanner_pca10040 Release/Obj/nrf_drv_uart.o
 .bss.nrf_drv_uart_use_easy_dma
                0x0000000020000640        0x1 Output/twi_scanner_pca10040 Release/Obj/nrf_drv_uart.o
                0x0000000020000640                nrf_drv_uart_use_easy_dma
 *fill*         0x0000000020000641        0x3 
 .bss.m_prs_box_4
                0x0000000020000644        0x8 Output/twi_scanner_pca10040 Release/Obj/nrfx_prs.o
 .bss.m_cb      0x000000002000064c       0x68 Output/twi_scanner_pca10040 Release/Obj/nrfx_twim.o
 .bss.m_cb      0x00000000200006b4       0x2c Output/twi_scanner_pca10040 Release/Obj/nrfx_uart.o
 .bss.m_cb      0x00000000200006e0       0x24 Output/twi_scanner_pca10040 Release/Obj/nrfx_uarte.o
 .bss.m_cb      0x0000000020000704       0x18 Output/twi_scanner_pca10040 Release/Obj/nrfx_i2s.o
 .bss.m_cb      0x000000002000071c       0x4c Output/twi_scanner_pca10040 Release/Obj/nrfx_gpiote.o
 .bss.is_irq_extension
                0x0000000020000768        0x1 Output/twi_scanner_pca10040 Release/Obj/main.o
                0x0000000020000768                is_irq_extension
 .bss.twi_rx_done
                0x0000000020000769        0x1 Output/twi_scanner_pca10040 Release/Obj/nrf_drv_mpu_twi.o
 .bss.twi_tx_done
                0x000000002000076a        0x1 Output/twi_scanner_pca10040 Release/Obj/nrf_drv_mpu_twi.o
 *(COMMON)
                0x000000002000076b                __bss_end__ = (__bss_start__ + SIZEOF (.bss))
                0x0000000000000737                __bss_size__ = SIZEOF (.bss)
                0x000000002000076b                __bss_load_end__ = __bss_end__
                0x0000000000000001                . = ASSERT (((__bss_start__ == __bss_end__) || ((__bss_end__ - __RAM_segment_start__) <= __RAM_segment_size__)), error: .bss is too large to fit in RAM memory segment)
                0x000000002000076c                __tbss_load_start__ = ALIGN (__bss_end__, 0x4)

.tbss           0x000000002000076c        0x0
                0x000000002000076c                __tbss_start__ = .
 *(.tbss .tbss.*)
                0x000000002000076c                __tbss_end__ = (__tbss_start__ + SIZEOF (.tbss))
                0x0000000000000000                __tbss_size__ = SIZEOF (.tbss)
                0x000000002000076c                __tbss_load_end__ = __tbss_end__
                0x0000000000000001                . = ASSERT (((__tbss_start__ == __tbss_end__) || ((__tbss_end__ - __RAM_segment_start__) <= __RAM_segment_size__)), error: .tbss is too large to fit in RAM memory segment)
                0x000000002000076c                __non_init_load_start__ = ALIGN (__tbss_end__, 0x4)

.non_init       0x000000002000076c        0x0
                0x000000002000076c                __non_init_start__ = .
 *(.non_init .non_init.*)
                0x000000002000076c                __non_init_end__ = (__non_init_start__ + SIZEOF (.non_init))
                0x0000000000000000                __non_init_size__ = SIZEOF (.non_init)
                0x000000002000076c                __non_init_load_end__ = __non_init_end__
                0x0000000000000001                . = ASSERT (((__non_init_start__ == __non_init_end__) || ((__non_init_end__ - __RAM_segment_start__) <= __RAM_segment_size__)), error: .non_init is too large to fit in RAM memory segment)
                0x000000002000076c                __heap_load_start__ = ALIGN (__non_init_end__, 0x4)

.heap           0x000000002000076c     0x2000
                0x000000002000076c                __heap_start__ = .
 *(.heap .heap.*)
                0x000000002000276c                . = ALIGN (MAX ((__heap_start__ + __HEAPSIZE__), .), 0x4)
 *fill*         0x000000002000076c     0x2000 
                0x000000002000276c                __heap_end__ = (__heap_start__ + SIZEOF (.heap))
                0x0000000000002000                __heap_size__ = SIZEOF (.heap)
                0x000000002000276c                __heap_load_end__ = __heap_end__
                0x0000000000000001                . = ASSERT (((__heap_start__ == __heap_end__) || ((__heap_end__ - __RAM_segment_start__) <= __RAM_segment_size__)), error: .heap is too large to fit in RAM memory segment)
                0x000000002000e000                __stack_load_start__ = (__RAM_segment_start__ + (__RAM_segment_size__ - 0x2000))

.stack          0x000000002000e000     0x2000
                0x000000002000e000                __stack_start__ = .
                0x000000002000e000                __StackLimit = __stack_start__
 *(.stack .stack.*)
                0x0000000020010000                . = ALIGN (MAX ((__stack_start__ + __STACKSIZE__), .), 0x8)
 *fill*         0x000000002000e000     0x2000 
                0x0000000020010000                __stack_end__ = (__stack_start__ + SIZEOF (.stack))
                0x0000000000002000                __stack_size__ = SIZEOF (.stack)
                0x0000000020010000                __StackTop = __stack_end__
                0x0000000020010000                __stack_load_end__ = __stack_end__
                0x0000000000000001                . = ASSERT (((__stack_start__ == __stack_end__) || ((__stack_end__ - __RAM_segment_start__) <= __RAM_segment_size__)), error: .stack is too large to fit in RAM memory segment)
                0x0000000000000001                . = ASSERT ((__heap_end__ <= __stack_start__), error: section .heap overlaps absolute placed section .stack)
                0x0000000020010000                __stack_process_load_start__ = ALIGN (__stack_end__, 0x8)

.stack_process  0x0000000020010000        0x0
                0x0000000020010000                __stack_process_start__ = .
 *(.stack_process .stack_process.*)
                0x0000000020010000                . = ALIGN (MAX ((__stack_process_start__ + __STACKSIZE_PROCESS__), .), 0x8)
                0x0000000020010000                __stack_process_end__ = (__stack_process_start__ + SIZEOF (.stack_process))
                0x0000000000000000                __stack_process_size__ = SIZEOF (.stack_process)
                0x0000000020010000                __stack_process_load_end__ = __stack_process_end__
                0x0000000020010000                __RAM_segment_used_end__ = (ALIGN (__stack_end__, 0x8) + SIZEOF (.stack_process))
                0x0000000000010000                __RAM_segment_used_size__ = (__RAM_segment_used_end__ - __RAM_segment_start__)
                0x0000000000000001                . = ASSERT (((__stack_process_start__ == __stack_process_end__) || ((__stack_process_end__ - __RAM_segment_start__) <= __RAM_segment_size__)), error: .stack_process is too large to fit in RAM memory segment)
START GROUP
LOAD Output/twi_scanner_pca10040 Release/Obj/thumb_crt0.o
LOAD Output/twi_scanner_pca10040 Release/Obj/nrf_log_backend_rtt.o
LOAD Output/twi_scanner_pca10040 Release/Obj/nrf_log_backend_serial.o
LOAD Output/twi_scanner_pca10040 Release/Obj/nrf_log_backend_uart.o
LOAD Output/twi_scanner_pca10040 Release/Obj/nrf_log_default_backends.o
LOAD Output/twi_scanner_pca10040 Release/Obj/nrf_log_frontend.o
LOAD Output/twi_scanner_pca10040 Release/Obj/nrf_log_str_formatter.o
LOAD Output/twi_scanner_pca10040 Release/Obj/boards.o
LOAD Output/twi_scanner_pca10040 Release/Obj/app_error.o
LOAD Output/twi_scanner_pca10040 Release/Obj/app_error_handler_gcc.o
LOAD Output/twi_scanner_pca10040 Release/Obj/app_error_weak.o
LOAD Output/twi_scanner_pca10040 Release/Obj/app_util_platform.o
LOAD Output/twi_scanner_pca10040 Release/Obj/nrf_assert.o
LOAD Output/twi_scanner_pca10040 Release/Obj/nrf_atomic.o
LOAD Output/twi_scanner_pca10040 Release/Obj/nrf_balloc.o
LOAD Output/twi_scanner_pca10040 Release/Obj/nrf_fprintf.o
LOAD Output/twi_scanner_pca10040 Release/Obj/nrf_fprintf_format.o
LOAD Output/twi_scanner_pca10040 Release/Obj/nrf_memobj.o
LOAD Output/twi_scanner_pca10040 Release/Obj/nrf_ringbuf.o
LOAD Output/twi_scanner_pca10040 Release/Obj/nrf_strerror.o
LOAD Output/twi_scanner_pca10040 Release/Obj/nrf_drv_twi.o
LOAD Output/twi_scanner_pca10040 Release/Obj/nrf_drv_uart.o
LOAD Output/twi_scanner_pca10040 Release/Obj/nrfx_atomic.o
LOAD Output/twi_scanner_pca10040 Release/Obj/nrfx_prs.o
LOAD Output/twi_scanner_pca10040 Release/Obj/nrfx_twi.o
LOAD Output/twi_scanner_pca10040 Release/Obj/nrfx_twim.o
LOAD Output/twi_scanner_pca10040 Release/Obj/nrfx_uart.o
LOAD Output/twi_scanner_pca10040 Release/Obj/nrfx_uarte.o
LOAD Output/twi_scanner_pca10040 Release/Obj/nrfx_i2s.o
LOAD Output/twi_scanner_pca10040 Release/Obj/nrfx_gpiote.o
LOAD Output/twi_scanner_pca10040 Release/Obj/main.o
LOAD Output/twi_scanner_pca10040 Release/Obj/SEGGER_RTT.o
LOAD Output/twi_scanner_pca10040 Release/Obj/SEGGER_RTT_Syscalls_SES.o
LOAD Output/twi_scanner_pca10040 Release/Obj/SEGGER_RTT_printf.o
LOAD Output/twi_scanner_pca10040 Release/Obj/ses_startup_nrf52.o
LOAD Output/twi_scanner_pca10040 Release/Obj/ses_startup_nrf_common.o
LOAD Output/twi_scanner_pca10040 Release/Obj/system_nrf52.o
LOAD Output/twi_scanner_pca10040 Release/Obj/nrf_ws2812.o
LOAD Output/twi_scanner_pca10040 Release/Obj/nrf_drv_mpu_twi.o
LOAD C:/Program Files/SEGGER/SEGGER Embedded Studio for ARM 4.30a/lib/libdebugio_mempoll_v7em_fpv4_sp_d16_hard_t_le_eabi.a
LOAD C:/Program Files/SEGGER/SEGGER Embedded Studio for ARM 4.30a/lib/libm_v7em_fpv4_sp_d16_hard_t_le_eabi.a
LOAD C:/Program Files/SEGGER/SEGGER Embedded Studio for ARM 4.30a/lib/libc_v7em_fpv4_sp_d16_hard_t_le_eabi.a
LOAD C:/Program Files/SEGGER/SEGGER Embedded Studio for ARM 4.30a/lib/libcpp_v7em_fpv4_sp_d16_hard_t_le_eabi.a
LOAD C:/Program Files/SEGGER/SEGGER Embedded Studio for ARM 4.30a/lib/libdebugio_v7em_fpv4_sp_d16_hard_t_le_eabi.a
LOAD C:/Program Files/SEGGER/SEGGER Embedded Studio for ARM 4.30a/lib/libvfprintf_v7em_fpv4_sp_d16_hard_t_le_eabi.o
LOAD C:/Program Files/SEGGER/SEGGER Embedded Studio for ARM 4.30a/lib/libvfscanf_v7em_fpv4_sp_d16_hard_t_le_eabi.o
END GROUP
OUTPUT(Output/Release/Exe/twi_scanner_pca10040.elf elf32-littlearm)

.ARM.attributes
                0x0000000000000000       0x35
 .ARM.attributes
                0x0000000000000000       0x25 Output/twi_scanner_pca10040 Release/Obj/thumb_crt0.o
 .ARM.attributes
                0x0000000000000025       0x39 Output/twi_scanner_pca10040 Release/Obj/nrf_log_backend_serial.o
 .ARM.attributes
                0x000000000000005e       0x39 Output/twi_scanner_pca10040 Release/Obj/nrf_log_backend_uart.o
 .ARM.attributes
                0x0000000000000097       0x39 Output/twi_scanner_pca10040 Release/Obj/nrf_log_default_backends.o
 .ARM.attributes
                0x00000000000000d0       0x39 Output/twi_scanner_pca10040 Release/Obj/nrf_log_frontend.o
 .ARM.attributes
                0x0000000000000109       0x39 Output/twi_scanner_pca10040 Release/Obj/nrf_log_str_formatter.o
 .ARM.attributes
                0x0000000000000142       0x39 Output/twi_scanner_pca10040 Release/Obj/app_error.o
 .ARM.attributes
                0x000000000000017b       0x39 Output/twi_scanner_pca10040 Release/Obj/app_error_handler_gcc.o
 .ARM.attributes
                0x00000000000001b4       0x39 Output/twi_scanner_pca10040 Release/Obj/app_error_weak.o
 .ARM.attributes
                0x00000000000001ed       0x39 Output/twi_scanner_pca10040 Release/Obj/app_util_platform.o
 .ARM.attributes
                0x0000000000000226       0x39 Output/twi_scanner_pca10040 Release/Obj/nrf_atomic.o
 .ARM.attributes
                0x000000000000025f       0x39 Output/twi_scanner_pca10040 Release/Obj/nrf_balloc.o
 .ARM.attributes
                0x0000000000000298       0x39 Output/twi_scanner_pca10040 Release/Obj/nrf_fprintf.o
 .ARM.attributes
                0x00000000000002d1       0x39 Output/twi_scanner_pca10040 Release/Obj/nrf_fprintf_format.o
 .ARM.attributes
                0x000000000000030a       0x39 Output/twi_scanner_pca10040 Release/Obj/nrf_memobj.o
 .ARM.attributes
                0x0000000000000343       0x39 Output/twi_scanner_pca10040 Release/Obj/nrf_ringbuf.o
 .ARM.attributes
                0x000000000000037c       0x39 Output/twi_scanner_pca10040 Release/Obj/nrf_strerror.o
 .ARM.attributes
                0x00000000000003b5       0x39 Output/twi_scanner_pca10040 Release/Obj/nrf_drv_twi.o
 .ARM.attributes
                0x00000000000003ee       0x39 Output/twi_scanner_pca10040 Release/Obj/nrf_drv_uart.o
 .ARM.attributes
                0x0000000000000427       0x39 Output/twi_scanner_pca10040 Release/Obj/nrfx_prs.o
 .ARM.attributes
                0x0000000000000460       0x39 Output/twi_scanner_pca10040 Release/Obj/nrfx_twim.o
 .ARM.attributes
                0x0000000000000499       0x39 Output/twi_scanner_pca10040 Release/Obj/nrfx_uart.o
 .ARM.attributes
                0x00000000000004d2       0x39 Output/twi_scanner_pca10040 Release/Obj/nrfx_uarte.o
 .ARM.attributes
                0x000000000000050b       0x39 Output/twi_scanner_pca10040 Release/Obj/nrfx_i2s.o
 .ARM.attributes
                0x0000000000000544       0x39 Output/twi_scanner_pca10040 Release/Obj/nrfx_gpiote.o
 .ARM.attributes
                0x000000000000057d       0x39 Output/twi_scanner_pca10040 Release/Obj/main.o
 .ARM.attributes
                0x00000000000005b6       0x25 Output/twi_scanner_pca10040 Release/Obj/ses_startup_nrf52.o
 .ARM.attributes
                0x00000000000005db       0x25 Output/twi_scanner_pca10040 Release/Obj/ses_startup_nrf_common.o
 .ARM.attributes
                0x0000000000000600       0x39 Output/twi_scanner_pca10040 Release/Obj/system_nrf52.o
 .ARM.attributes
                0x0000000000000639       0x39 Output/twi_scanner_pca10040 Release/Obj/nrf_drv_mpu_twi.o
 .ARM.attributes
                0x0000000000000672       0x34 C:/Program Files/SEGGER/SEGGER Embedded Studio for ARM 4.30a/lib/libc_v7em_fpv4_sp_d16_hard_t_le_eabi.a(libc2.o)
 .ARM.attributes
                0x00000000000006a6       0x20 C:/Program Files/SEGGER/SEGGER Embedded Studio for ARM 4.30a/lib/libc_v7em_fpv4_sp_d16_hard_t_le_eabi.a(libc2_asm.o)

.comment        0x0000000000000000       0x43
 .comment       0x0000000000000000       0x43 Output/twi_scanner_pca10040 Release/Obj/nrf_log_backend_serial.o
                                         0x44 (size before relaxing)
 .comment       0x0000000000000043       0x44 Output/twi_scanner_pca10040 Release/Obj/nrf_log_backend_uart.o
 .comment       0x0000000000000043       0x44 Output/twi_scanner_pca10040 Release/Obj/nrf_log_default_backends.o
 .comment       0x0000000000000043       0x44 Output/twi_scanner_pca10040 Release/Obj/nrf_log_frontend.o
 .comment       0x0000000000000043       0x44 Output/twi_scanner_pca10040 Release/Obj/nrf_log_str_formatter.o
 .comment       0x0000000000000043       0x44 Output/twi_scanner_pca10040 Release/Obj/app_error.o
 .comment       0x0000000000000043       0x44 Output/twi_scanner_pca10040 Release/Obj/app_error_handler_gcc.o
 .comment       0x0000000000000043       0x44 Output/twi_scanner_pca10040 Release/Obj/app_error_weak.o
 .comment       0x0000000000000043       0x44 Output/twi_scanner_pca10040 Release/Obj/app_util_platform.o
 .comment       0x0000000000000043       0x44 Output/twi_scanner_pca10040 Release/Obj/nrf_atomic.o
 .comment       0x0000000000000043       0x44 Output/twi_scanner_pca10040 Release/Obj/nrf_balloc.o
 .comment       0x0000000000000043       0x44 Output/twi_scanner_pca10040 Release/Obj/nrf_fprintf.o
 .comment       0x0000000000000043       0x44 Output/twi_scanner_pca10040 Release/Obj/nrf_fprintf_format.o
 .comment       0x0000000000000043       0x44 Output/twi_scanner_pca10040 Release/Obj/nrf_memobj.o
 .comment       0x0000000000000043       0x44 Output/twi_scanner_pca10040 Release/Obj/nrf_ringbuf.o
 .comment       0x0000000000000043       0x44 Output/twi_scanner_pca10040 Release/Obj/nrf_strerror.o
 .comment       0x0000000000000043       0x44 Output/twi_scanner_pca10040 Release/Obj/nrf_drv_twi.o
 .comment       0x0000000000000043       0x44 Output/twi_scanner_pca10040 Release/Obj/nrf_drv_uart.o
 .comment       0x0000000000000043       0x44 Output/twi_scanner_pca10040 Release/Obj/nrfx_prs.o
 .comment       0x0000000000000043       0x44 Output/twi_scanner_pca10040 Release/Obj/nrfx_twim.o
 .comment       0x0000000000000043       0x44 Output/twi_scanner_pca10040 Release/Obj/nrfx_uart.o
 .comment       0x0000000000000043       0x44 Output/twi_scanner_pca10040 Release/Obj/nrfx_uarte.o
 .comment       0x0000000000000043       0x44 Output/twi_scanner_pca10040 Release/Obj/nrfx_i2s.o
 .comment       0x0000000000000043       0x44 Output/twi_scanner_pca10040 Release/Obj/nrfx_gpiote.o
 .comment       0x0000000000000043       0x44 Output/twi_scanner_pca10040 Release/Obj/main.o
 .comment       0x0000000000000043       0x44 Output/twi_scanner_pca10040 Release/Obj/system_nrf52.o
 .comment       0x0000000000000043       0x44 Output/twi_scanner_pca10040 Release/Obj/nrf_drv_mpu_twi.o
 .comment       0x0000000000000043       0x44 C:/Program Files/SEGGER/SEGGER Embedded Studio for ARM 4.30a/lib/libc_v7em_fpv4_sp_d16_hard_t_le_eabi.a(libc2.o)

.debug_line     0x0000000000000000    0x116fb
 .debug_line    0x0000000000000000      0x1ee Output/twi_scanner_pca10040 Release/Obj/thumb_crt0.o
 .debug_line    0x00000000000001ee      0x6ef Output/twi_scanner_pca10040 Release/Obj/nrf_log_backend_serial.o
 .debug_line    0x00000000000008dd      0x96b Output/twi_scanner_pca10040 Release/Obj/nrf_log_backend_uart.o
 .debug_line    0x0000000000001248      0x5ed Output/twi_scanner_pca10040 Release/Obj/nrf_log_default_backends.o
 .debug_line    0x0000000000001835     0x12aa Output/twi_scanner_pca10040 Release/Obj/nrf_log_frontend.o
 .debug_line    0x0000000000002adf      0x7d6 Output/twi_scanner_pca10040 Release/Obj/nrf_log_str_formatter.o
 .debug_line    0x00000000000032b5      0x3e1 Output/twi_scanner_pca10040 Release/Obj/app_error.o
 .debug_line    0x0000000000003696      0x37d Output/twi_scanner_pca10040 Release/Obj/app_error_handler_gcc.o
 .debug_line    0x0000000000003a13      0x697 Output/twi_scanner_pca10040 Release/Obj/app_error_weak.o
 .debug_line    0x00000000000040aa      0x466 Output/twi_scanner_pca10040 Release/Obj/app_util_platform.o
 .debug_line    0x0000000000004510      0x638 Output/twi_scanner_pca10040 Release/Obj/nrf_atomic.o
 .debug_line    0x0000000000004b48      0x6d1 Output/twi_scanner_pca10040 Release/Obj/nrf_balloc.o
 .debug_line    0x0000000000005219      0x40c Output/twi_scanner_pca10040 Release/Obj/nrf_fprintf.o
 .debug_line    0x0000000000005625      0x851 Output/twi_scanner_pca10040 Release/Obj/nrf_fprintf_format.o
 .debug_line    0x0000000000005e76      0x7f9 Output/twi_scanner_pca10040 Release/Obj/nrf_memobj.o
 .debug_line    0x000000000000666f      0x797 Output/twi_scanner_pca10040 Release/Obj/nrf_ringbuf.o
 .debug_line    0x0000000000006e06      0x3fe Output/twi_scanner_pca10040 Release/Obj/nrf_strerror.o
 .debug_line    0x0000000000007204      0x8ed Output/twi_scanner_pca10040 Release/Obj/nrf_drv_twi.o
 .debug_line    0x0000000000007af1      0x69a Output/twi_scanner_pca10040 Release/Obj/nrf_drv_uart.o
 .debug_line    0x000000000000818b      0x764 Output/twi_scanner_pca10040 Release/Obj/nrfx_prs.o
 .debug_line    0x00000000000088ef     0x1692 Output/twi_scanner_pca10040 Release/Obj/nrfx_twim.o
 .debug_line    0x0000000000009f81     0x1797 Output/twi_scanner_pca10040 Release/Obj/nrfx_uart.o
 .debug_line    0x000000000000b718     0x16e8 Output/twi_scanner_pca10040 Release/Obj/nrfx_uarte.o
 .debug_line    0x000000000000ce00     0x1008 Output/twi_scanner_pca10040 Release/Obj/nrfx_i2s.o
 .debug_line    0x000000000000de08     0x1aac Output/twi_scanner_pca10040 Release/Obj/nrfx_gpiote.o
 .debug_line    0x000000000000f8b4      0xa42 Output/twi_scanner_pca10040 Release/Obj/main.o
 .debug_line    0x00000000000102f6       0xb8 Output/twi_scanner_pca10040 Release/Obj/ses_startup_nrf52.o
 .debug_line    0x00000000000103ae       0xda Output/twi_scanner_pca10040 Release/Obj/ses_startup_nrf_common.o
 .debug_line    0x0000000000010488      0x637 Output/twi_scanner_pca10040 Release/Obj/system_nrf52.o
 .debug_line    0x0000000000010abf      0xc3c Output/twi_scanner_pca10040 Release/Obj/nrf_drv_mpu_twi.o

.debug_info     0x0000000000000000    0x26ecc
 .debug_info    0x0000000000000000       0x22 Output/twi_scanner_pca10040 Release/Obj/thumb_crt0.o
 .debug_info    0x0000000000000022      0xea0 Output/twi_scanner_pca10040 Release/Obj/nrf_log_backend_serial.o
 .debug_info    0x0000000000000ec2     0x1885 Output/twi_scanner_pca10040 Release/Obj/nrf_log_backend_uart.o
 .debug_info    0x0000000000002747      0xa1a Output/twi_scanner_pca10040 Release/Obj/nrf_log_default_backends.o
 .debug_info    0x0000000000003161     0x29d0 Output/twi_scanner_pca10040 Release/Obj/nrf_log_frontend.o
 .debug_info    0x0000000000005b31     0x103d Output/twi_scanner_pca10040 Release/Obj/nrf_log_str_formatter.o
 .debug_info    0x0000000000006b6e      0x876 Output/twi_scanner_pca10040 Release/Obj/app_error.o
 .debug_info    0x00000000000073e4      0x6ea Output/twi_scanner_pca10040 Release/Obj/app_error_handler_gcc.o
 .debug_info    0x0000000000007ace      0xbf1 Output/twi_scanner_pca10040 Release/Obj/app_error_weak.o
 .debug_info    0x00000000000086bf      0xd5b Output/twi_scanner_pca10040 Release/Obj/app_util_platform.o
 .debug_info    0x000000000000941a      0xf1b Output/twi_scanner_pca10040 Release/Obj/nrf_atomic.o
 .debug_info    0x000000000000a335      0xae8 Output/twi_scanner_pca10040 Release/Obj/nrf_balloc.o
 .debug_info    0x000000000000ae1d      0x7e4 Output/twi_scanner_pca10040 Release/Obj/nrf_fprintf.o
 .debug_info    0x000000000000b601      0xcc6 Output/twi_scanner_pca10040 Release/Obj/nrf_fprintf_format.o
 .debug_info    0x000000000000c2c7      0xffc Output/twi_scanner_pca10040 Release/Obj/nrf_memobj.o
 .debug_info    0x000000000000d2c3      0xc18 Output/twi_scanner_pca10040 Release/Obj/nrf_ringbuf.o
 .debug_info    0x000000000000dedb      0x7a3 Output/twi_scanner_pca10040 Release/Obj/nrf_strerror.o
 .debug_info    0x000000000000e67e     0x1b36 Output/twi_scanner_pca10040 Release/Obj/nrf_drv_twi.o
 .debug_info    0x00000000000101b4     0x177a Output/twi_scanner_pca10040 Release/Obj/nrf_drv_uart.o
 .debug_info    0x000000000001192e      0xe6d Output/twi_scanner_pca10040 Release/Obj/nrfx_prs.o
 .debug_info    0x000000000001279b     0x3635 Output/twi_scanner_pca10040 Release/Obj/nrfx_twim.o
 .debug_info    0x0000000000015dd0     0x37fb Output/twi_scanner_pca10040 Release/Obj/nrfx_uart.o
 .debug_info    0x00000000000195cb     0x3970 Output/twi_scanner_pca10040 Release/Obj/nrfx_uarte.o
 .debug_info    0x000000000001cf3b     0x2804 Output/twi_scanner_pca10040 Release/Obj/nrfx_i2s.o
 .debug_info    0x000000000001f73f     0x3950 Output/twi_scanner_pca10040 Release/Obj/nrfx_gpiote.o
 .debug_info    0x000000000002308f      0xe5f Output/twi_scanner_pca10040 Release/Obj/main.o
 .debug_info    0x0000000000023eee       0x26 Output/twi_scanner_pca10040 Release/Obj/ses_startup_nrf52.o
 .debug_info    0x0000000000023f14       0x26 Output/twi_scanner_pca10040 Release/Obj/ses_startup_nrf_common.o
 .debug_info    0x0000000000023f3a     0x1202 Output/twi_scanner_pca10040 Release/Obj/system_nrf52.o
 .debug_info    0x000000000002513c     0x1d90 Output/twi_scanner_pca10040 Release/Obj/nrf_drv_mpu_twi.o

.debug_abbrev   0x0000000000000000     0x55f1
 .debug_abbrev  0x0000000000000000       0x12 Output/twi_scanner_pca10040 Release/Obj/thumb_crt0.o
 .debug_abbrev  0x0000000000000012      0x26b Output/twi_scanner_pca10040 Release/Obj/nrf_log_backend_serial.o
 .debug_abbrev  0x000000000000027d      0x39b Output/twi_scanner_pca10040 Release/Obj/nrf_log_backend_uart.o
 .debug_abbrev  0x0000000000000618      0x206 Output/twi_scanner_pca10040 Release/Obj/nrf_log_default_backends.o
 .debug_abbrev  0x000000000000081e      0x609 Output/twi_scanner_pca10040 Release/Obj/nrf_log_frontend.o
 .debug_abbrev  0x0000000000000e27      0x2a7 Output/twi_scanner_pca10040 Release/Obj/nrf_log_str_formatter.o
 .debug_abbrev  0x00000000000010ce      0x1d8 Output/twi_scanner_pca10040 Release/Obj/app_error.o
 .debug_abbrev  0x00000000000012a6      0x13e Output/twi_scanner_pca10040 Release/Obj/app_error_handler_gcc.o
 .debug_abbrev  0x00000000000013e4      0x249 Output/twi_scanner_pca10040 Release/Obj/app_error_weak.o
 .debug_abbrev  0x000000000000162d      0x2be Output/twi_scanner_pca10040 Release/Obj/app_util_platform.o
 .debug_abbrev  0x00000000000018eb      0x263 Output/twi_scanner_pca10040 Release/Obj/nrf_atomic.o
 .debug_abbrev  0x0000000000001b4e      0x29d Output/twi_scanner_pca10040 Release/Obj/nrf_balloc.o
 .debug_abbrev  0x0000000000001deb      0x1de Output/twi_scanner_pca10040 Release/Obj/nrf_fprintf.o
 .debug_abbrev  0x0000000000001fc9      0x368 Output/twi_scanner_pca10040 Release/Obj/nrf_fprintf_format.o
 .debug_abbrev  0x0000000000002331      0x281 Output/twi_scanner_pca10040 Release/Obj/nrf_memobj.o
 .debug_abbrev  0x00000000000025b2      0x1e7 Output/twi_scanner_pca10040 Release/Obj/nrf_ringbuf.o
 .debug_abbrev  0x0000000000002799      0x1a1 Output/twi_scanner_pca10040 Release/Obj/nrf_strerror.o
 .debug_abbrev  0x000000000000293a      0x417 Output/twi_scanner_pca10040 Release/Obj/nrf_drv_twi.o
 .debug_abbrev  0x0000000000002d51      0x274 Output/twi_scanner_pca10040 Release/Obj/nrf_drv_uart.o
 .debug_abbrev  0x0000000000002fc5      0x2f0 Output/twi_scanner_pca10040 Release/Obj/nrfx_prs.o
 .debug_abbrev  0x00000000000032b5      0x50a Output/twi_scanner_pca10040 Release/Obj/nrfx_twim.o
 .debug_abbrev  0x00000000000037bf      0x5c2 Output/twi_scanner_pca10040 Release/Obj/nrfx_uart.o
 .debug_abbrev  0x0000000000003d81      0x53a Output/twi_scanner_pca10040 Release/Obj/nrfx_uarte.o
 .debug_abbrev  0x00000000000042bb      0x48d Output/twi_scanner_pca10040 Release/Obj/nrfx_i2s.o
 .debug_abbrev  0x0000000000004748      0x5aa Output/twi_scanner_pca10040 Release/Obj/nrfx_gpiote.o
 .debug_abbrev  0x0000000000004cf2      0x29b Output/twi_scanner_pca10040 Release/Obj/main.o
 .debug_abbrev  0x0000000000004f8d       0x14 Output/twi_scanner_pca10040 Release/Obj/ses_startup_nrf52.o
 .debug_abbrev  0x0000000000004fa1       0x14 Output/twi_scanner_pca10040 Release/Obj/ses_startup_nrf_common.o
 .debug_abbrev  0x0000000000004fb5      0x24b Output/twi_scanner_pca10040 Release/Obj/system_nrf52.o
 .debug_abbrev  0x0000000000005200      0x3f1 Output/twi_scanner_pca10040 Release/Obj/nrf_drv_mpu_twi.o

.debug_aranges  0x0000000000000000      0x938
 .debug_aranges
                0x0000000000000000       0x80 Output/twi_scanner_pca10040 Release/Obj/thumb_crt0.o
 .debug_aranges
                0x0000000000000080       0x20 Output/twi_scanner_pca10040 Release/Obj/nrf_log_backend_serial.o
 .debug_aranges
                0x00000000000000a0       0x50 Output/twi_scanner_pca10040 Release/Obj/nrf_log_backend_uart.o
 .debug_aranges
                0x00000000000000f0       0x20 Output/twi_scanner_pca10040 Release/Obj/nrf_log_default_backends.o
 .debug_aranges
                0x0000000000000110       0xd0 Output/twi_scanner_pca10040 Release/Obj/nrf_log_frontend.o
 .debug_aranges
                0x00000000000001e0       0x40 Output/twi_scanner_pca10040 Release/Obj/nrf_log_str_formatter.o
 .debug_aranges
                0x0000000000000220       0x28 Output/twi_scanner_pca10040 Release/Obj/app_error.o
 .debug_aranges
                0x0000000000000248       0x20 Output/twi_scanner_pca10040 Release/Obj/app_error_handler_gcc.o
 .debug_aranges
                0x0000000000000268       0x20 Output/twi_scanner_pca10040 Release/Obj/app_error_weak.o
 .debug_aranges
                0x0000000000000288       0x48 Output/twi_scanner_pca10040 Release/Obj/app_util_platform.o
 .debug_aranges
                0x00000000000002d0       0xb0 Output/twi_scanner_pca10040 Release/Obj/nrf_atomic.o
 .debug_aranges
                0x0000000000000380       0x30 Output/twi_scanner_pca10040 Release/Obj/nrf_balloc.o
 .debug_aranges
                0x00000000000003b0       0x28 Output/twi_scanner_pca10040 Release/Obj/nrf_fprintf.o
 .debug_aranges
                0x00000000000003d8       0x30 Output/twi_scanner_pca10040 Release/Obj/nrf_fprintf_format.o
 .debug_aranges
                0x0000000000000408       0x58 Output/twi_scanner_pca10040 Release/Obj/nrf_memobj.o
 .debug_aranges
                0x0000000000000460       0x50 Output/twi_scanner_pca10040 Release/Obj/nrf_ringbuf.o
 .debug_aranges
                0x00000000000004b0       0x28 Output/twi_scanner_pca10040 Release/Obj/nrf_strerror.o
 .debug_aranges
                0x00000000000004d8       0x30 Output/twi_scanner_pca10040 Release/Obj/nrf_drv_twi.o
 .debug_aranges
                0x0000000000000508       0x30 Output/twi_scanner_pca10040 Release/Obj/nrf_drv_uart.o
 .debug_aranges
                0x0000000000000538       0x30 Output/twi_scanner_pca10040 Release/Obj/nrfx_prs.o
 .debug_aranges
                0x0000000000000568       0x90 Output/twi_scanner_pca10040 Release/Obj/nrfx_twim.o
 .debug_aranges
                0x00000000000005f8       0xa0 Output/twi_scanner_pca10040 Release/Obj/nrfx_uart.o
 .debug_aranges
                0x0000000000000698       0x78 Output/twi_scanner_pca10040 Release/Obj/nrfx_uarte.o
 .debug_aranges
                0x0000000000000710       0x48 Output/twi_scanner_pca10040 Release/Obj/nrfx_i2s.o
 .debug_aranges
                0x0000000000000758       0xf8 Output/twi_scanner_pca10040 Release/Obj/nrfx_gpiote.o
 .debug_aranges
                0x0000000000000850       0x28 Output/twi_scanner_pca10040 Release/Obj/main.o
 .debug_aranges